/webhook/venv/lib/python3.10/site-packages/danmaku_tools/danmaku_energy_map.py:24: DeprecationWarning: Please import `convolve` from the `scipy.ndimage` namespace; the `scipy.ndimage.filters` namespace is deprecated and will be removed in SciPy 2.0.0.
  from scipy.ndimage.filters import convolve
Building prefix dict from the default dictionary ...
Loading model from cache /tmp/jieba.cache
Loading model cost 0.547 seconds.
Prefix dict has been built successfully.
  0%|          | 0/16 [00:00<?, ?it/s]15
4
0
0
42
4
34
1
14
 56%|█████▋    | 9/16 [00:00<00:00, 79.20it/s]3
8
1
16
30
9
2
100%|██████████| 16/16 [00:00<00:00, 95.24it/s]

DanmakuFactory 1.70 CLI Release by hkm (hkm@tikm.org)
https://github.com/hihkm/DanmakuFactory

Input file(s):
Number|Template     |TimeShift|FileName
     1|xml          |   0.000s|/storage/32426326/20260730/32426326-20260730-003847-497.all.clean.xml

Output file:
Format|FileName
   ass|/storage/32426326/20260730/32426326-20260730-003847-497.all.ass

Loading files...
Loading file "/storage/32426326/20260730/32426326-20260730-003847-497.all.clean.xml"

File Loading Complete.. Danmaku Pool: 321

Sorting...

Writting file "/storage/32426326/20260730/32426326-20260730-003847-497.all.ass"...

Done!
