/webhook/venv/lib/python3.10/site-packages/danmaku_tools/danmaku_energy_map.py:24: DeprecationWarning: Please import `convolve` from the `scipy.ndimage` namespace; the `scipy.ndimage.filters` namespace is deprecated and will be removed in SciPy 2.0.0.
  from scipy.ndimage.filters import convolve
Building prefix dict from the default dictionary ...
Loading model from cache /tmp/jieba.cache
Loading model cost 0.546 seconds.
Prefix dict has been built successfully.
  0%|          | 0/78 [00:00<?, ?it/s]41
4
20
  4%|▍         | 3/78 [00:00<00:03, 24.69it/s]3
13
30
54
  9%|▉         | 7/78 [00:00<00:02, 29.67it/s]5
0
54
 13%|█▎        | 10/78 [00:00<00:02, 26.99it/s]7
11
0
64
 18%|█▊        | 14/78 [00:00<00:02, 26.31it/s]4
47
6
22
 23%|██▎       | 18/78 [00:00<00:02, 28.42it/s]2
11
15
15
44
 29%|██▉       | 23/78 [00:00<00:01, 34.21it/s]20
27
5
108
 35%|███▍      | 27/78 [00:01<00:03, 16.70it/s]27
57
4
 38%|███▊      | 30/78 [00:01<00:02, 18.60it/s]17
14
22
9
45
 45%|████▍     | 35/78 [00:01<00:01, 22.09it/s]45
40
26
 49%|████▊     | 38/78 [00:01<00:01, 21.66it/s]4
10
1
13
43
5
27
 58%|█████▊    | 45/78 [00:01<00:01, 30.29it/s]2
5
9
30
9
0
8
25
 68%|██████▊   | 53/78 [00:01<00:00, 39.94it/s]10
1
43
38
30
2
11
4
3
53
25
24
3
12
0
31
21
2
2
67
2
74
5
70
48
100%|██████████| 78/78 [00:00<00:00, 78.39it/s]

DanmakuFactory 1.70 CLI Release by hkm (hkm@tikm.org)
https://github.com/hihkm/DanmakuFactory

Input file(s):
Number|Template     |TimeShift|FileName
     1|xml          |   0.000s|/storage/32426326/20260605/32426326-20260605-151935-821.all.clean.xml

Output file:
Format|FileName
   ass|/storage/32426326/20260605/32426326-20260605-151935-821.all.ass

Loading files...
Loading file "/storage/32426326/20260605/32426326-20260605-151935-821.all.clean.xml"

File Loading Complete.. Danmaku Pool: 4295

Sorting...

Writting file "/storage/32426326/20260605/32426326-20260605-151935-821.all.ass"...

Done!
