/webhook/venv/lib/python3.10/site-packages/danmaku_tools/danmaku_energy_map.py:24: DeprecationWarning: Please import `convolve` from the `scipy.ndimage` namespace; the `scipy.ndimage.filters` namespace is deprecated and will be removed in SciPy 2.0.0.
  from scipy.ndimage.filters import convolve
Building prefix dict from the default dictionary ...
Loading model from cache /tmp/jieba.cache
Loading model cost 0.410 seconds.
Prefix dict has been built successfully.
  0%|          | 0/135 [00:00<?, ?it/s]10
0
7
19
1
2
28
0
6
0
2
0
5
29
16
 11%|█         | 15/135 [00:00<00:00, 123.75it/s]23
3
7
0
5
4
39
40
3
24
20
3
85
 21%|██        | 28/135 [00:00<00:01, 55.15it/s] 2
9
0
23
2
24
28
10
20
0
13
 29%|██▉       | 39/135 [00:00<00:01, 68.82it/s]38
19
1
15
37
0
3
1
16
 36%|███▌      | 48/135 [00:00<00:01, 74.36it/s]5
0
7
27
10
3
8
0
30
 42%|████▏     | 57/135 [00:00<00:01, 76.73it/s]4
28
0
5
3
11
30
2
0
32
 50%|████▉     | 67/135 [00:00<00:00, 79.37it/s]25
13
2
11
1
35
23
13
7
9
37
 58%|█████▊    | 78/135 [00:00<00:00, 86.76it/s]9
31
6
2
26
0
0
1
1
1
5
0
15
0
22
17
 70%|██████▉   | 94/135 [00:01<00:00, 94.25it/s]10
16
7
5
0
5
3
1
3
23
1
11
0
3
 80%|████████  | 108/135 [00:01<00:00, 105.39it/s]0
4
2
1
32
5
34
4
19
3
23
6
2
6
3
 91%|█████████ | 123/135 [00:01<00:00, 116.96it/s]3
10
4
10
25
2
11
5
19
3
35
0
100%|██████████| 135/135 [00:01<00:00, 91.77it/s] 
