/webhook/venv/lib/python3.10/site-packages/danmaku_tools/danmaku_energy_map.py:24: DeprecationWarning: Please import `convolve` from the `scipy.ndimage` namespace; the `scipy.ndimage.filters` namespace is deprecated and will be removed in SciPy 2.0.0.
  from scipy.ndimage.filters import convolve
Building prefix dict from the default dictionary ...
Loading model from cache /tmp/jieba.cache
Loading model cost 0.595 seconds.
Prefix dict has been built successfully.
  0%|          | 0/74 [00:00<?, ?it/s]14
1
80
  4%|▍         | 3/74 [00:00<00:04, 16.55it/s]84
23
  7%|▋         | 5/74 [00:00<00:04, 15.34it/s]20
12
47
 11%|█         | 8/74 [00:00<00:03, 19.87it/s]6
3
51
9
49
 18%|█▊        | 13/74 [00:00<00:02, 27.23it/s]25
12
64
 22%|██▏       | 16/74 [00:00<00:02, 22.54it/s]82
3
5
 26%|██▌       | 19/74 [00:00<00:02, 23.01it/s]38
51
1
 30%|██▉       | 22/74 [00:01<00:02, 22.70it/s]31
2
49
 34%|███▍      | 25/74 [00:01<00:02, 23.69it/s]29
14
20
144
 39%|███▉      | 29/74 [00:01<00:02, 19.22it/s]6
1
65
14
 45%|████▍     | 33/74 [00:01<00:01, 23.24it/s]33
2
48
11
 50%|█████     | 37/74 [00:01<00:01, 26.45it/s]58
2
17
 54%|█████▍    | 40/74 [00:01<00:01, 27.07it/s]6
0
2
11
7
58
6
 64%|██████▎   | 47/74 [00:01<00:00, 37.85it/s]42
4
13
4
15
 70%|███████   | 52/74 [00:01<00:00, 41.01it/s]0
6
1
11
31
1
29
 80%|███████▉  | 59/74 [00:02<00:00, 48.50it/s]2
0
4
41
2
0
 88%|████████▊ | 65/74 [00:02<00:00, 46.43it/s]19
48
25
2
6
 95%|█████████▍| 70/74 [00:02<00:00, 33.20it/s]3
4
19
47
100%|██████████| 74/74 [00:02<00:00, 29.50it/s]

DanmakuFactory 1.70 CLI Release by hkm (hkm@tikm.org)
https://github.com/hihkm/DanmakuFactory

Input file(s):
Number|Template     |TimeShift|FileName
     1|xml          |   0.000s|/storage/32426326/20260522/32426326-20260522-155104-981.all.clean.xml

Output file:
Format|FileName
   ass|/storage/32426326/20260522/32426326-20260522-155104-981.all.ass

Loading files...
Loading file "/storage/32426326/20260522/32426326-20260522-155104-981.all.clean.xml"

File Loading Complete.. Danmaku Pool: 4511

Sorting...

Writting file "/storage/32426326/20260522/32426326-20260522-155104-981.all.ass"...

Done!
