/webhook/venv/lib/python3.10/site-packages/danmaku_tools/danmaku_energy_map.py:24: DeprecationWarning: Please import `convolve` from the `scipy.ndimage` namespace; the `scipy.ndimage.filters` namespace is deprecated and will be removed in SciPy 2.0.0.
  from scipy.ndimage.filters import convolve
Building prefix dict from the default dictionary ...
Loading model from cache /tmp/jieba.cache
Loading model cost 0.441 seconds.
Prefix dict has been built successfully.
  0%|          | 0/87 [00:00<?, ?it/s]5
13
8
31
6
49
  7%|▋         | 6/87 [00:00<00:01, 48.17it/s]88
4
7
34
18
 13%|█▎        | 11/87 [00:00<00:02, 32.91it/s]14
3
11
54
12
2
66
 21%|██        | 18/87 [00:00<00:01, 40.52it/s]8
144
10
13
10
 26%|██▋       | 23/87 [00:00<00:02, 27.90it/s]29
24
15
3
1
3
26
 34%|███▍      | 30/87 [00:00<00:01, 36.98it/s]22
0
6
0
0
3
1
31
6
19
1
1
2
 49%|████▉     | 43/87 [00:00<00:00, 58.93it/s]3
0
52
2
4
6
8
14
1
26
4
14
 63%|██████▎   | 55/87 [00:01<00:00, 74.17it/s]30
0
2
34
2
37
28
16
6
 74%|███████▎  | 64/87 [00:01<00:00, 75.77it/s]7
0
26
19
3
25
13
1
24
15
 85%|████████▌ | 74/87 [00:01<00:00, 81.40it/s]9
25
16
4
6
22
61
35
31
 95%|█████████▌| 83/87 [00:01<00:00, 75.23it/s]37
5
36
38
100%|██████████| 87/87 [00:01<00:00, 59.87it/s]

DanmakuFactory 1.70 CLI Release by hkm (hkm@tikm.org)
https://github.com/hihkm/DanmakuFactory

Input file(s):
Number|Template     |TimeShift|FileName
     1|xml          |   0.000s|/storage/32426326/20251103/32426326-20251103-155549-151.all.clean.xml

Output file:
Format|FileName
   ass|/storage/32426326/20251103/32426326-20251103-155549-151.all.ass

Loading files...
Loading file "/storage/32426326/20251103/32426326-20251103-155549-151.all.clean.xml"

File Loading Complete.. Danmaku Pool: 3700

Sorting...

Writting file "/storage/32426326/20251103/32426326-20251103-155549-151.all.ass"...

Done!
