/webhook/venv/lib/python3.10/site-packages/danmaku_tools/danmaku_energy_map.py:24: DeprecationWarning: Please import `convolve` from the `scipy.ndimage` namespace; the `scipy.ndimage.filters` namespace is deprecated and will be removed in SciPy 2.0.0.
  from scipy.ndimage.filters import convolve
Building prefix dict from the default dictionary ...
Loading model from cache /tmp/jieba.cache
Loading model cost 0.390 seconds.
Prefix dict has been built successfully.
  0%|          | 0/73 [00:00<?, ?it/s]24
9
4
32
65
  7%|▋         | 5/73 [00:00<00:01, 49.97it/s]0
2
12
23
55
 14%|█▎        | 10/73 [00:00<00:01, 45.74it/s]7
2
70
13
0
 21%|██        | 15/73 [00:00<00:01, 43.66it/s]0
46
56
38
39
 27%|██▋       | 20/73 [00:00<00:01, 33.59it/s]36
31
1
228
 33%|███▎      | 24/73 [00:00<00:02, 23.34it/s]11
45
6
56
2
49
 41%|████      | 30/73 [00:00<00:01, 28.06it/s]194
56
92
58
 47%|████▋     | 34/73 [00:01<00:01, 23.12it/s]23
15
37
30
50
79
 55%|█████▍    | 40/73 [00:01<00:01, 26.98it/s]46
20
31
57
 60%|██████    | 44/73 [00:01<00:01, 27.83it/s]44
15
13
80
 66%|██████▌   | 48/73 [00:01<00:00, 29.60it/s]101
9
3
9
 71%|███████   | 52/73 [00:01<00:00, 29.68it/s]1
6
28
7
4
1
1
8
11
48
 85%|████████▍ | 62/73 [00:01<00:00, 45.51it/s]2
23
0
19
0
31
10
6
5
6
25
100%|██████████| 73/73 [00:01<00:00, 59.83it/s]100%|██████████| 73/73 [00:01<00:00, 36.93it/s]

DanmakuFactory 1.70 CLI Release by hkm (hkm@tikm.org)
https://github.com/hihkm/DanmakuFactory

Input file(s):
Number|Template     |TimeShift|FileName
     1|xml          |   0.000s|/storage/32426326/20250813/32426326-20250813-151554-469.all.clean.xml

Output file:
Format|FileName
   ass|/storage/32426326/20250813/32426326-20250813-151554-469.all.ass

Loading files...
Loading file "/storage/32426326/20250813/32426326-20250813-151554-469.all.clean.xml"

File Loading Complete.. Danmaku Pool: 5311

Sorting...

Writting file "/storage/32426326/20250813/32426326-20250813-151554-469.all.ass"...

Done!
