/webhook/venv/lib/python3.10/site-packages/danmaku_tools/danmaku_energy_map.py:24: DeprecationWarning: Please import `convolve` from the `scipy.ndimage` namespace; the `scipy.ndimage.filters` namespace is deprecated and will be removed in SciPy 2.0.0.
  from scipy.ndimage.filters import convolve
Building prefix dict from the default dictionary ...
Loading model from cache /tmp/jieba.cache
Loading model cost 0.422 seconds.
Prefix dict has been built successfully.
  0%|          | 0/84 [00:00<?, ?it/s]29
97
  2%|▏         | 2/84 [00:00<00:04, 19.45it/s]11
11
80
4
21
110
 10%|▉         | 8/84 [00:00<00:03, 24.85it/s]45
25
6
9
1
13
1
1
2
86
 21%|██▏       | 18/84 [00:00<00:01, 42.12it/s]9
4
0
19
29
28
66
 30%|██▉       | 25/84 [00:00<00:01, 46.01it/s]5
2
18
38
3
3
2
21
19
30
 42%|████▏     | 35/84 [00:00<00:00, 57.01it/s]6
89
59
69
5
11
 49%|████▉     | 41/84 [00:01<00:01, 39.48it/s]33
10
22
3
19
1
41
 57%|█████▋    | 48/84 [00:01<00:00, 45.69it/s]38
5
24
1
22
20
34
 65%|██████▌   | 55/84 [00:01<00:00, 49.22it/s]15
12
16
7
40
10
87
 74%|███████▍  | 62/84 [00:01<00:00, 49.63it/s]47
141
1
31
38
55
 81%|████████  | 68/84 [00:01<00:00, 37.88it/s]9
136
28
0
21
 87%|████████▋ | 73/84 [00:01<00:00, 37.00it/s]10
72
2
1
19
11
 94%|█████████▍| 79/84 [00:01<00:00, 41.01it/s]5
1
37
10
75
100%|██████████| 84/84 [00:01<00:00, 42.58it/s]

DanmakuFactory 1.70 CLI Release by hkm (hkm@tikm.org)
https://github.com/hihkm/DanmakuFactory

Input file(s):
Number|Template     |TimeShift|FileName
     1|xml          |   0.000s|/storage/32426326/20260323/32426326-20260323-151622-890.all.clean.xml

Output file:
Format|FileName
   ass|/storage/32426326/20260323/32426326-20260323-151622-890.all.ass

Loading files...
Loading file "/storage/32426326/20260323/32426326-20260323-151622-890.all.clean.xml"

File Loading Complete.. Danmaku Pool: 5340

Sorting...

Writting file "/storage/32426326/20260323/32426326-20260323-151622-890.all.ass"...

Done!
