/webhook/venv/lib/python3.10/site-packages/danmaku_tools/danmaku_energy_map.py:24: DeprecationWarning: Please import `convolve` from the `scipy.ndimage` namespace; the `scipy.ndimage.filters` namespace is deprecated and will be removed in SciPy 2.0.0.
  from scipy.ndimage.filters import convolve
Building prefix dict from the default dictionary ...
Loading model from cache /tmp/jieba.cache
Loading model cost 0.385 seconds.
Prefix dict has been built successfully.
  0%|          | 0/106 [00:00<?, ?it/s]29
5
3
1
5
11
1
0
3
1
18
25
 11%|█▏        | 12/106 [00:00<00:00, 101.21it/s]11
23
3
1
10
19
17
3
0
35
30
 22%|██▏       | 23/106 [00:00<00:01, 67.84it/s] 0
1
18
47
46
24
0
0
 29%|██▉       | 31/106 [00:00<00:01, 60.69it/s]0
2
3
5
1
69
22
 36%|███▌      | 38/106 [00:00<00:01, 59.89it/s]0
16
32
3
0
17
1
27
 43%|████▎     | 46/106 [00:00<00:01, 55.47it/s]0
10
2
1
0
2
8
15
0
6
12
17
 55%|█████▍    | 58/106 [00:00<00:00, 68.50it/s]11
12
11
29
27
13
7
0
5
 63%|██████▎   | 67/106 [00:00<00:00, 73.67it/s]0
24
6
3
48
1
42
1
 71%|███████   | 75/106 [00:01<00:00, 66.18it/s]3
1
25
0
2
4
34
19
9
0
20
 81%|████████  | 86/106 [00:01<00:00, 73.94it/s]18
1
24
3
12
2
0
6
19
0
1
0
3
10
27
25
 96%|█████████▌| 102/106 [00:01<00:00, 90.77it/s]7
16
0
13
100%|██████████| 106/106 [00:01<00:00, 75.77it/s]

DanmakuFactory 1.70 CLI Release by hkm (hkm@tikm.org)
https://github.com/hihkm/DanmakuFactory

Input file(s):
Number|Template     |TimeShift|FileName
     1|xml          |   0.000s|/storage/32426326/20251127/32426326-20251127-150146-619.all.clean.xml

Output file:
Format|FileName
   ass|/storage/32426326/20251127/32426326-20251127-150146-619.all.ass

Loading files...
Loading file "/storage/32426326/20251127/32426326-20251127-150146-619.all.clean.xml"

File Loading Complete.. Danmaku Pool: 3021

Sorting...

Writting file "/storage/32426326/20251127/32426326-20251127-150146-619.all.ass"...

Done!
