/webhook/venv/lib/python3.10/site-packages/danmaku_tools/danmaku_energy_map.py:24: DeprecationWarning: Please import `convolve` from the `scipy.ndimage` namespace; the `scipy.ndimage.filters` namespace is deprecated and will be removed in SciPy 2.0.0.
  from scipy.ndimage.filters import convolve
Building prefix dict from the default dictionary ...
Loading model from cache /tmp/jieba.cache
Loading model cost 0.628 seconds.
Prefix dict has been built successfully.
  0%|          | 0/195 [00:00<?, ?it/s]16
68
103
  2%|▏         | 3/195 [00:00<00:11, 16.08it/s]8
8
  3%|▎         | 5/195 [00:00<00:42,  4.44it/s]5
12
76
61
  5%|▍         | 9/195 [00:01<00:21,  8.74it/s]58
125
  6%|▌         | 11/195 [00:01<00:19,  9.58it/s]9
21
18
31
24
9
2
29
 10%|▉         | 19/195 [00:01<00:08, 20.76it/s]22
3
37
2
21
23
17
 13%|█▎        | 26/195 [00:01<00:05, 29.01it/s]3
7
17
52
14
2
23
4
 17%|█▋        | 34/195 [00:01<00:04, 39.32it/s]3
0
25
0
1
17
2
9
13
0
11
3
0
0
3
0
9
4
3
0
13
 28%|██▊       | 55/195 [00:01<00:01, 77.72it/s]2
21
0
9
1
1
5
3
9
3
1
35
 34%|███▍      | 67/195 [00:01<00:01, 85.69it/s]25
5
11
1
1
23
1
6
2
2
10
0
4
9
6
 42%|████▏     | 82/195 [00:01<00:01, 100.99it/s]1
17
7
4
2
2
9
2
16
4
4
1
13
 49%|████▊     | 95/195 [00:02<00:00, 106.46it/s]1
2
7
5
5
1
8
0
12
24
0
0
15
7
0
18
 57%|█████▋    | 111/195 [00:02<00:00, 120.75it/s]0
16
0
0
4
2
22
0
7
9
5
1
1
0
13
0
4
1
3
15
 67%|██████▋   | 131/195 [00:02<00:00, 135.80it/s]14
1
0
67
34
0
2
0
17
15
3
0
4
15
0
 75%|███████▍  | 146/195 [00:02<00:00, 109.86it/s]5
2
3
1
2
2
0
2
7
2
18
30
2
 82%|████████▏ | 159/195 [00:02<00:00, 112.42it/s]18
0
2
0
2
1
6
2
5
5
13
0
0
 88%|████████▊ | 172/195 [00:02<00:00, 109.03it/s]0
3
13
1
11
2
3
11
40
0
6
0
 94%|█████████▍| 184/195 [00:02<00:00, 98.49it/s] 7
53
4
17
10
1
16
10
60
62
2
100%|██████████| 195/195 [00:03<00:00, 57.91it/s]100%|██████████| 195/195 [00:03<00:00, 59.70it/s]

DanmakuFactory 1.70 CLI Release by hkm (hkm@tikm.org)
https://github.com/hihkm/DanmakuFactory

Input file(s):
Number|Template     |TimeShift|FileName
     1|xml          |   0.000s|/storage/32426326/20251214/32426326-20251214-161145-750.all.clean.xml

Output file:
Format|FileName
   ass|/storage/32426326/20251214/32426326-20251214-161145-750.all.ass

Loading files...
Loading file "/storage/32426326/20251214/32426326-20251214-161145-750.all.clean.xml"

File Loading Complete.. Danmaku Pool: 4655

Sorting...

Writting file "/storage/32426326/20251214/32426326-20251214-161145-750.all.ass"...

Done!
