/webhook/venv/lib/python3.10/site-packages/danmaku_tools/danmaku_energy_map.py:24: DeprecationWarning: Please import `convolve` from the `scipy.ndimage` namespace; the `scipy.ndimage.filters` namespace is deprecated and will be removed in SciPy 2.0.0.
  from scipy.ndimage.filters import convolve
Building prefix dict from the default dictionary ...
Loading model from cache /tmp/jieba.cache
Loading model cost 0.391 seconds.
Prefix dict has been built successfully.
  0%|          | 0/120 [00:00<?, ?it/s]6
2
0
3
17
1
40
45
  7%|▋         | 8/120 [00:00<00:01, 69.80it/s]32
0
26
11
28
27
3
18
 13%|█▎        | 16/120 [00:00<00:01, 71.42it/s]2
11
7
10
42
67
1
1
 20%|██        | 24/120 [00:00<00:01, 70.21it/s]11
11
1
21
4
18
44
1
 27%|██▋       | 32/120 [00:00<00:01, 55.52it/s]6
24
0
0
31
1
 32%|███▏      | 38/120 [00:00<00:01, 55.35it/s]21
10
1
24
6
7
28
14
 38%|███▊      | 46/120 [00:00<00:01, 61.50it/s]27
8
1
18
23
13
13
 44%|████▍     | 53/120 [00:00<00:01, 62.04it/s]6
0
77
0
6
4
17
13
3
1
40
 53%|█████▎    | 64/120 [00:00<00:00, 69.18it/s]43
16
0
28
14
2
0
 59%|█████▉    | 71/120 [00:01<00:00, 68.08it/s]15
0
19
31
21
7
0
2
0
17
3
6
28
38
 71%|███████   | 85/120 [00:01<00:00, 82.87it/s]11
2
24
4
35
1
4
2
16
44
 79%|███████▉  | 95/120 [00:01<00:00, 85.41it/s]5
3
47
2
3
6
38
6
17
 87%|████████▋ | 104/120 [00:01<00:00, 76.42it/s]11
1
0
19
1
3
6
28
2
3
19
9
17
 98%|█████████▊| 117/120 [00:01<00:00, 83.65it/s]0
19
43
100%|██████████| 120/120 [00:01<00:00, 68.26it/s]

DanmakuFactory 1.70 CLI Release by hkm (hkm@tikm.org)
https://github.com/hihkm/DanmakuFactory

Input file(s):
Number|Template     |TimeShift|FileName
     1|xml          |   0.000s|/storage/32426326/20251005/32426326-20251005-155406-302.all.clean.xml

Output file:
Format|FileName
   ass|/storage/32426326/20251005/32426326-20251005-155406-302.all.ass

Loading files...
Loading file "/storage/32426326/20251005/32426326-20251005-155406-302.all.clean.xml"

File Loading Complete.. Danmaku Pool: 3766

Sorting...

Writting file "/storage/32426326/20251005/32426326-20251005-155406-302.all.ass"...

Done!
