/webhook/venv/lib/python3.10/site-packages/danmaku_tools/danmaku_energy_map.py:24: DeprecationWarning: Please import `convolve` from the `scipy.ndimage` namespace; the `scipy.ndimage.filters` namespace is deprecated and will be removed in SciPy 2.0.0.
  from scipy.ndimage.filters import convolve
Building prefix dict from the default dictionary ...
Loading model from cache /tmp/jieba.cache
Loading model cost 0.403 seconds.
Prefix dict has been built successfully.
  0%|          | 0/114 [00:00<?, ?it/s]14
11
6
1
0
4
6
1
7
0
3
2
9
 11%|█▏        | 13/114 [00:00<00:00, 110.59it/s]0
2
5
3
0
16
1
1
1
10
1
15
 22%|██▏       | 25/114 [00:00<00:00, 109.52it/s]2
11
4
3
15
0
6
61
30
34
0
 32%|███▏      | 36/114 [00:00<00:00, 80.95it/s] 45
24
2
7
3
52
30
0
12
 39%|███▉      | 45/114 [00:00<00:00, 76.50it/s]0
10
15
26
7
13
6
23
1
33
88
 49%|████▉     | 56/114 [00:00<00:00, 77.05it/s]6
6
53
5
86
123
11
4
 56%|█████▌    | 64/114 [00:00<00:00, 51.22it/s]2
1
48
2
8
15
3
2
30
4
4
1
3
21
 68%|██████▊   | 78/114 [00:01<00:00, 67.01it/s]10
3
2
31
13
67
10
3
0
 76%|███████▋  | 87/114 [00:01<00:00, 70.68it/s]10
4
2
3
1
4
11
11
16
1
2
26
30
 88%|████████▊ | 100/114 [00:01<00:00, 84.51it/s]0
17
2
1
22
58
1
13
1
38
 96%|█████████▋| 110/114 [00:01<00:00, 79.24it/s]5
22
22
4
100%|██████████| 114/114 [00:01<00:00, 76.27it/s]

DanmakuFactory 1.70 CLI Release by hkm (hkm@tikm.org)
https://github.com/hihkm/DanmakuFactory

Input file(s):
Number|Template     |TimeShift|FileName
     1|xml          |   0.000s|/storage/32426326/20251118/32426326-20251118-133707-351.all.clean.xml

Output file:
Format|FileName
   ass|/storage/32426326/20251118/32426326-20251118-133707-351.all.ass

Loading files...
Loading file "/storage/32426326/20251118/32426326-20251118-133707-351.all.clean.xml"

File Loading Complete.. Danmaku Pool: 3115

Sorting...

Writting file "/storage/32426326/20251118/32426326-20251118-133707-351.all.ass"...

Done!
