/webhook/venv/lib/python3.10/site-packages/danmaku_tools/danmaku_energy_map.py:24: DeprecationWarning: Please import `convolve` from the `scipy.ndimage` namespace; the `scipy.ndimage.filters` namespace is deprecated and will be removed in SciPy 2.0.0.
  from scipy.ndimage.filters import convolve
Building prefix dict from the default dictionary ...
Loading model from cache /tmp/jieba.cache
Loading model cost 0.432 seconds.
Prefix dict has been built successfully.
  0%|          | 0/77 [00:00<?, ?it/s]16
33
18
15
  5%|▌         | 4/77 [00:00<00:02, 32.23it/s]5
10
11
30
22
10
18
 14%|█▍        | 11/77 [00:00<00:01, 51.69it/s]59
3
105
36
32
5
 22%|██▏       | 17/77 [00:00<00:01, 32.34it/s]6
1
11
3
10
21
1
0
30
1
1
 36%|███▋      | 28/77 [00:00<00:00, 52.70it/s]7
10
4
19
22
10
37
 45%|████▌     | 35/77 [00:00<00:00, 46.44it/s]16
7
0
3
3
14
3
0
14
6
8
0
7
2
3
22
19
 68%|██████▊   | 52/77 [00:00<00:00, 75.10it/s]6
18
2
4
14
7
67
2
70
44
 81%|████████  | 62/77 [00:01<00:00, 68.15it/s]4
3
34
2
35
2
37
55
0
 92%|█████████▏| 71/77 [00:01<00:00, 63.57it/s]16
17
23
2
5
28
100%|██████████| 77/77 [00:01<00:00, 57.68it/s]

DanmakuFactory 1.70 CLI Release by hkm (hkm@tikm.org)
https://github.com/hihkm/DanmakuFactory

Input file(s):
Number|Template     |TimeShift|FileName
     1|xml          |   0.000s|/storage/32426326/20250930/32426326-20250930-153946-442.all.clean.xml

Output file:
Format|FileName
   ass|/storage/32426326/20250930/32426326-20250930-153946-442.all.ass

Loading files...
Loading file "/storage/32426326/20250930/32426326-20250930-153946-442.all.clean.xml"

File Loading Complete.. Danmaku Pool: 3083

Sorting...

Writting file "/storage/32426326/20250930/32426326-20250930-153946-442.all.ass"...

Done!
