/webhook/venv/lib/python3.10/site-packages/danmaku_tools/danmaku_energy_map.py:24: DeprecationWarning: Please import `convolve` from the `scipy.ndimage` namespace; the `scipy.ndimage.filters` namespace is deprecated and will be removed in SciPy 2.0.0.
  from scipy.ndimage.filters import convolve
Building prefix dict from the default dictionary ...
Loading model from cache /tmp/jieba.cache
Loading model cost 0.466 seconds.
Prefix dict has been built successfully.
  0%|          | 0/222 [00:00<?, ?it/s]0
1
20
36
5
25
  3%|▎         | 6/222 [00:00<00:03, 55.61it/s]1
1
17
10
0
17
1
38
2
4
17
  8%|▊         | 17/222 [00:00<00:02, 85.06it/s]21
0
4
67
2
20
9
39
0
 12%|█▏        | 26/222 [00:00<00:03, 60.74it/s]38
0
7
3
11
6
11
25
2
 16%|█▌        | 35/222 [00:00<00:02, 69.25it/s]44
13
30
2
3
7
0
1
5
 20%|█▉        | 44/222 [00:00<00:02, 73.66it/s]1
0
7
8
45
7
61
18
 23%|██▎       | 52/222 [00:00<00:02, 70.11it/s]9
1
32
22
1
0
40
40
 27%|██▋       | 60/222 [00:00<00:02, 64.42it/s]17
48
26
0
16
11
25
 30%|███       | 67/222 [00:01<00:03, 47.79it/s]11
3
12
1
0
16
30
6
 34%|███▍      | 75/222 [00:01<00:02, 54.48it/s]36
22
4
0
24
1
3
 37%|███▋      | 82/222 [00:01<00:02, 54.66it/s]1
3
0
4
7
15
7
3
0
5
1
10
4
1
40
 44%|████▎     | 97/222 [00:01<00:01, 75.64it/s]7
8
2
1
20
0
3
8
7
 48%|████▊     | 106/222 [00:01<00:01, 59.86it/s]15
28
3
7
1
4
4
3
3
17
11
 53%|█████▎    | 117/222 [00:01<00:01, 65.72it/s]15
1
2
2
2
7
40
2
11
0
1
4
0
0
9
0
0
1
0
0
1
31
10
19
7
7
15
0
8
6
1
0
2
0
13
2
3
5
0
0
3
0
3
4
1
0
2
10
10
0
2
8
4
2
3
55
21
0
1
4
2
6
0
1
0
7
5
0
0
7
1
0
0
15
3
0
19
5
1
0
0
0
3
1
16
8
4
2
1
0
3
1
0
0
1
9
20
29
8
0
3
0
3
8
0
100%|██████████| 222/222 [00:00<00:00, 848.95it/s]

DanmakuFactory 1.70 CLI Release by hkm (hkm@tikm.org)
https://github.com/hihkm/DanmakuFactory

Input file(s):
Number|Template     |TimeShift|FileName
     1|xml          |   0.000s|/storage/32426326/20260205/32426326-20260205-160822-149.all.clean.xml

Output file:
Format|FileName
   ass|/storage/32426326/20260205/32426326-20260205-160822-149.all.ass

Loading files...
Loading file "/storage/32426326/20260205/32426326-20260205-160822-149.all.clean.xml"

File Loading Complete.. Danmaku Pool: 4134

Sorting...

Writting file "/storage/32426326/20260205/32426326-20260205-160822-149.all.ass"...

Done!
