/webhook/venv/lib/python3.10/site-packages/danmaku_tools/danmaku_energy_map.py:24: DeprecationWarning: Please import `convolve` from the `scipy.ndimage` namespace; the `scipy.ndimage.filters` namespace is deprecated and will be removed in SciPy 2.0.0.
  from scipy.ndimage.filters import convolve
Building prefix dict from the default dictionary ...
Loading model from cache /tmp/jieba.cache
Loading model cost 0.409 seconds.
Prefix dict has been built successfully.
  0%|          | 0/117 [00:00<?, ?it/s]1
18
18
20
40
  4%|▍         | 5/117 [00:00<00:02, 49.94it/s]22
12
14
34
30
  9%|▊         | 10/117 [00:00<00:02, 44.06it/s]23
29
42
76
18
 13%|█▎        | 15/117 [00:00<00:02, 34.04it/s]22
8
10
29
20
14
96
 19%|█▉        | 22/117 [00:00<00:02, 36.97it/s]62
72
2
23
 22%|██▏       | 26/117 [00:00<00:02, 35.54it/s]47
2
25
29
27
 26%|██▋       | 31/117 [00:00<00:02, 39.31it/s]2
17
2
9
31
87
 32%|███▏      | 37/117 [00:00<00:02, 38.32it/s]21
5
4
0
48
32
40
 38%|███▊      | 44/117 [00:01<00:01, 43.26it/s]12
19
29
60
99
 42%|████▏     | 49/117 [00:01<00:01, 38.62it/s]73
29
25
0
12
2
7
13
2
24
 50%|█████     | 59/117 [00:01<00:01, 50.12it/s]5
0
2
7
106
4
3
69
 57%|█████▋    | 67/117 [00:01<00:00, 57.09it/s]1
3
37
28
2
2
9
13
 64%|██████▍   | 75/117 [00:01<00:00, 62.46it/s]16
4
11
0
2
1
23
17
9
11
0
39
 74%|███████▍  | 87/117 [00:01<00:00, 71.79it/s]6
2
31
26
95
1
6
5
 81%|████████  | 95/117 [00:01<00:00, 55.40it/s]3
14
61
6
1
88
52
 87%|████████▋ | 102/117 [00:02<00:00, 51.77it/s]7
37
9
2
40
14
41
 93%|█████████▎| 109/117 [00:02<00:00, 55.35it/s]36
18
12
54
37
14
 98%|█████████▊| 115/117 [00:02<00:00, 51.99it/s]11
26
100%|██████████| 117/117 [00:02<00:00, 49.36it/s]

DanmakuFactory 1.70 CLI Release by hkm (hkm@tikm.org)
https://github.com/hihkm/DanmakuFactory

Input file(s):
Number|Template     |TimeShift|FileName
     1|xml          |   0.000s|/storage/32426326/20251105/32426326-20251105-141103-929.all.clean.xml

Output file:
Format|FileName
   ass|/storage/32426326/20251105/32426326-20251105-141103-929.all.ass

Loading files...
Loading file "/storage/32426326/20251105/32426326-20251105-141103-929.all.clean.xml"

File Loading Complete.. Danmaku Pool: 6629

Sorting...

Writting file "/storage/32426326/20251105/32426326-20251105-141103-929.all.ass"...

Done!
