/webhook/venv/lib/python3.10/site-packages/danmaku_tools/danmaku_energy_map.py:24: DeprecationWarning: Please import `convolve` from the `scipy.ndimage` namespace; the `scipy.ndimage.filters` namespace is deprecated and will be removed in SciPy 2.0.0.
  from scipy.ndimage.filters import convolve
Building prefix dict from the default dictionary ...
Loading model from cache /tmp/jieba.cache
Loading model cost 0.400 seconds.
Prefix dict has been built successfully.
  0%|          | 0/118 [00:00<?, ?it/s]7
2
1
0
12
33
13
1
6
12
84
  9%|▉         | 11/118 [00:00<00:01, 63.79it/s]2
6
22
6
18
1
13
1
4
36
6
 19%|█▊        | 22/118 [00:00<00:01, 76.07it/s]37
0
0
12
57
56
3
20
 25%|██▌       | 30/118 [00:00<00:01, 46.17it/s]0
31
35
3
14
39
 31%|███       | 36/118 [00:00<00:01, 43.81it/s]2
26
4
29
13
0
34
 36%|███▋      | 43/118 [00:00<00:01, 44.50it/s]9
3
8
4
0
5
3
24
0
1
0
20
2
0
2
2
6
33
 52%|█████▏    | 61/118 [00:01<00:00, 68.01it/s]8
16
0
111
0
11
27
3
 58%|█████▊    | 69/118 [00:01<00:00, 54.50it/s]10
20
6
0
0
4
114
 64%|██████▍   | 76/118 [00:01<00:00, 50.89it/s]4
10
31
11
18
0
32
 70%|███████   | 83/118 [00:01<00:00, 53.89it/s]11
1
17
86
19
13
 75%|███████▌  | 89/118 [00:01<00:00, 47.08it/s]37
30
37
0
4
5
 81%|████████  | 95/118 [00:02<00:01, 16.75it/s]24
7
16
3
1
3
51
 86%|████████▋ | 102/118 [00:02<00:00, 21.26it/s]14
7
1
2
34
5
1
19
1
2
15
11
17
5
3
0
100%|██████████| 118/118 [00:02<00:00, 39.75it/s]

DanmakuFactory 1.70 CLI Release by hkm (hkm@tikm.org)
https://github.com/hihkm/DanmakuFactory

Input file(s):
Number|Template     |TimeShift|FileName
     1|xml          |   0.000s|/storage/32426326/20251130/32426326-20251130-144246-203.all.clean.xml

Output file:
Format|FileName
   ass|/storage/32426326/20251130/32426326-20251130-144246-203.all.ass

Loading files...
Loading file "/storage/32426326/20251130/32426326-20251130-144246-203.all.clean.xml"

File Loading Complete.. Danmaku Pool: 3915

Sorting...

Writting file "/storage/32426326/20251130/32426326-20251130-144246-203.all.ass"...

Done!
