/webhook/venv/lib/python3.10/site-packages/danmaku_tools/danmaku_energy_map.py:24: DeprecationWarning: Please import `convolve` from the `scipy.ndimage` namespace; the `scipy.ndimage.filters` namespace is deprecated and will be removed in SciPy 2.0.0.
  from scipy.ndimage.filters import convolve
Building prefix dict from the default dictionary ...
Loading model from cache /tmp/jieba.cache
Loading model cost 0.413 seconds.
Prefix dict has been built successfully.
  0%|          | 0/138 [00:00<?, ?it/s]2
0
3
5
7
13
8
  5%|▌         | 7/138 [00:00<00:02, 62.88it/s]0
6
10
4
12
12
14
1
10
0
20
3
18
 14%|█▍        | 20/138 [00:00<00:01, 95.36it/s]33
4
6
6
45
41
16
1
32
27
 22%|██▏       | 30/138 [00:00<00:01, 55.10it/s]63
19
0
5
6
18
54
 27%|██▋       | 37/138 [00:00<00:01, 54.19it/s]33
31
4
1
11
5
1
7
33
 33%|███▎      | 46/138 [00:00<00:01, 61.01it/s]9
1
1
8
21
0
2
0
1
0
8
66
 42%|████▏     | 58/138 [00:00<00:01, 73.13it/s]9
29
2
8
5
2
1
0
4
10
3
64
 51%|█████     | 70/138 [00:00<00:00, 79.08it/s]2
1
17
20
3
2
17
17
5
0
0
1
41
 60%|██████    | 83/138 [00:01<00:00, 92.08it/s]9
0
4
0
12
0
20
1
6
8
1
6
3
44
 70%|███████   | 97/138 [00:01<00:00, 100.32it/s]2
20
14
19
1
2
0
9
1
0
4
1
10
1
21
 81%|████████  | 112/138 [00:01<00:00, 111.19it/s]8
5
1
6
22
24
2
13
0
4
1
30
 90%|████████▉ | 124/138 [00:01<00:00, 87.73it/s] 0
3
2
4
0
5
10
1
9
5
 97%|█████████▋| 134/138 [00:01<00:00, 89.69it/s]6
24
7
19
100%|██████████| 138/138 [00:01<00:00, 76.10it/s]

DanmakuFactory 1.70 CLI Release by hkm (hkm@tikm.org)
https://github.com/hihkm/DanmakuFactory

Input file(s):
Number|Template     |TimeShift|FileName
     1|xml          |   0.000s|/storage/32426326/20251129/32426326-20251129-140834-077.all.clean.xml

Output file:
Format|FileName
   ass|/storage/32426326/20251129/32426326-20251129-140834-077.all.ass

Loading files...
Loading file "/storage/32426326/20251129/32426326-20251129-140834-077.all.clean.xml"

File Loading Complete.. Danmaku Pool: 3256

Sorting...

Writting file "/storage/32426326/20251129/32426326-20251129-140834-077.all.ass"...

Done!
