/webhook/venv/lib/python3.10/site-packages/danmaku_tools/danmaku_energy_map.py:24: DeprecationWarning: Please import `convolve` from the `scipy.ndimage` namespace; the `scipy.ndimage.filters` namespace is deprecated and will be removed in SciPy 2.0.0.
  from scipy.ndimage.filters import convolve
Building prefix dict from the default dictionary ...
Loading model from cache /tmp/jieba.cache
Loading model cost 0.466 seconds.
Prefix dict has been built successfully.
  0%|          | 0/125 [00:00<?, ?it/s]9
36
8
0
21
6
1
1
15
23
  8%|▊         | 10/125 [00:00<00:01, 89.52it/s]8
13
0
0
4
46
37
27
35
 15%|█▌        | 19/125 [00:00<00:01, 74.78it/s]37
23
85
87
66
41
1
9
 22%|██▏       | 27/125 [00:00<00:02, 33.18it/s]0
0
12
54
2
6
7
 27%|██▋       | 34/125 [00:00<00:02, 39.67it/s]18
38
26
0
23
20
26
 33%|███▎      | 41/125 [00:00<00:01, 46.15it/s]1
8
8
36
22
43
27
 38%|███▊      | 48/125 [00:01<00:01, 49.82it/s]18
54
15
28
59
6
2
 44%|████▍     | 55/125 [00:01<00:01, 50.68it/s]0
30
24
101
16
51
 49%|████▉     | 61/125 [00:01<00:01, 43.51it/s]23
30
1
0
32
9
1
 54%|█████▍    | 68/125 [00:01<00:01, 49.25it/s]12
23
63
43
68
1
 59%|█████▉    | 74/125 [00:01<00:01, 44.38it/s]2
2
27
3
0
15
3
2
29
21
 67%|██████▋   | 84/125 [00:01<00:00, 55.47it/s]1
5
2
0
5
1
7
4
0
1
4
9
44
17
 78%|███████▊  | 98/125 [00:01<00:00, 74.00it/s]23
29
0
14
0
0
18
5
1
31
28
 87%|████████▋ | 109/125 [00:01<00:00, 82.94it/s]3
6
20
0
2
12
6
39
49
0
26
 96%|█████████▌| 120/125 [00:02<00:00, 88.11it/s]0
5
29
13
7
100%|██████████| 125/125 [00:02<00:00, 59.91it/s]

DanmakuFactory 1.70 CLI Release by hkm (hkm@tikm.org)
https://github.com/hihkm/DanmakuFactory

Input file(s):
Number|Template     |TimeShift|FileName
     1|xml          |   0.000s|/storage/32426326/20250923/32426326-20250923-144908-546.all.clean.xml

Output file:
Format|FileName
   ass|/storage/32426326/20250923/32426326-20250923-144908-546.all.ass

Loading files...
Loading file "/storage/32426326/20250923/32426326-20250923-144908-546.all.clean.xml"

File Loading Complete.. Danmaku Pool: 5059

Sorting...

Writting file "/storage/32426326/20250923/32426326-20250923-144908-546.all.ass"...

Done!
