/webhook/venv/lib/python3.10/site-packages/danmaku_tools/danmaku_energy_map.py:24: DeprecationWarning: Please import `convolve` from the `scipy.ndimage` namespace; the `scipy.ndimage.filters` namespace is deprecated and will be removed in SciPy 2.0.0.
  from scipy.ndimage.filters import convolve
Building prefix dict from the default dictionary ...
Loading model from cache /tmp/jieba.cache
Loading model cost 0.491 seconds.
Prefix dict has been built successfully.
  0%|          | 0/132 [00:00<?, ?it/s]13
7
20
12
1
68
  5%|▍         | 6/132 [00:00<00:03, 38.95it/s]25
5
7
2
38
13
7
25
 11%|█         | 14/132 [00:00<00:02, 55.50it/s]32
37
5
40
36
61
 15%|█▌        | 20/132 [00:00<00:02, 42.17it/s]6
3
3
5
52
 19%|█▉        | 25/132 [00:00<00:02, 43.58it/s]39
0
31
128
2
 23%|██▎       | 30/132 [00:00<00:02, 34.45it/s]2
40
30
0
28
 27%|██▋       | 35/132 [00:00<00:02, 35.56it/s]32
33
107
3
 30%|██▉       | 39/132 [00:01<00:03, 30.62it/s]4
2
1
10
50
46
 34%|███▍      | 45/132 [00:01<00:02, 36.33it/s]4
13
21
14
35
 38%|███▊      | 50/132 [00:01<00:02, 37.01it/s]33
0
36
11
39
 42%|████▏     | 55/132 [00:01<00:02, 36.99it/s]40
9
17
11
19
0
18
 47%|████▋     | 62/132 [00:01<00:01, 44.76it/s]15
18
11
43
26
1
10
 52%|█████▏    | 69/132 [00:01<00:01, 50.51it/s]41
23
55
48
26
30
 57%|█████▋    | 75/132 [00:01<00:01, 42.87it/s]1
42
27
2
14
0
 61%|██████▏   | 81/132 [00:01<00:01, 46.84it/s]12
2
53
1
3
67
 66%|██████▌   | 87/132 [00:02<00:00, 46.94it/s]4
3
10
0
0
15
1
0
1
2
0
2
12
23
8
5
 78%|███████▊  | 103/132 [00:02<00:00, 75.26it/s]0
12
3
3
15
21
0
12
29
27
 86%|████████▌ | 113/132 [00:02<00:00, 80.91it/s]17
18
2
9
2
18
20
1
13
 92%|█████████▏| 122/132 [00:02<00:00, 79.84it/s]3
1
2
9
1
13
1
10
41
22
100%|██████████| 132/132 [00:02<00:00, 52.72it/s]

DanmakuFactory 1.70 CLI Release by hkm (hkm@tikm.org)
https://github.com/hihkm/DanmakuFactory

Input file(s):
Number|Template     |TimeShift|FileName
     1|xml          |   0.000s|/storage/32426326/20260417/32426326-20260417-151038-363.all.clean.xml

Output file:
Format|FileName
   ass|/storage/32426326/20260417/32426326-20260417-151038-363.all.ass

Loading files...
Loading file "/storage/32426326/20260417/32426326-20260417-151038-363.all.clean.xml"

File Loading Complete.. Danmaku Pool: 5786

Sorting...

Writting file "/storage/32426326/20260417/32426326-20260417-151038-363.all.ass"...

Done!
