/webhook/venv/lib/python3.10/site-packages/danmaku_tools/danmaku_energy_map.py:24: DeprecationWarning: Please import `convolve` from the `scipy.ndimage` namespace; the `scipy.ndimage.filters` namespace is deprecated and will be removed in SciPy 2.0.0.
  from scipy.ndimage.filters import convolve
Building prefix dict from the default dictionary ...
Loading model from cache /tmp/jieba.cache
Loading model cost 0.416 seconds.
Prefix dict has been built successfully.
  0%|          | 0/14 [00:00<?, ?it/s]23
2
7
14
25
74
 43%|████▎     | 6/14 [00:00<00:00, 57.31it/s]8
88
26
1
55
7
 86%|████████▌ | 12/14 [00:00<00:00, 46.58it/s]26
12
100%|██████████| 14/14 [00:00<00:00, 50.82it/s]

DanmakuFactory 1.70 CLI Release by hkm (hkm@tikm.org)
https://github.com/hihkm/DanmakuFactory

Input file(s):
Number|Template     |TimeShift|FileName
     1|xml          |   0.000s|/storage/32426326/20260310/32426326-20260310-160358-210.all.clean.xml

Output file:
Format|FileName
   ass|/storage/32426326/20260310/32426326-20260310-160358-210.all.ass

Loading files...
Loading file "/storage/32426326/20260310/32426326-20260310-160358-210.all.clean.xml"

File Loading Complete.. Danmaku Pool: 876

Sorting...

Writting file "/storage/32426326/20260310/32426326-20260310-160358-210.all.ass"...

Done!
/webhook/venv/lib/python3.10/site-packages/danmaku_tools/danmaku_energy_map.py:24: DeprecationWarning: Please import `convolve` from the `scipy.ndimage` namespace; the `scipy.ndimage.filters` namespace is deprecated and will be removed in SciPy 2.0.0.
  from scipy.ndimage.filters import convolve
Building prefix dict from the default dictionary ...
Loading model from cache /tmp/jieba.cache
Loading model cost 0.410 seconds.
Prefix dict has been built successfully.
  0%|          | 0/12 [00:00<?, ?it/s]23
2
7
14
25
74
 50%|█████     | 6/12 [00:00<00:00, 56.21it/s]8
88
26
1
55
7
100%|██████████| 12/12 [00:00<00:00, 44.37it/s]100%|██████████| 12/12 [00:00<00:00, 45.74it/s]

DanmakuFactory 1.70 CLI Release by hkm (hkm@tikm.org)
https://github.com/hihkm/DanmakuFactory

Input file(s):
Number|Template     |TimeShift|FileName
     1|xml          |   0.000s|/storage/32426326/20260310/32426326-20260310-160358-210.all.clean.xml

Output file:
Format|FileName
   ass|/storage/32426326/20260310/32426326-20260310-160358-210.all.ass

Loading files...
Loading file "/storage/32426326/20260310/32426326-20260310-160358-210.all.clean.xml"

File Loading Complete.. Danmaku Pool: 979

Sorting...

Writting file "/storage/32426326/20260310/32426326-20260310-160358-210.all.ass"...

WARNING
File "/storage/32426326/20260310/32426326-20260310-160358-210.all.ass" already exists, it will be overwritten when continue.

Skip!

Done!
