/webhook/venv/lib/python3.10/site-packages/danmaku_tools/danmaku_energy_map.py:24: DeprecationWarning: Please import `convolve` from the `scipy.ndimage` namespace; the `scipy.ndimage.filters` namespace is deprecated and will be removed in SciPy 2.0.0.
  from scipy.ndimage.filters import convolve
Building prefix dict from the default dictionary ...
Loading model from cache /tmp/jieba.cache
Loading model cost 0.470 seconds.
Prefix dict has been built successfully.
  0%|          | 0/65 [00:00<?, ?it/s]1
4
5
54
  6%|▌         | 4/65 [00:00<00:01, 37.62it/s]77
34
0
79
 12%|█▏        | 8/65 [00:00<00:01, 30.53it/s]21
5
9
37
1
41
35
 23%|██▎       | 15/65 [00:00<00:01, 41.80it/s]40
26
23
17
25
 31%|███       | 20/65 [00:00<00:01, 42.12it/s]0
4
46
0
4
 38%|███▊      | 25/65 [00:00<00:00, 41.09it/s]23
0
0
4
2
3
13
29
2
17
1
23
31
 58%|█████▊    | 38/65 [00:00<00:00, 64.53it/s]0
15
0
24
26
18
17
5
15
 72%|███████▏  | 47/65 [00:00<00:00, 70.60it/s]8
0
9
27
1
6
1
4
2
70
 88%|████████▊ | 57/65 [00:00<00:00, 68.47it/s]0
3
16
2
2
6
7
41
100%|██████████| 65/65 [00:01<00:00, 61.75it/s]

DanmakuFactory 1.70 CLI Release by hkm (hkm@tikm.org)
https://github.com/hihkm/DanmakuFactory

Input file(s):
Number|Template     |TimeShift|FileName
     1|xml          |   0.000s|/storage/32426326/20260310/32426326-20260310-171518-027.all.clean.xml

Output file:
Format|FileName
   ass|/storage/32426326/20260310/32426326-20260310-171518-027.all.ass

Loading files...
Loading file "/storage/32426326/20260310/32426326-20260310-171518-027.all.clean.xml"

File Loading Complete.. Danmaku Pool: 2221

Sorting...

Writting file "/storage/32426326/20260310/32426326-20260310-171518-027.all.ass"...

Done!
