/webhook/venv/lib/python3.10/site-packages/danmaku_tools/danmaku_energy_map.py:24: DeprecationWarning: Please import `convolve` from the `scipy.ndimage` namespace; the `scipy.ndimage.filters` namespace is deprecated and will be removed in SciPy 2.0.0.
  from scipy.ndimage.filters import convolve
Building prefix dict from the default dictionary ...
Loading model from cache /tmp/jieba.cache
Loading model cost 0.450 seconds.
Prefix dict has been built successfully.
  0%|          | 0/83 [00:00<?, ?it/s]12
16
17
24
48
  6%|▌         | 5/83 [00:00<00:01, 44.98it/s]26
10
54
0
3
60
 13%|█▎        | 11/83 [00:00<00:01, 41.57it/s]42
8
20
36
26
 19%|█▉        | 16/83 [00:00<00:01, 42.11it/s]9
18
0
15
30
1
1
33
4
2
 31%|███▏      | 26/83 [00:00<00:00, 61.17it/s]8
7
95
36
5
2
1
 40%|███▉      | 33/83 [00:00<00:00, 52.24it/s]30
0
0
21
10
2
36
13
 49%|████▉     | 41/83 [00:00<00:00, 59.49it/s]11
0
20
74
12
27
4
 58%|█████▊    | 48/83 [00:00<00:00, 51.70it/s]7
5
11
66
3
66
 65%|██████▌   | 54/83 [00:01<00:00, 46.51it/s]1
26
2
69
5
5
13
 73%|███████▎  | 61/83 [00:01<00:00, 50.81it/s]9
37
22
40
8
7
 81%|████████  | 67/83 [00:01<00:00, 50.74it/s]24
3
129
47
1
3
 88%|████████▊ | 73/83 [00:01<00:00, 43.36it/s]0
1
31
28
39
44
21
 96%|█████████▋| 80/83 [00:01<00:00, 49.32it/s]8
19
73
100%|██████████| 83/83 [00:01<00:00, 49.33it/s]

DanmakuFactory 1.70 CLI Release by hkm (hkm@tikm.org)
https://github.com/hihkm/DanmakuFactory

Input file(s):
Number|Template     |TimeShift|FileName
     1|xml          |   0.000s|/storage/32426326/20260507/32426326-20260507-132254-297.all.clean.xml

Output file:
Format|FileName
   ass|/storage/32426326/20260507/32426326-20260507-132254-297.all.ass

Loading files...
Loading file "/storage/32426326/20260507/32426326-20260507-132254-297.all.clean.xml"

File Loading Complete.. Danmaku Pool: 4218

Sorting...

Writting file "/storage/32426326/20260507/32426326-20260507-132254-297.all.ass"...

Done!
