/webhook/venv/lib/python3.10/site-packages/danmaku_tools/danmaku_energy_map.py:24: DeprecationWarning: Please import `convolve` from the `scipy.ndimage` namespace; the `scipy.ndimage.filters` namespace is deprecated and will be removed in SciPy 2.0.0.
  from scipy.ndimage.filters import convolve
Building prefix dict from the default dictionary ...
Loading model from cache /tmp/jieba.cache
Loading model cost 0.520 seconds.
Prefix dict has been built successfully.
  0%|          | 0/88 [00:00<?, ?it/s]29
3
64
  3%|▎         | 3/88 [00:00<00:03, 26.53it/s]0
15
56
80
  8%|▊         | 7/88 [00:00<00:02, 28.13it/s]109
46
275
 11%|█▏        | 10/88 [00:00<00:06, 12.03it/s]103
26
 14%|█▎        | 12/88 [00:00<00:06, 12.40it/s]72
54
 16%|█▌        | 14/88 [00:00<00:05, 12.88it/s]1
108
75
 19%|█▉        | 17/88 [00:01<00:04, 16.02it/s]4
170
 22%|██▏       | 19/88 [00:01<00:04, 15.51it/s]1
443
 24%|██▍       | 21/88 [00:01<00:07,  9.34it/s]54
11
112
 27%|██▋       | 24/88 [00:01<00:05, 12.33it/s]72
2
4
10
9
 33%|███▎      | 29/88 [00:01<00:03, 18.92it/s]23
4
3
2
3
14
1
26
22
1
0
1
2
26
 49%|████▉     | 43/88 [00:02<00:01, 41.60it/s]1
9
0
17
23
24
107
 57%|█████▋    | 50/88 [00:02<00:00, 40.28it/s]10
8
31
54
21
 62%|██████▎   | 55/88 [00:02<00:00, 41.65it/s]2
8
24
37
2
19
0
2
36
 73%|███████▎  | 64/88 [00:02<00:00, 48.26it/s]8
1
16
34
23
10
27
8
0
4
1
14
 86%|████████▋ | 76/88 [00:02<00:00, 63.38it/s]41
39
54
24
22
6
23
30
 95%|█████████▌| 84/88 [00:02<00:00, 49.35it/s]2
25
2
12
100%|██████████| 88/88 [00:02<00:00, 30.92it/s]

DanmakuFactory 1.70 CLI Release by hkm (hkm@tikm.org)
https://github.com/hihkm/DanmakuFactory

Input file(s):
Number|Template     |TimeShift|FileName
     1|xml          |   0.000s|/storage/32426326/20251204/32426326-20251204-131030-263.all.clean.xml

Output file:
Format|FileName
   ass|/storage/32426326/20251204/32426326-20251204-131030-263.all.ass

Loading files...
Loading file "/storage/32426326/20251204/32426326-20251204-131030-263.all.clean.xml"

File Loading Complete.. Danmaku Pool: 8586

Sorting...

Writting file "/storage/32426326/20251204/32426326-20251204-131030-263.all.ass"...

Done!
