/webhook/venv/lib/python3.10/site-packages/danmaku_tools/danmaku_energy_map.py:24: DeprecationWarning: Please import `convolve` from the `scipy.ndimage` namespace; the `scipy.ndimage.filters` namespace is deprecated and will be removed in SciPy 2.0.0.
  from scipy.ndimage.filters import convolve
Building prefix dict from the default dictionary ...
Loading model from cache /tmp/jieba.cache
Loading model cost 0.398 seconds.
Prefix dict has been built successfully.
  0%|          | 0/115 [00:00<?, ?it/s]4
17
5
8
19
7
8
7
1
3
20
9
32
 11%|█▏        | 13/115 [00:00<00:01, 92.61it/s]1
23
43
7
5
16
3
14
31
85
 20%|██        | 23/115 [00:00<00:01, 57.09it/s]53
2
70
56
1
19
10
 26%|██▌       | 30/115 [00:00<00:01, 54.18it/s]9
0
3
14
1
16
10
4
30
19
2
1
40
 37%|███▋      | 43/115 [00:00<00:01, 67.95it/s]11
2
7
12
2
21
20
3
3
15
7
37
4
13
12
2
7
49
 53%|█████▎    | 61/115 [00:00<00:00, 89.16it/s]28
22
0
4
9
3
3
2
3
1
16
0
1
11
2
23
53
 68%|██████▊   | 78/115 [00:00<00:00, 101.48it/s]25
16
4
24
24
3
11
1
1
26
101
 77%|███████▋  | 89/115 [00:01<00:00, 86.34it/s] 16
0
35
21
0
3
23
29
4
48
 86%|████████▌ | 99/115 [00:01<00:00, 79.19it/s]1
51
2
7
12
5
33
9
11
 94%|█████████▍| 108/115 [00:01<00:00, 80.77it/s]0
13
16
16
17
0
1
100%|██████████| 115/115 [00:01<00:00, 82.12it/s]

DanmakuFactory 1.70 CLI Release by hkm (hkm@tikm.org)
https://github.com/hihkm/DanmakuFactory

Input file(s):
Number|Template     |TimeShift|FileName
     1|xml          |   0.000s|/storage/32426326/20251116/32426326-20251116-142815-409.all.clean.xml

Output file:
Format|FileName
   ass|/storage/32426326/20251116/32426326-20251116-142815-409.all.ass

Loading files...
Loading file "/storage/32426326/20251116/32426326-20251116-142815-409.all.clean.xml"

File Loading Complete.. Danmaku Pool: 3628

Sorting...

Writting file "/storage/32426326/20251116/32426326-20251116-142815-409.all.ass"...

Done!
