/webhook/venv/lib/python3.10/site-packages/danmaku_tools/danmaku_energy_map.py:24: DeprecationWarning: Please import `convolve` from the `scipy.ndimage` namespace; the `scipy.ndimage.filters` namespace is deprecated and will be removed in SciPy 2.0.0.
  from scipy.ndimage.filters import convolve
Building prefix dict from the default dictionary ...
Loading model from cache /tmp/jieba.cache
Loading model cost 0.551 seconds.
Prefix dict has been built successfully.
  0%|          | 0/63 [00:00<?, ?it/s]33
21
  3%|▎         | 2/63 [00:00<00:03, 17.33it/s]1
7
10
18
1
2
3
27
48
 17%|█▋        | 11/63 [00:00<00:01, 45.95it/s]8
3
12
7
22
 25%|██▌       | 16/63 [00:00<00:01, 45.29it/s]0
1
0
12
46
12
15
76
 38%|███▊      | 24/63 [00:00<00:00, 46.00it/s]0
9
20
11
31
6
37
 49%|████▉     | 31/63 [00:00<00:00, 51.25it/s]0
4
11
46
9
20
2
3
 62%|██████▏   | 39/63 [00:00<00:00, 58.08it/s]17
11
51
38
19
2
 71%|███████▏  | 45/63 [00:00<00:00, 47.65it/s]19
6
4
21
23
12
 81%|████████  | 51/63 [00:01<00:00, 41.72it/s]5
3
15
0
47
 89%|████████▉ | 56/63 [00:01<00:00, 43.44it/s]11
23
35
51
5
 97%|█████████▋| 61/63 [00:01<00:00, 33.50it/s]6
39
100%|██████████| 63/63 [00:01<00:00, 42.09it/s]

DanmakuFactory 1.70 CLI Release by hkm (hkm@tikm.org)
https://github.com/hihkm/DanmakuFactory

Input file(s):
Number|Template     |TimeShift|FileName
     1|xml          |   0.000s|/storage/32426326/20260529/32426326-20260529-151927-545.all.clean.xml

Output file:
Format|FileName
   ass|/storage/32426326/20260529/32426326-20260529-151927-545.all.ass

Loading files...
Loading file "/storage/32426326/20260529/32426326-20260529-151927-545.all.clean.xml"

File Loading Complete.. Danmaku Pool: 2922

Sorting...

Writting file "/storage/32426326/20260529/32426326-20260529-151927-545.all.ass"...

Done!
