/webhook/venv/lib/python3.10/site-packages/danmaku_tools/danmaku_energy_map.py:24: DeprecationWarning: Please import `convolve` from the `scipy.ndimage` namespace; the `scipy.ndimage.filters` namespace is deprecated and will be removed in SciPy 2.0.0.
  from scipy.ndimage.filters import convolve
Building prefix dict from the default dictionary ...
Loading model from cache /tmp/jieba.cache
Loading model cost 0.480 seconds.
Prefix dict has been built successfully.
  0%|          | 0/68 [00:00<?, ?it/s]16
8
12
16
1
5
2
1
0
43
 15%|█▍        | 10/68 [00:00<00:00, 60.70it/s]2
4
23
2
14
29
193
 25%|██▌       | 17/68 [00:00<00:01, 39.28it/s]78
2
18
58
42
 32%|███▏      | 22/68 [00:00<00:01, 33.61it/s]2
54
3
2
16
 40%|███▉      | 27/68 [00:00<00:01, 32.93it/s]24
1
47
15
1
26
1
1
 51%|█████▏    | 35/68 [00:00<00:00, 43.79it/s]3
4
21
15
30
43
40
 62%|██████▏   | 42/68 [00:00<00:00, 49.17it/s]21
1
5
2
1
2
31
51
 74%|███████▎  | 50/68 [00:01<00:00, 53.55it/s]18
0
3
1
4
3
22
 84%|████████▍ | 57/68 [00:01<00:00, 55.25it/s]39
0
0
0
4
2
0
16
0
6
19
100%|██████████| 68/68 [00:01<00:00, 52.99it/s]

DanmakuFactory 1.70 CLI Release by hkm (hkm@tikm.org)
https://github.com/hihkm/DanmakuFactory

Input file(s):
Number|Template     |TimeShift|FileName
     1|xml          |   0.000s|/storage/32426326/20250911/32426326-20250911-153221-658.all.clean.xml

Output file:
Format|FileName
   ass|/storage/32426326/20250911/32426326-20250911-153221-658.all.ass

Loading files...
Loading file "/storage/32426326/20250911/32426326-20250911-153221-658.all.clean.xml"

File Loading Complete.. Danmaku Pool: 2606

Sorting...

Writting file "/storage/32426326/20250911/32426326-20250911-153221-658.all.ass"...

Done!
