/webhook/venv/lib/python3.10/site-packages/danmaku_tools/danmaku_energy_map.py:24: DeprecationWarning: Please import `convolve` from the `scipy.ndimage` namespace; the `scipy.ndimage.filters` namespace is deprecated and will be removed in SciPy 2.0.0.
  from scipy.ndimage.filters import convolve
Building prefix dict from the default dictionary ...
Loading model from cache /tmp/jieba.cache
Loading model cost 0.408 seconds.
Prefix dict has been built successfully.
  0%|          | 0/108 [00:00<?, ?it/s]4
8
0
7
26
4
1
20
9
1
5
15
10
 12%|█▏        | 13/108 [00:00<00:00, 124.32it/s]16
5
6
74
82
33
8
8
21
25
7
1
11
 24%|██▍       | 26/108 [00:00<00:01, 66.18it/s] 20
35
92
46
20
28
5
1
5
 32%|███▏      | 35/108 [00:00<00:01, 62.23it/s]44
17
2
5
29
7
25
 39%|███▉      | 42/108 [00:00<00:01, 60.43it/s]2
14
12
103
7
15
9
 45%|████▌     | 49/108 [00:00<00:00, 59.49it/s]1
1
33
49
6
1
10
9
5
20
 55%|█████▍    | 59/108 [00:00<00:00, 70.10it/s]28
0
2
3
3
3
8
63
2
0
5
48
 66%|██████▌   | 71/108 [00:00<00:00, 77.83it/s]0
3
58
22
30
44
41
24
19
 74%|███████▍  | 80/108 [00:01<00:00, 40.70it/s]3
21
29
1
9
29
1
7
2
38
 83%|████████▎ | 90/108 [00:01<00:00, 49.72it/s]0
0
46
0
1
15
1
5
1
3
24
 94%|█████████▎| 101/108 [00:01<00:00, 60.79it/s]12
51
1
0
1
3
36
100%|██████████| 108/108 [00:01<00:00, 61.91it/s]

DanmakuFactory 1.70 CLI Release by hkm (hkm@tikm.org)
https://github.com/hihkm/DanmakuFactory

Input file(s):
Number|Template     |TimeShift|FileName
     1|xml          |   0.000s|/storage/32426326/20251119/32426326-20251119-150259-634.all.clean.xml

Output file:
Format|FileName
   ass|/storage/32426326/20251119/32426326-20251119-150259-634.all.ass

Loading files...
Loading file "/storage/32426326/20251119/32426326-20251119-150259-634.all.clean.xml"

File Loading Complete.. Danmaku Pool: 3983

Sorting...

Writting file "/storage/32426326/20251119/32426326-20251119-150259-634.all.ass"...

Done!
