/webhook/venv/lib/python3.10/site-packages/danmaku_tools/danmaku_energy_map.py:24: DeprecationWarning: Please import `convolve` from the `scipy.ndimage` namespace; the `scipy.ndimage.filters` namespace is deprecated and will be removed in SciPy 2.0.0.
  from scipy.ndimage.filters import convolve
Building prefix dict from the default dictionary ...
Loading model from cache /tmp/jieba.cache
Loading model cost 0.406 seconds.
Prefix dict has been built successfully.
  0%|          | 0/290 [00:00<?, ?it/s]11
3
29
1
0
3
11
17
  3%|▎         | 8/290 [00:00<00:03, 73.75it/s]3
29
15
8
2
12
5
12
  6%|▌         | 16/290 [00:00<00:06, 39.86it/s]3
1
2
9
0
11
92
  8%|▊         | 23/290 [00:00<00:07, 34.91it/s]27
2
36
14
  9%|▉         | 27/290 [00:00<00:08, 32.56it/s]1
4
11
2
3
59
3
0
33
 12%|█▏        | 36/290 [00:00<00:05, 44.34it/s]15
6
2
4
0
1
6
3
13
2
 16%|█▌        | 46/290 [00:00<00:04, 57.45it/s]22
0
4
9
67
1
4
 18%|█▊        | 53/290 [00:01<00:04, 52.15it/s]9
27
6
2
5
0
18
23
 21%|██        | 61/290 [00:01<00:03, 58.00it/s]1
23
16
7
7
0
9
3
 24%|██▍       | 69/290 [00:01<00:03, 63.38it/s]2
14
4
4
8
2
2
22
8
1
1
0
22
10
 29%|██▊       | 83/290 [00:01<00:02, 82.48it/s]1
14
18
4
0
22
0
2
1
23
15
3
16
6
23
4
2
1
2
13
1
4
16
2
1
2
0
8
1
6
10
0
19
4
0
0
7
0
20
0
12
2
0
5
0
7
7
10
2
16
4
5
0
9
0
1
0
9
0
5
9
3
6
1
6
2
3
0
0
1
3
10
8
8
6
0
2
52
8
3
6
0
2
1
0
6
3
12
0
0
1
2
6
2
2
0
0
11
24
4
5
3
10
0
1
12
6
3
0
2
0
3
1
8
2
1
0
9
2
0
33
18
1
10
2
42
5
11
7
30
7
0
0
0
8
23
3
7
0
26
12
82
24
9
0
9
1
18
6
114
9
6
1
2
5
15
23
2
0
27
49
7
13
1
21
44
5
0
0
0
3
3
20
4
12
6
0
0
9
13
5
2
6
4
1
12
12
16
24
27
4
6
0
0
62
0
2
15
0
0
10
1
4
17
3
2
3
100%|██████████| 290/290 [00:00<00:00, 318.24it/s]

DanmakuFactory 1.70 CLI Release by hkm (hkm@tikm.org)
https://github.com/hihkm/DanmakuFactory

Input file(s):
Number|Template     |TimeShift|FileName
     1|xml          |   0.000s|/storage/32426326/20251016/32426326-20251016-140146-732.all.clean.xml

Output file:
Format|FileName
   ass|/storage/32426326/20251016/32426326-20251016-140146-732.all.ass

Loading files...
Loading file "/storage/32426326/20251016/32426326-20251016-140146-732.all.clean.xml"

File Loading Complete.. Danmaku Pool: 5685

Sorting...

Writting file "/storage/32426326/20251016/32426326-20251016-140146-732.all.ass"...

Done!
