/webhook/venv/lib/python3.10/site-packages/danmaku_tools/danmaku_energy_map.py:24: DeprecationWarning: Please import `convolve` from the `scipy.ndimage` namespace; the `scipy.ndimage.filters` namespace is deprecated and will be removed in SciPy 2.0.0.
  from scipy.ndimage.filters import convolve
Building prefix dict from the default dictionary ...
Loading model from cache /tmp/jieba.cache
Loading model cost 0.446 seconds.
Prefix dict has been built successfully.
  0%|          | 0/58 [00:00<?, ?it/s]56
43
  3%|▎         | 2/58 [00:00<00:03, 16.89it/s]28
4
34
1
24
18
25
 16%|█▌        | 9/58 [00:00<00:01, 43.70it/s]51
26
2
9
14
 24%|██▍       | 14/58 [00:00<00:01, 43.14it/s]14
26
5
6
2
3
15
41
2
 40%|███▉      | 23/58 [00:00<00:00, 59.42it/s]6
35
19
13
28
13
63
 52%|█████▏    | 30/58 [00:00<00:00, 52.08it/s]22
6
123
30
50
2
 62%|██████▏   | 36/58 [00:00<00:00, 40.72it/s]190
70
21
12
75
 71%|███████   | 41/58 [00:01<00:00, 24.49it/s]37
24
84
24
 78%|███████▊  | 45/58 [00:01<00:00, 23.28it/s]21
8
54
1
1
2
9
26
 91%|█████████▏| 53/58 [00:01<00:00, 31.61it/s]112
50
53
97
36
100%|██████████| 58/58 [00:01<00:00, 25.65it/s]100%|██████████| 58/58 [00:01<00:00, 31.10it/s]

DanmakuFactory 1.70 CLI Release by hkm (hkm@tikm.org)
https://github.com/hihkm/DanmakuFactory

Input file(s):
Number|Template     |TimeShift|FileName
     1|xml          |   0.000s|/storage/32426326/20260316/32426326-20260316-151950-182.all.clean.xml

Output file:
Format|FileName
   ass|/storage/32426326/20260316/32426326-20260316-151950-182.all.ass

Loading files...
Loading file "/storage/32426326/20260316/32426326-20260316-151950-182.all.clean.xml"

File Loading Complete.. Danmaku Pool: 4062

Sorting...

Writting file "/storage/32426326/20260316/32426326-20260316-151950-182.all.ass"...

Done!
