/webhook/venv/lib/python3.10/site-packages/danmaku_tools/danmaku_energy_map.py:24: DeprecationWarning: Please import `convolve` from the `scipy.ndimage` namespace; the `scipy.ndimage.filters` namespace is deprecated and will be removed in SciPy 2.0.0.
  from scipy.ndimage.filters import convolve
Building prefix dict from the default dictionary ...
Loading model from cache /tmp/jieba.cache
Loading model cost 0.607 seconds.
Prefix dict has been built successfully.
  0%|          | 0/102 [00:00<?, ?it/s]106
  1%|          | 1/102 [00:00<00:13,  7.75it/s]23
4
5
11
11
9
  7%|▋         | 7/102 [00:00<00:02, 32.94it/s]4
71
3
7
 11%|█         | 11/102 [00:00<00:02, 32.44it/s]0
10
6
2
17
19
41
 18%|█▊        | 18/102 [00:00<00:02, 40.57it/s]26
3
32
1
18
 23%|██▎       | 23/102 [00:00<00:01, 39.60it/s]17
2
15
21
20
0
5
 29%|██▉       | 30/102 [00:00<00:01, 47.91it/s]1
3
0
1
0
25
1
2
1
12
0
6
0
2
8
15
 45%|████▌     | 46/102 [00:00<00:00, 77.70it/s]0
6
4
9
4
0
3
0
26
31
4
 56%|█████▌    | 57/102 [00:00<00:00, 85.98it/s]11
11
4
6
2
5
7
2
0
12
 66%|██████▌   | 67/102 [00:01<00:00, 86.82it/s]0
42
0
3
47
21
4
3
11
 75%|███████▍  | 76/102 [00:01<00:00, 72.21it/s]1
25
46
4
13
1
19
2
 82%|████████▏ | 84/102 [00:01<00:00, 66.58it/s]7
38
13
0
1
2
25
0
 90%|█████████ | 92/102 [00:01<00:00, 51.22it/s]2
24
7
1
2
2
 96%|█████████▌| 98/102 [00:01<00:00, 52.43it/s]10
5
8
38
100%|██████████| 102/102 [00:02<00:00, 50.47it/s]

DanmakuFactory 1.70 CLI Release by hkm (hkm@tikm.org)
https://github.com/hihkm/DanmakuFactory

Input file(s):
Number|Template     |TimeShift|FileName
     1|xml          |   0.000s|/storage/32426326/20260608/32426326-20260608-150409-815.all.clean.xml

Output file:
Format|FileName
   ass|/storage/32426326/20260608/32426326-20260608-150409-815.all.ass

Loading files...
Loading file "/storage/32426326/20260608/32426326-20260608-150409-815.all.clean.xml"

File Loading Complete.. Danmaku Pool: 2868

Sorting...

Writting file "/storage/32426326/20260608/32426326-20260608-150409-815.all.ass"...

Done!
