/webhook/venv/lib/python3.10/site-packages/danmaku_tools/danmaku_energy_map.py:24: DeprecationWarning: Please import `convolve` from the `scipy.ndimage` namespace; the `scipy.ndimage.filters` namespace is deprecated and will be removed in SciPy 2.0.0.
  from scipy.ndimage.filters import convolve
Building prefix dict from the default dictionary ...
Loading model from cache /tmp/jieba.cache
Loading model cost 0.472 seconds.
Prefix dict has been built successfully.
  0%|          | 0/2 [00:00<?, ?it/s]5
8
100%|██████████| 2/2 [00:00<00:00, 125.40it/s]

DanmakuFactory 1.70 CLI Release by hkm (hkm@tikm.org)
https://github.com/hihkm/DanmakuFactory

Input file(s):
Number|Template     |TimeShift|FileName
     1|xml          |   0.000s|/storage/32426326/20260321/32426326-20260321-215343-573.all.clean.xml

Output file:
Format|FileName
   ass|/storage/32426326/20260321/32426326-20260321-215343-573.all.ass

Loading files...
Loading file "/storage/32426326/20260321/32426326-20260321-215343-573.all.clean.xml"

File Loading Complete.. Danmaku Pool: 21

Sorting...

Writting file "/storage/32426326/20260321/32426326-20260321-215343-573.all.ass"...

Done!
