/webhook/venv/lib/python3.10/site-packages/danmaku_tools/danmaku_energy_map.py:24: DeprecationWarning: Please import `convolve` from the `scipy.ndimage` namespace; the `scipy.ndimage.filters` namespace is deprecated and will be removed in SciPy 2.0.0.
  from scipy.ndimage.filters import convolve
Building prefix dict from the default dictionary ...
Loading model from cache /tmp/jieba.cache
Loading model cost 0.546 seconds.
Prefix dict has been built successfully.
  0%|          | 0/115 [00:00<?, ?it/s]10
10
5
0
0
0
1
9
8
11
1
3
4
0
0
4
2
1
0
7
0
0
1
2
0
2
3
 23%|██▎       | 27/115 [00:00<00:00, 266.02it/s]13
51
7
12
2
4
2
4
2
17
0
9
7
2
35
5
0
0
18
4
0
1
0
3
6
1
12
 47%|████▋     | 54/115 [00:00<00:00, 134.29it/s]6
1
20
0
7
6
10
1
1
0
6
0
10
1
7
2
12
 62%|██████▏   | 71/115 [00:00<00:00, 134.55it/s]9
23
19
1
9
0
1
5
0
12
6
1
0
1
7
1
 76%|███████▌  | 87/115 [00:00<00:00, 106.85it/s]0
6
0
7
1
20
30
5
0
18
17
3
2
 87%|████████▋ | 100/115 [00:00<00:00, 110.18it/s]9
11
1
13
0
2
1
0
0
0
8
2
34
1
 99%|█████████▉| 114/115 [00:00<00:00, 116.92it/s]4
100%|██████████| 115/115 [00:00<00:00, 123.98it/s]

DanmakuFactory 1.70 CLI Release by hkm (hkm@tikm.org)
https://github.com/hihkm/DanmakuFactory

Input file(s):
Number|Template     |TimeShift|FileName
     1|xml          |   0.000s|/storage/32426326/20260321/32426326-20260321-223405-498.all.clean.xml

Output file:
Format|FileName
   ass|/storage/32426326/20260321/32426326-20260321-223405-498.all.ass

Loading files...
Loading file "/storage/32426326/20260321/32426326-20260321-223405-498.all.clean.xml"

File Loading Complete.. Danmaku Pool: 1285

Sorting...

Writting file "/storage/32426326/20260321/32426326-20260321-223405-498.all.ass"...

Done!
