/webhook/venv/lib/python3.10/site-packages/danmaku_tools/danmaku_energy_map.py:24: DeprecationWarning: Please import `convolve` from the `scipy.ndimage` namespace; the `scipy.ndimage.filters` namespace is deprecated and will be removed in SciPy 2.0.0.
  from scipy.ndimage.filters import convolve
Building prefix dict from the default dictionary ...
Loading model from cache /tmp/jieba.cache
Loading model cost 0.524 seconds.
Prefix dict has been built successfully.
  0%|          | 0/102 [00:00<?, ?it/s]1
0
3
1
11
0
8
0
33
8
21
 11%|█         | 11/102 [00:00<00:00, 96.04it/s]8
5
1
2
1
4
30
25
7
24
4
21
 23%|██▎       | 23/102 [00:00<00:00, 106.13it/s]0
19
71
19
20
24
11
43
5
30
41
 33%|███▎      | 34/102 [00:00<00:01, 52.47it/s] 16
0
14
0
1
0
3
36
2
11
1
3
18
 46%|████▌     | 47/102 [00:00<00:00, 69.05it/s]7
1
3
1
35
12
2
13
27
41
 56%|█████▌    | 57/102 [00:00<00:00, 58.13it/s]9
16
43
8
9
8
0
14
 64%|██████▎   | 65/102 [00:01<00:00, 60.39it/s]78
4
8
2
26
15
0
34
 72%|███████▏  | 73/102 [00:01<00:00, 55.94it/s]4
1
22
10
2
7
17
6
29
0
1
18
 83%|████████▎ | 85/102 [00:01<00:00, 68.00it/s]0
11
5
10
3
5
16
0
35
28
 93%|█████████▎| 95/102 [00:01<00:00, 74.99it/s]2
53
59
1
2
46
2
100%|██████████| 102/102 [00:01<00:00, 64.67it/s]

DanmakuFactory 1.70 CLI Release by hkm (hkm@tikm.org)
https://github.com/hihkm/DanmakuFactory

Input file(s):
Number|Template     |TimeShift|FileName
     1|xml          |   0.000s|/storage/32426326/20260719/32426326-20260719-144404-003.all.clean.xml

Output file:
Format|FileName
   ass|/storage/32426326/20260719/32426326-20260719-144404-003.all.ass

Loading files...
Loading file "/storage/32426326/20260719/32426326-20260719-144404-003.all.clean.xml"

File Loading Complete.. Danmaku Pool: 3089

Sorting...

Writting file "/storage/32426326/20260719/32426326-20260719-144404-003.all.ass"...

Done!
