/webhook/venv/lib/python3.10/site-packages/danmaku_tools/danmaku_energy_map.py:24: DeprecationWarning: Please import `convolve` from the `scipy.ndimage` namespace; the `scipy.ndimage.filters` namespace is deprecated and will be removed in SciPy 2.0.0.
  from scipy.ndimage.filters import convolve
Building prefix dict from the default dictionary ...
Loading model from cache /tmp/jieba.cache
Loading model cost 0.407 seconds.
Prefix dict has been built successfully.
  0%|          | 0/122 [00:00<?, ?it/s]23
28
4
2
14
4
4
103
  7%|▋         | 8/122 [00:00<00:02, 38.02it/s]13
11
1
32
6
81
 11%|█▏        | 14/122 [00:00<00:02, 46.02it/s]72
21
45
74
13
 16%|█▌        | 19/122 [00:00<00:02, 34.65it/s]19
36
37
26
41
 20%|█▉        | 24/122 [00:00<00:02, 37.06it/s]41
81
11
36
 23%|██▎       | 28/122 [00:00<00:02, 31.78it/s]2
46
7
64
 26%|██▌       | 32/122 [00:00<00:02, 31.08it/s]69
30
14
51
 30%|██▉       | 36/122 [00:01<00:02, 29.96it/s]40
19
12
25
2
2
3
6
 36%|███▌      | 44/122 [00:01<00:01, 41.74it/s]23
7
37
36
39
 40%|████      | 49/122 [00:01<00:01, 41.54it/s]75
1
72
4
13
 44%|████▍     | 54/122 [00:01<00:01, 40.01it/s]21
30
38
0
8
40
98
 50%|█████     | 61/122 [00:01<00:01, 39.75it/s]9
48
38
19
3
 54%|█████▍    | 66/122 [00:01<00:01, 40.73it/s]0
33
2
43
0
1
30
 60%|█████▉    | 73/122 [00:01<00:01, 43.46it/s]12
6
66
79
47
 64%|██████▍   | 78/122 [00:02<00:01, 40.50it/s]32
9
28
63
4
 68%|██████▊   | 83/122 [00:02<00:00, 41.62it/s]1
12
0
7
14
8
1
0
9
9
1
3
9
0
5
5
 81%|████████  | 99/122 [00:02<00:00, 70.16it/s]0
16
7
9
9
18
0
9
15
29
1
25
 91%|█████████ | 111/122 [00:02<00:00, 80.63it/s]4
9
4
9
4
1
7
11
7
0
3
100%|██████████| 122/122 [00:02<00:00, 50.51it/s]

DanmakuFactory 1.70 CLI Release by hkm (hkm@tikm.org)
https://github.com/hihkm/DanmakuFactory

Input file(s):
Number|Template     |TimeShift|FileName
     1|xml          |   0.000s|/storage/32426326/20260326/32426326-20260326-150702-183.all.clean.xml

Output file:
Format|FileName
   ass|/storage/32426326/20260326/32426326-20260326-150702-183.all.ass

Loading files...
Loading file "/storage/32426326/20260326/32426326-20260326-150702-183.all.clean.xml"

File Loading Complete.. Danmaku Pool: 6834

Sorting...

Writting file "/storage/32426326/20260326/32426326-20260326-150702-183.all.ass"...

Done!
