/webhook/venv/lib/python3.10/site-packages/danmaku_tools/danmaku_energy_map.py:24: DeprecationWarning: Please import `convolve` from the `scipy.ndimage` namespace; the `scipy.ndimage.filters` namespace is deprecated and will be removed in SciPy 2.0.0.
  from scipy.ndimage.filters import convolve
Building prefix dict from the default dictionary ...
Loading model from cache /tmp/jieba.cache
Loading model cost 0.480 seconds.
Prefix dict has been built successfully.
  0%|          | 0/77 [00:00<?, ?it/s]8
32
35
0
22
  6%|▋         | 5/77 [00:00<00:01, 41.56it/s]50
0
2
21
0
5
14
 16%|█▌        | 12/77 [00:00<00:01, 55.88it/s]41
2
51
99
16
3
 23%|██▎       | 18/77 [00:00<00:02, 26.13it/s]59
12
1
34
 29%|██▊       | 22/77 [00:00<00:02, 26.80it/s]25
85
36
33
 34%|███▍      | 26/77 [00:00<00:01, 27.65it/s]3
17
92
52
 39%|███▉      | 30/77 [00:01<00:01, 25.65it/s]5
54
6
86
 44%|████▍     | 34/77 [00:01<00:01, 27.39it/s]8
17
58
97
 49%|████▉     | 38/77 [00:01<00:01, 24.17it/s]70
57
23
 53%|█████▎    | 41/77 [00:01<00:01, 21.10it/s]27
6
7
14
60
 60%|█████▉    | 46/77 [00:01<00:01, 25.72it/s]69
11
30
24
 65%|██████▍   | 50/77 [00:01<00:00, 28.31it/s]3
11
23
0
0
55
 73%|███████▎  | 56/77 [00:01<00:00, 34.56it/s]4
14
0
36
5
3
30
0
2
25
 86%|████████▌ | 66/77 [00:02<00:00, 48.37it/s]11
1
70
84
18
1
 94%|█████████▎| 72/77 [00:02<00:00, 36.00it/s]7
5
0
61
21
100%|██████████| 77/77 [00:02<00:00, 38.12it/s]100%|██████████| 77/77 [00:02<00:00, 31.68it/s]

DanmakuFactory 1.70 CLI Release by hkm (hkm@tikm.org)
https://github.com/hihkm/DanmakuFactory

Input file(s):
Number|Template     |TimeShift|FileName
     1|xml          |   0.000s|/storage/32426326/20260320/32426326-20260320-150059-132.all.clean.xml

Output file:
Format|FileName
   ass|/storage/32426326/20260320/32426326-20260320-150059-132.all.ass

Loading files...
Loading file "/storage/32426326/20260320/32426326-20260320-150059-132.all.clean.xml"

File Loading Complete.. Danmaku Pool: 4915

Sorting...

Writting file "/storage/32426326/20260320/32426326-20260320-150059-132.all.ass"...

Done!
