/webhook/venv/lib/python3.10/site-packages/danmaku_tools/danmaku_energy_map.py:24: DeprecationWarning: Please import `convolve` from the `scipy.ndimage` namespace; the `scipy.ndimage.filters` namespace is deprecated and will be removed in SciPy 2.0.0.
  from scipy.ndimage.filters import convolve
Building prefix dict from the default dictionary ...
Loading model from cache /tmp/jieba.cache
Loading model cost 0.499 seconds.
Prefix dict has been built successfully.
  0%|          | 0/59 [00:00<?, ?it/s]0
11
70
9
1
2
20
 12%|█▏        | 7/59 [00:00<00:00, 64.35it/s]31
6
8
9
90
26
43
 24%|██▎       | 14/59 [00:00<00:01, 42.24it/s]2
1
59
45
15
 32%|███▏      | 19/59 [00:00<00:00, 41.02it/s]5
0
37
44
30
 41%|████      | 24/59 [00:00<00:00, 40.79it/s]28
11
5
21
35
14
32
 53%|█████▎    | 31/59 [00:00<00:00, 47.83it/s]29
19
30
23
21
 61%|██████    | 36/59 [00:00<00:00, 46.50it/s]44
27
0
1
23
34
21
16
 75%|███████▍  | 44/59 [00:00<00:00, 53.96it/s]38
4
29
1
49
7
 85%|████████▍ | 50/59 [00:01<00:00, 50.43it/s]18
9
16
0
0
2
0
55
34
100%|██████████| 59/59 [00:01<00:00, 58.80it/s]100%|██████████| 59/59 [00:01<00:00, 51.08it/s]

DanmakuFactory 1.70 CLI Release by hkm (hkm@tikm.org)
https://github.com/hihkm/DanmakuFactory

Input file(s):
Number|Template     |TimeShift|FileName
     1|xml          |   0.000s|/storage/32426326/20251211/32426326-20251211-144038-121.all.clean.xml

Output file:
Format|FileName
   ass|/storage/32426326/20251211/32426326-20251211-144038-121.all.ass

Loading files...
Loading file "/storage/32426326/20251211/32426326-20251211-144038-121.all.clean.xml"

File Loading Complete.. Danmaku Pool: 2854

Sorting...

Writting file "/storage/32426326/20251211/32426326-20251211-144038-121.all.ass"...

Done!
