/webhook/venv/lib/python3.10/site-packages/danmaku_tools/danmaku_energy_map.py:24: DeprecationWarning: Please import `convolve` from the `scipy.ndimage` namespace; the `scipy.ndimage.filters` namespace is deprecated and will be removed in SciPy 2.0.0.
  from scipy.ndimage.filters import convolve
Building prefix dict from the default dictionary ...
Loading model from cache /tmp/jieba.cache
Loading model cost 0.589 seconds.
Prefix dict has been built successfully.
  0%|          | 0/82 [00:00<?, ?it/s]36
9
28
0
2
9
  7%|▋         | 6/82 [00:00<00:01, 56.90it/s]0
68
30
4
140
5
 15%|█▍        | 12/82 [00:00<00:02, 23.71it/s]0
2
21
21
6
12
27
62
 24%|██▍       | 20/82 [00:00<00:01, 31.26it/s]3
1
7
9
0
10
9
4
1
37
 37%|███▋      | 30/82 [00:00<00:01, 45.33it/s]1
0
0
0
2
4
6
4
6
1
0
1
1
3
2
0
5
18
6
1
0
6
0
9
3
15
10
3
48
4
12
9
19
0
5
17
0
20
1
15
9
19
0
22
11
15
0
21
12
8
2
3
100%|██████████| 82/82 [-1:59:59<00:00, -73.81it/s]

DanmakuFactory 1.70 CLI Release by hkm (hkm@tikm.org)
https://github.com/hihkm/DanmakuFactory

Input file(s):
Number|Template     |TimeShift|FileName
     1|xml          |   0.000s|/storage/32426326/20260710/32426326-20260710-171219-236.all.clean.xml

Output file:
Format|FileName
   ass|/storage/32426326/20260710/32426326-20260710-171219-236.all.ass

Loading files...
Loading file "/storage/32426326/20260710/32426326-20260710-171219-236.all.clean.xml"

File Loading Complete.. Danmaku Pool: 2071

Sorting...

Writting file "/storage/32426326/20260710/32426326-20260710-171219-236.all.ass"...

Done!
