/webhook/venv/lib/python3.10/site-packages/danmaku_tools/danmaku_energy_map.py:24: DeprecationWarning: Please import `convolve` from the `scipy.ndimage` namespace; the `scipy.ndimage.filters` namespace is deprecated and will be removed in SciPy 2.0.0.
  from scipy.ndimage.filters import convolve
Building prefix dict from the default dictionary ...
Loading model from cache /tmp/jieba.cache
Loading model cost 0.402 seconds.
Prefix dict has been built successfully.
  0%|          | 0/82 [00:00<?, ?it/s]24
2
26
3
18
  6%|▌         | 5/82 [00:00<00:02, 31.33it/s]19
1
5
28
70
 12%|█▏        | 10/82 [00:00<00:01, 36.44it/s]5
24
3
5
4
4
8
33
 22%|██▏       | 18/82 [00:00<00:01, 48.31it/s]10
17
61
46
13
 28%|██▊       | 23/82 [00:00<00:01, 43.35it/s]3
4
17
1
32
49
44
 37%|███▋      | 30/82 [00:00<00:01, 49.90it/s]46
1
16
2
2
1
29
 45%|████▌     | 37/82 [00:00<00:01, 43.08it/s]4
1
9
10
18
29
36
13
102
 56%|█████▌    | 46/82 [00:01<00:00, 43.93it/s]6
2
21
0
0
19
0
25
0
1
11
5
3
10
7
 74%|███████▍  | 61/82 [00:01<00:00, 25.86it/s]0
4
1
4
0
14
10
16
29
 85%|████████▌ | 70/82 [00:02<00:00, 31.99it/s]27
0
1
1
17
18
1
8
6
0
45
 99%|█████████▉| 81/82 [00:02<00:00, 41.09it/s]39
100%|██████████| 82/82 [00:02<00:00, 38.16it/s]

DanmakuFactory 1.70 CLI Release by hkm (hkm@tikm.org)
https://github.com/hihkm/DanmakuFactory

Input file(s):
Number|Template     |TimeShift|FileName
     1|xml          |   0.000s|/storage/32426326/20251128/32426326-20251128-145912-664.all.clean.xml

Output file:
Format|FileName
   ass|/storage/32426326/20251128/32426326-20251128-145912-664.all.ass

Loading files...
Loading file "/storage/32426326/20251128/32426326-20251128-145912-664.all.clean.xml"

File Loading Complete.. Danmaku Pool: 2514

Sorting...

Writting file "/storage/32426326/20251128/32426326-20251128-145912-664.all.ass"...

Done!
