/webhook/venv/lib/python3.10/site-packages/danmaku_tools/danmaku_energy_map.py:24: DeprecationWarning: Please import `convolve` from the `scipy.ndimage` namespace; the `scipy.ndimage.filters` namespace is deprecated and will be removed in SciPy 2.0.0.
  from scipy.ndimage.filters import convolve
Building prefix dict from the default dictionary ...
Loading model from cache /tmp/jieba.cache
Loading model cost 0.505 seconds.
Prefix dict has been built successfully.
  0%|          | 0/145 [00:00<?, ?it/s]11
8
57
14
46
  3%|▎         | 5/145 [00:00<00:03, 44.46it/s]25
0
30
2
83
  7%|▋         | 10/145 [00:00<00:03, 36.70it/s]74
6
4
21
 10%|▉         | 14/145 [00:00<00:03, 36.58it/s]21
1
9
10
2
6
1
1
0
28
0
33
 18%|█▊        | 26/145 [00:00<00:01, 61.21it/s]26
45
7
7
4
30
8
 23%|██▎       | 33/145 [00:00<00:01, 60.67it/s]10
49
22
4
5
15
52
 28%|██▊       | 40/145 [00:00<00:01, 55.32it/s]82
0
15
0
1
4
 32%|███▏      | 46/145 [00:00<00:01, 52.85it/s]1
9
4
3
2
0
46
37
 37%|███▋      | 54/145 [00:01<00:01, 51.70it/s]0
3
52
9
16
12
1
0
2
28
3
 45%|████▍     | 65/145 [00:01<00:01, 65.84it/s]0
1
32
2
28
50
3
 50%|████▉     | 72/145 [00:01<00:01, 63.97it/s]10
1
0
2
1
54
29
 54%|█████▍    | 79/145 [00:01<00:01, 65.31it/s]2
29
0
3
9
2
1
23
 60%|██████    | 87/145 [00:01<00:00, 67.34it/s]8
21
11
0
9
1
1
 65%|██████▍   | 94/145 [00:01<00:00, 60.60it/s]18
1
1
11
3
9
0
40
7
2
9
 72%|███████▏  | 105/145 [00:01<00:00, 71.76it/s]3
0
4
0
0
9
4
6
8
0
0
7
12
7
 82%|████████▏ | 119/145 [00:01<00:00, 89.57it/s]1
3
27
3
0
3
10
5
0
16
24
 90%|████████▉ | 130/145 [00:01<00:00, 88.51it/s]2
4
0
10
2
0
0
15
9
0
2
2
2
0
6
100%|██████████| 145/145 [00:02<00:00, 71.71it/s]

DanmakuFactory 1.70 CLI Release by hkm (hkm@tikm.org)
https://github.com/hihkm/DanmakuFactory

Input file(s):
Number|Template     |TimeShift|FileName
     1|xml          |   0.000s|/storage/32426326/20260728/32426326-20260728-150751-910.all.clean.xml

Output file:
Format|FileName
   ass|/storage/32426326/20260728/32426326-20260728-150751-910.all.ass

Loading files...
Loading file "/storage/32426326/20260728/32426326-20260728-150751-910.all.clean.xml"

File Loading Complete.. Danmaku Pool: 3484

Sorting...

Writting file "/storage/32426326/20260728/32426326-20260728-150751-910.all.ass"...

Done!
