/webhook/venv/lib/python3.10/site-packages/danmaku_tools/danmaku_energy_map.py:24: DeprecationWarning: Please import `convolve` from the `scipy.ndimage` namespace; the `scipy.ndimage.filters` namespace is deprecated and will be removed in SciPy 2.0.0.
  from scipy.ndimage.filters import convolve
Building prefix dict from the default dictionary ...
Loading model from cache /tmp/jieba.cache
Loading model cost 0.754 seconds.
Prefix dict has been built successfully.
  0%|          | 0/114 [00:00<?, ?it/s]19
19
2
28
0
1
27
28
  7%|▋         | 8/114 [00:00<00:01, 69.47it/s]10
1
3
32
29
20
1
5
4
2
99
 17%|█▋        | 19/114 [00:00<00:01, 63.78it/s]56
13
67
3
40
32
11
 23%|██▎       | 26/114 [00:00<00:01, 49.51it/s]20
32
179
82
45
40
 28%|██▊       | 32/114 [00:00<00:03, 26.59it/s]30
45
24
11
14
 32%|███▏      | 37/114 [00:01<00:02, 29.91it/s]94
98
58
35
 36%|███▌      | 41/114 [00:01<00:03, 22.17it/s]41
36
5
103
 39%|███▉      | 45/114 [00:01<00:03, 21.74it/s]11
33
120
 42%|████▏     | 48/114 [00:01<00:03, 20.89it/s]39
5
1
61
87
 46%|████▋     | 53/114 [00:01<00:02, 24.07it/s]14
10
28
2
58
1
23
 53%|█████▎    | 60/114 [00:02<00:01, 31.15it/s]2
3
3
47
69
 57%|█████▋    | 65/114 [00:02<00:01, 33.52it/s]35
51
25
1
 61%|██████    | 69/114 [00:02<00:01, 31.49it/s]5
214
33
26
 64%|██████▍   | 73/114 [00:02<00:01, 21.95it/s]17
10
6
0
29
33
20
73
 71%|███████   | 81/114 [00:02<00:01, 28.38it/s]47
29
6
42
 75%|███████▍  | 85/114 [00:02<00:00, 30.39it/s]6
1
45
34
26
0
3
9
2
11
 83%|████████▎ | 95/114 [00:03<00:00, 43.63it/s]23
0
9
4
16
11
0
9
25
 91%|█████████ | 104/114 [00:03<00:00, 53.63it/s]10
13
2
3
0
2
4
1
10
25
100%|██████████| 114/114 [00:03<00:00, 35.71it/s]

DanmakuFactory 1.70 CLI Release by hkm (hkm@tikm.org)
https://github.com/hihkm/DanmakuFactory

Input file(s):
Number|Template     |TimeShift|FileName
     1|xml          |   0.000s|/storage/32426326/20260410/32426326-20260410-142850-574.all.clean.xml

Output file:
Format|FileName
   ass|/storage/32426326/20260410/32426326-20260410-142850-574.all.ass

Loading files...
Loading file "/storage/32426326/20260410/32426326-20260410-142850-574.all.clean.xml"

File Loading Complete.. Danmaku Pool: 8000

Sorting...

Writting file "/storage/32426326/20260410/32426326-20260410-142850-574.all.ass"...

Done!
