/webhook/venv/lib/python3.10/site-packages/danmaku_tools/danmaku_energy_map.py:24: DeprecationWarning: Please import `convolve` from the `scipy.ndimage` namespace; the `scipy.ndimage.filters` namespace is deprecated and will be removed in SciPy 2.0.0.
  from scipy.ndimage.filters import convolve
Building prefix dict from the default dictionary ...
Loading model from cache /tmp/jieba.cache
Loading model cost 0.458 seconds.
Prefix dict has been built successfully.
  0%|          | 0/107 [00:00<?, ?it/s]7
1
3
26
12
3
3
16
47
  8%|▊         | 9/107 [00:00<00:01, 59.92it/s]21
4
54
25
1
12
4
46
 16%|█▌        | 17/107 [00:00<00:01, 63.00it/s]5
7
118
15
8
47
2
 22%|██▏       | 24/107 [00:00<00:01, 44.11it/s]13
7
17
44
33
 27%|██▋       | 29/107 [00:00<00:01, 44.76it/s]41
14
3
28
30
25
 33%|███▎      | 35/107 [00:00<00:01, 48.57it/s]0
3
3
9
2
5
35
2
 40%|████      | 43/107 [00:00<00:01, 55.73it/s]0
20
15
1
33
46
 46%|████▌     | 49/107 [00:00<00:01, 50.25it/s]4
37
0
9
47
1
 51%|█████▏    | 55/107 [00:01<00:00, 52.23it/s]15
3
17
1
0
0
15
1
3
3
18
3
1
5
38
 65%|██████▌   | 70/107 [00:01<00:00, 76.36it/s]1
16
19
9
12
2
19
3
9
43
6
 76%|███████▌  | 81/107 [00:01<00:00, 83.43it/s]28
93
0
1
48
18
4
3
10
 84%|████████▍ | 90/107 [00:01<00:00, 55.08it/s]45
16
1
14
3
15
0
3
0
8
12
0
5
 96%|█████████▋| 103/107 [00:01<00:00, 68.99it/s]24
17
47
36
100%|██████████| 107/107 [00:01<00:00, 58.79it/s]

DanmakuFactory 1.70 CLI Release by hkm (hkm@tikm.org)
https://github.com/hihkm/DanmakuFactory

Input file(s):
Number|Template     |TimeShift|FileName
     1|xml          |   0.000s|/storage/32426326/20250907/32426326-20250907-143404-342.all.clean.xml

Output file:
Format|FileName
   ass|/storage/32426326/20250907/32426326-20250907-143404-342.all.ass

Loading files...
Loading file "/storage/32426326/20250907/32426326-20250907-143404-342.all.clean.xml"

File Loading Complete.. Danmaku Pool: 3609

Sorting...

Writting file "/storage/32426326/20250907/32426326-20250907-143404-342.all.ass"...

Done!
