/webhook/venv/lib/python3.10/site-packages/danmaku_tools/danmaku_energy_map.py:24: DeprecationWarning: Please import `convolve` from the `scipy.ndimage` namespace; the `scipy.ndimage.filters` namespace is deprecated and will be removed in SciPy 2.0.0.
  from scipy.ndimage.filters import convolve
Building prefix dict from the default dictionary ...
Loading model from cache /tmp/jieba.cache
Loading model cost 0.455 seconds.
Prefix dict has been built successfully.
  0%|          | 0/136 [00:00<?, ?it/s]4
2
2
37
2
8
  4%|▍         | 6/136 [00:00<00:05, 25.66it/s]27
9
13
  7%|▋         | 9/136 [00:00<00:05, 21.72it/s]11
8
0
14
22
7
19
0
1
4
2
1
0
8
4
0
2
58
 20%|█▉        | 27/136 [00:00<00:01, 62.99it/s]5
44
26
24
3
4
78
21
 26%|██▌       | 35/136 [00:00<00:01, 59.10it/s]45
1
2
50
2
6
7
 31%|███       | 42/136 [00:00<00:01, 61.01it/s]64
71
52
11
25
37
43
 36%|███▌      | 49/136 [00:01<00:02, 41.16it/s]140
53
2
61
1
46
 40%|████      | 55/136 [00:01<00:02, 30.30it/s]0
40
19
7
89
 44%|████▍     | 60/136 [00:01<00:02, 30.99it/s]18
1
6
0
18
58
42
 49%|████▉     | 67/136 [00:01<00:01, 37.39it/s]6
16
45
12
60
 53%|█████▎    | 72/136 [00:01<00:01, 35.36it/s]44
89
0
5
1
 57%|█████▋    | 77/136 [00:01<00:01, 36.22it/s]1
9
6
7
0
3
0
11
1
1
0
0
40
5
74
 68%|██████▊   | 92/136 [00:02<00:00, 56.86it/s]20
0
68
51
22
38
1
 73%|███████▎  | 99/136 [00:02<00:00, 58.47it/s]47
64
1
6
0
3
64
 78%|███████▊  | 106/136 [00:02<00:00, 59.19it/s]24
1
28
2
0
2
47
22
 84%|████████▍ | 114/136 [00:02<00:00, 62.63it/s]4
0
4
43
20
19
8
9
36
 90%|█████████ | 123/136 [00:02<00:00, 64.65it/s]10
29
0
0
7
0
11
48
1
3
29
28
 99%|█████████▉| 135/136 [00:02<00:00, 77.72it/s]13
100%|██████████| 136/136 [00:02<00:00, 50.48it/s]

DanmakuFactory 1.70 CLI Release by hkm (hkm@tikm.org)
https://github.com/hihkm/DanmakuFactory

Input file(s):
Number|Template     |TimeShift|FileName
     1|xml          |   0.000s|/storage/32426326/20251104/32426326-20251104-140213-140.all.clean.xml

Output file:
Format|FileName
   ass|/storage/32426326/20251104/32426326-20251104-140213-140.all.ass

Loading files...
Loading file "/storage/32426326/20251104/32426326-20251104-140213-140.all.clean.xml"

File Loading Complete.. Danmaku Pool: 5527

Sorting...

Writting file "/storage/32426326/20251104/32426326-20251104-140213-140.all.ass"...

Done!
