/webhook/venv/lib/python3.10/site-packages/danmaku_tools/danmaku_energy_map.py:24: DeprecationWarning: Please import `convolve` from the `scipy.ndimage` namespace; the `scipy.ndimage.filters` namespace is deprecated and will be removed in SciPy 2.0.0.
  from scipy.ndimage.filters import convolve
Building prefix dict from the default dictionary ...
Loading model from cache /tmp/jieba.cache
Loading model cost 0.490 seconds.
Prefix dict has been built successfully.
  0%|          | 0/136 [00:00<?, ?it/s]6
8
6
61
  3%|▎         | 4/136 [00:00<00:03, 37.87it/s]42
99
54
32
  6%|▌         | 8/136 [00:00<00:06, 20.21it/s]5
3
35
1
1
3
5
7
58
 12%|█▎        | 17/136 [00:00<00:03, 39.36it/s]2
3
5
20
4
51
0
1
70
 19%|█▉        | 26/136 [00:00<00:02, 49.35it/s]21
29
21
23
45
6
 24%|██▎       | 32/136 [00:00<00:02, 43.56it/s]5
4
0
36
55
 27%|██▋       | 37/136 [00:00<00:02, 36.71it/s]17
246
36
1
28
 31%|███       | 42/136 [00:01<00:04, 22.32it/s]19
8
7
2
 34%|███▍      | 46/136 [00:01<00:03, 24.62it/s]3
0
1
32
4
1
6
9
 40%|███▉      | 54/136 [00:01<00:02, 34.04it/s]21
25
9
17
123
 43%|████▎     | 59/136 [00:01<00:02, 27.23it/s]3
39
7
7
2
16
21
 49%|████▊     | 66/136 [00:02<00:02, 34.40it/s]21
34
6
2
0
25
10
16
6
 55%|█████▌    | 75/136 [00:02<00:01, 44.66it/s]6
7
6
39
26
14
 60%|█████▉    | 81/136 [00:02<00:01, 47.64it/s]60
11
5
7
52
13
2
13
53
8
0
16
0
2
6
21
40
3
33
23
0
1
0
3
15
17
13
39
4
40
21
2
7
13
4
10
1
12
1
0
3
62
12
39
14
3
43
36
14
6
30
9
50
0
65
100%|██████████| 136/136 [00:00<00:00, 350.71it/s]

DanmakuFactory 1.70 CLI Release by hkm (hkm@tikm.org)
https://github.com/hihkm/DanmakuFactory

Input file(s):
Number|Template     |TimeShift|FileName
     1|xml          |   0.000s|/storage/32426326/20251224/32426326-20251224-145454-776.all.clean.xml

Output file:
Format|FileName
   ass|/storage/32426326/20251224/32426326-20251224-145454-776.all.ass

Loading files...
Loading file "/storage/32426326/20251224/32426326-20251224-145454-776.all.clean.xml"

File Loading Complete.. Danmaku Pool: 6892

Sorting...

Writting file "/storage/32426326/20251224/32426326-20251224-145454-776.all.ass"...

Done!
