/webhook/venv/lib/python3.10/site-packages/danmaku_tools/danmaku_energy_map.py:24: DeprecationWarning: Please import `convolve` from the `scipy.ndimage` namespace; the `scipy.ndimage.filters` namespace is deprecated and will be removed in SciPy 2.0.0.
  from scipy.ndimage.filters import convolve
Building prefix dict from the default dictionary ...
Loading model from cache /tmp/jieba.cache
Loading model cost 0.410 seconds.
Prefix dict has been built successfully.
  0%|          | 0/132 [00:00<?, ?it/s]14
10
  2%|▏         | 2/132 [00:00<00:07, 18.09it/s]0
12
1
8
  5%|▍         | 6/132 [00:00<00:04, 29.56it/s]1
4
0
7
2
7
1
18
14
2
1
2
2
1
7
19
 17%|█▋        | 22/132 [00:00<00:01, 81.89it/s]5
24
1
25
3
1
15
6
8
 23%|██▎       | 31/132 [00:00<00:01, 53.86it/s]42
3
7
23
39
96
3
 29%|██▉       | 38/132 [00:01<00:04, 22.79it/s]0
82
30
21
0
 33%|███▎      | 43/132 [00:01<00:03, 23.74it/s]1
3
69
28
 36%|███▌      | 47/132 [00:01<00:03, 23.18it/s]3
0
4
6
174
 39%|███▉      | 52/132 [00:01<00:03, 21.17it/s]28
8
116
 42%|████▏     | 55/132 [00:02<00:03, 22.25it/s]30
6
2
0
10
5
15
1
2
5
3
2
47
 52%|█████▏    | 68/132 [00:02<00:01, 39.90it/s]1
5
0
5
11
11
1
4
3
10
4
46
19
32
 62%|██████▏   | 82/132 [00:02<00:00, 54.83it/s]13
3
8
3
14
9
7
21
36
 69%|██████▉   | 91/132 [00:02<00:00, 61.61it/s]1
2
1
2
9
7
0
2
1
41
12
2
20
0
3
0
3
1
12
 83%|████████▎ | 110/132 [00:02<00:00, 89.95it/s]25
31
4
37
33
7
8
34
56
5
1
 92%|█████████▏| 121/132 [00:04<00:00, 19.24it/s]1
0
50
0
15
4
20
1
 98%|█████████▊| 129/132 [00:05<00:00, 15.52it/s]37
37
32
100%|██████████| 132/132 [00:05<00:00, 25.55it/s]

DanmakuFactory 1.70 CLI Release by hkm (hkm@tikm.org)
https://github.com/hihkm/DanmakuFactory

Input file(s):
Number|Template     |TimeShift|FileName
     1|xml          |   0.000s|/storage/32426326/20251125/32426326-20251125-130627-272.all.clean.xml

Output file:
Format|FileName
   ass|/storage/32426326/20251125/32426326-20251125-130627-272.all.ass

Loading files...
Loading file "/storage/32426326/20251125/32426326-20251125-130627-272.all.clean.xml"

File Loading Complete.. Danmaku Pool: 4262

Sorting...

Writting file "/storage/32426326/20251125/32426326-20251125-130627-272.all.ass"...

Done!
