/webhook/venv/lib/python3.10/site-packages/danmaku_tools/danmaku_energy_map.py:24: DeprecationWarning: Please import `convolve` from the `scipy.ndimage` namespace; the `scipy.ndimage.filters` namespace is deprecated and will be removed in SciPy 2.0.0.
  from scipy.ndimage.filters import convolve
Building prefix dict from the default dictionary ...
Loading model from cache /tmp/jieba.cache
Loading model cost 0.448 seconds.
Prefix dict has been built successfully.
  0%|          | 0/112 [00:00<?, ?it/s]20
138
  2%|▏         | 2/112 [00:00<00:19,  5.71it/s]25
57
  4%|▎         | 4/112 [00:00<00:12,  8.85it/s]30
92
  5%|▌         | 6/112 [00:00<00:11,  9.27it/s]54
50
22
  8%|▊         | 9/112 [00:00<00:07, 13.80it/s]25
76
0
22
 12%|█▏        | 13/112 [00:00<00:04, 20.08it/s]21
152
1
 14%|█▍        | 16/112 [00:01<00:04, 19.25it/s]3
54
43
 17%|█▋        | 19/112 [00:01<00:04, 20.18it/s]51
38
3
4
41
 21%|██▏       | 24/112 [00:01<00:03, 23.80it/s]0
123
44
 24%|██▍       | 27/112 [00:01<00:04, 20.27it/s]6
31
18
21
42
 29%|██▊       | 32/112 [00:01<00:03, 24.23it/s]11
37
46
 31%|███▏      | 35/112 [00:01<00:03, 24.22it/s]49
4
42
1
43
 36%|███▌      | 40/112 [00:01<00:02, 27.95it/s]6
4
5
9
3
7
57
4
13
16
 45%|████▍     | 50/112 [00:02<00:01, 42.19it/s]124
2
5
4
20
 49%|████▉     | 55/112 [00:02<00:01, 36.99it/s]4
34
2
8
1
15
1
37
 56%|█████▋    | 63/112 [00:02<00:01, 41.94it/s]27
8
15
7
0
68
 62%|██████▏   | 69/112 [00:02<00:01, 38.39it/s]17
3
1
5
25
7
0
3
1
0
1
16
2
0
27
 75%|███████▌  | 84/112 [00:02<00:00, 59.86it/s]0
15
21
0
1
4
1
2
0
7
1
0
3
0
2
2
2
0
3
2
0
0
5
10
 96%|█████████▋| 108/112 [00:02<00:00, 99.87it/s]0
5
5
0
100%|██████████| 112/112 [00:02<00:00, 39.33it/s]

DanmakuFactory 1.70 CLI Release by hkm (hkm@tikm.org)
https://github.com/hihkm/DanmakuFactory

Input file(s):
Number|Template     |TimeShift|FileName
     1|xml          |   0.000s|/storage/32426326/20260122/32426326-20260122-161301-258.all.clean.xml

Output file:
Format|FileName
   ass|/storage/32426326/20260122/32426326-20260122-161301-258.all.ass

Loading files...
Loading file "/storage/32426326/20260122/32426326-20260122-161301-258.all.clean.xml"

File Loading Complete.. Danmaku Pool: 6396

Sorting...

Writting file "/storage/32426326/20260122/32426326-20260122-161301-258.all.ass"...

Done!
