/webhook/venv/lib/python3.10/site-packages/danmaku_tools/danmaku_energy_map.py:24: DeprecationWarning: Please import `convolve` from the `scipy.ndimage` namespace; the `scipy.ndimage.filters` namespace is deprecated and will be removed in SciPy 2.0.0.
  from scipy.ndimage.filters import convolve
Building prefix dict from the default dictionary ...
Loading model from cache /tmp/jieba.cache
Loading model cost 0.403 seconds.
Prefix dict has been built successfully.
  0%|          | 0/109 [00:00<?, ?it/s]0
9
5
12
1
34
2
9
70
  8%|▊         | 9/109 [00:00<00:01, 56.16it/s]9
0
9
21
55
26
 14%|█▍        | 15/109 [00:00<00:01, 55.67it/s]3
11
1
20
1
2
5
16
1
45
63
 24%|██▍       | 26/109 [00:00<00:01, 72.23it/s]25
3
12
33
41
9
6
32
 31%|███       | 34/109 [00:00<00:01, 65.90it/s]4
46
62
2
34
6
22
 38%|███▊      | 41/109 [00:00<00:01, 56.61it/s]14
0
1
0
3
2
3
0
16
20
16
 48%|████▊     | 52/109 [00:00<00:00, 68.20it/s]0
6
1
9
6
24
2
47
 55%|█████▌    | 60/109 [00:00<00:00, 66.44it/s]21
0
5
7
1
18
6
 61%|██████▏   | 67/109 [00:01<00:00, 62.88it/s]34
23
6
6
3
7
2
 68%|██████▊   | 74/109 [00:01<00:00, 60.32it/s]10
76
67
1
24
34
2
 74%|███████▍  | 81/109 [00:01<00:00, 51.60it/s]26
15
14
19
33
3
 80%|███████▉  | 87/109 [00:01<00:00, 52.73it/s]0
45
23
8
0
18
33
 86%|████████▌ | 94/109 [00:01<00:00, 54.31it/s]7
20
5
0
29
0
8
3
3
4
13
9
0
2
32
100%|██████████| 109/109 [00:01<00:00, 68.59it/s]100%|██████████| 109/109 [00:01<00:00, 62.19it/s]

DanmakuFactory 1.70 CLI Release by hkm (hkm@tikm.org)
https://github.com/hihkm/DanmakuFactory

Input file(s):
Number|Template     |TimeShift|FileName
     1|xml          |   0.000s|/storage/32426326/20250915/32426326-20250915-144202-161.all.clean.xml

Output file:
Format|FileName
   ass|/storage/32426326/20250915/32426326-20250915-144202-161.all.ass

Loading files...
Loading file "/storage/32426326/20250915/32426326-20250915-144202-161.all.clean.xml"

File Loading Complete.. Danmaku Pool: 3820

Sorting...

Writting file "/storage/32426326/20250915/32426326-20250915-144202-161.all.ass"...

Done!
