/webhook/venv/lib/python3.10/site-packages/danmaku_tools/danmaku_energy_map.py:24: DeprecationWarning: Please import `convolve` from the `scipy.ndimage` namespace; the `scipy.ndimage.filters` namespace is deprecated and will be removed in SciPy 2.0.0.
  from scipy.ndimage.filters import convolve
Building prefix dict from the default dictionary ...
Loading model from cache /tmp/jieba.cache
Loading model cost 0.405 seconds.
Prefix dict has been built successfully.
  0%|          | 0/135 [00:00<?, ?it/s]11
1
2
37
5
16
19
0
0
43
  7%|▋         | 10/135 [00:00<00:01, 71.12it/s]0
11
55
128
0
25
37
3
 13%|█▎        | 18/135 [00:00<00:02, 44.49it/s]38
3
89
2
5
 17%|█▋        | 23/135 [00:00<00:02, 38.33it/s]2
8
11
5
9
1
8
6
21
57
 24%|██▍       | 33/135 [00:00<00:02, 50.10it/s]2
22
1
17
2
21
1
1
4
20
2
73
 33%|███▎      | 45/135 [00:00<00:01, 53.40it/s]3
1
19
6
1
46
 38%|███▊      | 51/135 [00:01<00:01, 51.36it/s]5
25
11
1
0
19
 42%|████▏     | 57/135 [00:01<00:01, 44.06it/s]6
15
18
1
16
27
 47%|████▋     | 63/135 [00:01<00:01, 42.68it/s]2
2
47
3
19
 50%|█████     | 68/135 [00:01<00:01, 38.18it/s]21
3
11
25
2
32
2
 56%|█████▌    | 75/135 [00:01<00:01, 44.55it/s]45
13
12
22
36
 59%|█████▉    | 80/135 [00:01<00:01, 41.87it/s]5
4
7
8
24
11
19
2
0
0
20
1
1
9
 70%|██████▉   | 94/135 [00:01<00:00, 64.46it/s]1
7
15
10
29
2
19
17
46
 76%|███████▋  | 103/135 [00:02<00:00, 66.40it/s]2
10
30
0
0
66
32
4
7
12
 84%|████████▎ | 113/135 [00:02<00:00, 73.78it/s]0
6
6
14
0
40
1
6
5
3
0
21
6
 93%|█████████▎| 126/135 [00:02<00:00, 87.84it/s]38
13
47
0
2
13
6
6
41
100%|██████████| 135/135 [00:02<00:00, 57.49it/s]

DanmakuFactory 1.70 CLI Release by hkm (hkm@tikm.org)
https://github.com/hihkm/DanmakuFactory

Input file(s):
Number|Template     |TimeShift|FileName
     1|xml          |   0.000s|/storage/32426326/20250806/32426326-20250806-142605-288.all.clean.xml

Output file:
Format|FileName
   ass|/storage/32426326/20250806/32426326-20250806-142605-288.all.ass

Loading files...
Loading file "/storage/32426326/20250806/32426326-20250806-142605-288.all.clean.xml"

File Loading Complete.. Danmaku Pool: 4882

Sorting...

Writting file "/storage/32426326/20250806/32426326-20250806-142605-288.all.ass"...

Done!
