/webhook/venv/lib/python3.10/site-packages/danmaku_tools/danmaku_energy_map.py:24: DeprecationWarning: Please import `convolve` from the `scipy.ndimage` namespace; the `scipy.ndimage.filters` namespace is deprecated and will be removed in SciPy 2.0.0.
  from scipy.ndimage.filters import convolve
Building prefix dict from the default dictionary ...
Loading model from cache /tmp/jieba.cache
Loading model cost 0.487 seconds.
Prefix dict has been built successfully.
  0%|          | 0/87 [00:00<?, ?it/s]40
57
  2%|▏         | 2/87 [00:00<00:04, 19.32it/s]25
151
  5%|▍         | 4/87 [00:00<00:05, 15.87it/s]93
92
  7%|▋         | 6/87 [00:00<00:05, 13.58it/s]20
43
12
29
34
 13%|█▎        | 11/87 [00:00<00:03, 23.14it/s]28
137
139
 16%|█▌        | 14/87 [00:01<00:06, 10.90it/s]73
17
 18%|█▊        | 16/87 [00:01<00:06, 11.62it/s]74
30
 21%|██        | 18/87 [00:01<00:05, 12.30it/s]91
38
61
 24%|██▍       | 21/87 [00:01<00:04, 14.82it/s]12
1
13
73
49
 30%|██▉       | 26/87 [00:01<00:02, 20.99it/s]3
47
6
35
30
 36%|███▌      | 31/87 [00:01<00:02, 26.94it/s]12
4
63
1
1
3
11
 44%|████▎     | 38/87 [00:01<00:01, 36.00it/s]15
50
2
1
3
2
21
 52%|█████▏    | 45/87 [00:01<00:00, 44.11it/s]14
0
3
9
4
2
3
9
7
15
5
0
16
 67%|██████▋   | 58/87 [00:02<00:00, 64.40it/s]4
9
0
3
11
38
9
0
2
5
17
7
11
 82%|████████▏ | 71/87 [00:02<00:00, 80.94it/s]0
24
1
0
2
0
10
14
8
0
4
20
0
1
0
10
100%|██████████| 87/87 [00:02<00:00, 38.86it/s]

DanmakuFactory 1.70 CLI Release by hkm (hkm@tikm.org)
https://github.com/hihkm/DanmakuFactory

Input file(s):
Number|Template     |TimeShift|FileName
     1|xml          |   0.000s|/storage/32426326/20260302/32426326-20260302-164729-193.all.clean.xml

Output file:
Format|FileName
   ass|/storage/32426326/20260302/32426326-20260302-164729-193.all.ass

Loading files...
Loading file "/storage/32426326/20260302/32426326-20260302-164729-193.all.clean.xml"

File Loading Complete.. Danmaku Pool: 5143

Sorting...

Writting file "/storage/32426326/20260302/32426326-20260302-164729-193.all.ass"...

Done!
