/webhook/venv/lib/python3.10/site-packages/danmaku_tools/danmaku_energy_map.py:24: DeprecationWarning: Please import `convolve` from the `scipy.ndimage` namespace; the `scipy.ndimage.filters` namespace is deprecated and will be removed in SciPy 2.0.0.
  from scipy.ndimage.filters import convolve
Building prefix dict from the default dictionary ...
Loading model from cache /tmp/jieba.cache
Loading model cost 0.410 seconds.
Prefix dict has been built successfully.
  0%|          | 0/104 [00:00<?, ?it/s]12
10
0
23
1
15
37
58
  8%|▊         | 8/104 [00:00<00:01, 58.09it/s]32
2
47
3
29
10
46
 14%|█▍        | 15/104 [00:00<00:01, 54.03it/s]7
26
0
17
17
1
70
 21%|██        | 22/104 [00:00<00:01, 48.20it/s]1
0
57
0
21
63
 27%|██▋       | 28/104 [00:00<00:01, 50.62it/s]41
11
48
10
54
6
 33%|███▎      | 34/104 [00:00<00:01, 47.15it/s]20
47
45
2
6
 38%|███▊      | 39/104 [00:00<00:01, 40.29it/s]8
78
51
2
0
70
 43%|████▎     | 45/104 [00:01<00:01, 39.42it/s]31
25
8
77
8
 48%|████▊     | 50/104 [00:01<00:01, 37.63it/s]3
2
41
3
6
2
6
12
6
72
 58%|█████▊    | 60/104 [00:01<00:00, 47.33it/s]23
2
1
15
52
5
36
3
5
33
 67%|██████▋   | 70/104 [00:01<00:00, 56.86it/s]3
1
16
3
40
0
28
1
9
15
6
 78%|███████▊  | 81/104 [00:01<00:00, 67.20it/s]18
30
5
51
13
0
23
0
 86%|████████▌ | 89/104 [00:01<00:00, 55.94it/s]0
1
36
0
2
18
17
0
8
38
0
20
 97%|█████████▋| 101/104 [00:01<00:00, 67.13it/s]2
7
25
100%|██████████| 104/104 [00:01<00:00, 54.84it/s]

DanmakuFactory 1.70 CLI Release by hkm (hkm@tikm.org)
https://github.com/hihkm/DanmakuFactory

Input file(s):
Number|Template     |TimeShift|FileName
     1|xml          |   0.000s|/storage/32426326/20250921/32426326-20250921-144059-321.all.clean.xml

Output file:
Format|FileName
   ass|/storage/32426326/20250921/32426326-20250921-144059-321.all.ass

Loading files...
Loading file "/storage/32426326/20250921/32426326-20250921-144059-321.all.clean.xml"

File Loading Complete.. Danmaku Pool: 4523

Sorting...

Writting file "/storage/32426326/20250921/32426326-20250921-144059-321.all.ass"...

Done!
