/webhook/venv/lib/python3.10/site-packages/danmaku_tools/danmaku_energy_map.py:24: DeprecationWarning: Please import `convolve` from the `scipy.ndimage` namespace; the `scipy.ndimage.filters` namespace is deprecated and will be removed in SciPy 2.0.0.
  from scipy.ndimage.filters import convolve
Building prefix dict from the default dictionary ...
Loading model from cache /tmp/jieba.cache
Loading model cost 0.564 seconds.
Prefix dict has been built successfully.
  0%|          | 0/103 [00:00<?, ?it/s]2
61
  2%|▏         | 2/103 [00:00<00:06, 14.54it/s]32
5
59
  5%|▍         | 5/103 [00:00<00:06, 15.87it/s]91
12
3
40
4
4
43
4
5
17
3
1
5
12
35
13
3
6
1
1
17
17
12
32
38
14
21
48
9
0
33
7
43
9
28
7
61
2
2
49
3
21
37
0
2
9
2
12
 51%|█████▏    | 53/103 [00:00<00:00, 169.65it/s]56
5
34
3
5
69
2
67
23
29
26
17
20
1
9
46
54
36
7
15
11
22
 73%|███████▎  | 75/103 [00:01<00:00, 64.59it/s] 38
2
23
50
23
1
15
14
103
6
1
16
45
42
13
 87%|████████▋ | 90/103 [00:01<00:00, 49.07it/s]28
69
31
10
29
17
1
31
53
11
36
 98%|█████████▊| 101/103 [00:02<00:00, 39.95it/s]3
31
100%|██████████| 103/103 [00:02<00:00, 48.52it/s]

DanmakuFactory 1.70 CLI Release by hkm (hkm@tikm.org)
https://github.com/hihkm/DanmakuFactory

Input file(s):
Number|Template     |TimeShift|FileName
     1|xml          |   0.000s|/storage/32426326/20260611/32426326-20260611-144642-741.all.clean.xml

Output file:
Format|FileName
   ass|/storage/32426326/20260611/32426326-20260611-144642-741.all.ass

Loading files...
Loading file "/storage/32426326/20260611/32426326-20260611-144642-741.all.clean.xml"

File Loading Complete.. Danmaku Pool: 5350

Sorting...

Writting file "/storage/32426326/20260611/32426326-20260611-144642-741.all.ass"...

Done!
