/webhook/venv/lib/python3.10/site-packages/danmaku_tools/danmaku_energy_map.py:24: DeprecationWarning: Please import `convolve` from the `scipy.ndimage` namespace; the `scipy.ndimage.filters` namespace is deprecated and will be removed in SciPy 2.0.0.
  from scipy.ndimage.filters import convolve
Building prefix dict from the default dictionary ...
Loading model from cache /tmp/jieba.cache
Loading model cost 0.871 seconds.
Prefix dict has been built successfully.
  0%|          | 0/78 [00:00<?, ?it/s]0
15
5
17
11
2
4
1
13
34
 13%|█▎        | 10/78 [00:00<00:00, 73.84it/s]13
4
0
16
6
73
39
20
 23%|██▎       | 18/78 [00:00<00:01, 51.67it/s]53
59
6
20
38
18
 31%|███       | 24/78 [00:00<00:01, 39.30it/s]44
22
190
68
0
 37%|███▋      | 29/78 [00:01<00:02, 22.09it/s]14
2
4
78
 42%|████▏     | 33/78 [00:01<00:01, 24.31it/s]17
30
18
3
0
75
 50%|█████     | 39/78 [00:01<00:01, 26.81it/s]90
3
27
28
 55%|█████▌    | 43/78 [00:01<00:01, 25.87it/s]28
65
0
 59%|█████▉    | 46/78 [00:01<00:01, 24.78it/s]70
97
6
 63%|██████▎   | 49/78 [00:01<00:01, 21.02it/s]83
3
12
 67%|██████▋   | 52/78 [00:01<00:01, 20.19it/s]27
72
4
 71%|███████   | 55/78 [00:02<00:01, 21.18it/s]16
1
60
 74%|███████▍  | 58/78 [00:02<00:00, 21.70it/s]31
113
59
 78%|███████▊  | 61/78 [00:02<00:01, 12.66it/s]136
11
 81%|████████  | 63/78 [00:03<00:01,  9.64it/s]7
6
4
40
 86%|████████▌ | 67/78 [00:03<00:00, 13.26it/s]6
2
7
12
13
7
2
40
 96%|█████████▌| 75/78 [00:03<00:00, 23.26it/s]16
34
6
100%|██████████| 78/78 [00:03<00:00, 22.82it/s]

DanmakuFactory 1.70 CLI Release by hkm (hkm@tikm.org)
https://github.com/hihkm/DanmakuFactory

Input file(s):
Number|Template     |TimeShift|FileName
     1|xml          |   0.000s|/storage/32426326/20251222/32426326-20251222-150405-442.all.clean.xml

Output file:
Format|FileName
   ass|/storage/32426326/20251222/32426326-20251222-150405-442.all.ass

Loading files...
Loading file "/storage/32426326/20251222/32426326-20251222-150405-442.all.clean.xml"

File Loading Complete.. Danmaku Pool: 5940

Sorting...

Writting file "/storage/32426326/20251222/32426326-20251222-150405-442.all.ass"...

Done!
