/webhook/venv/lib/python3.10/site-packages/danmaku_tools/danmaku_energy_map.py:24: DeprecationWarning: Please import `convolve` from the `scipy.ndimage` namespace; the `scipy.ndimage.filters` namespace is deprecated and will be removed in SciPy 2.0.0.
  from scipy.ndimage.filters import convolve
Building prefix dict from the default dictionary ...
Loading model from cache /tmp/jieba.cache
Loading model cost 0.693 seconds.
Prefix dict has been built successfully.
  0%|          | 0/263 [00:00<?, ?it/s]3
9
0
11
13
9
20
26
9
  3%|▎         | 9/263 [00:00<00:02, 87.01it/s]46
8
17
1
25
21
0
4
10
  7%|▋         | 18/263 [00:00<00:03, 79.15it/s]3
0
11
14
0
21
5
1
1
13
2
5
34
 12%|█▏        | 31/263 [00:00<00:02, 96.81it/s]14
13
1
2
35
1
56
0
34
3
 16%|█▌        | 41/263 [00:00<00:02, 91.07it/s]1
1
19
1
32
5
36
12
0
14
 19%|█▉        | 51/263 [00:00<00:02, 84.57it/s]18
1
5
11
16
4
1
17
48
 23%|██▎       | 60/263 [00:00<00:02, 77.78it/s]12
4
0
1
40
6
3
24
0
1
8
12
 27%|██▋       | 72/263 [00:00<00:02, 88.99it/s]1
6
56
60
14
16
11
60
22
28
 31%|███       | 82/263 [00:01<00:02, 67.76it/s]31
4
32
2
1
43
13
13
 34%|███▍      | 90/263 [00:01<00:02, 67.47it/s]5
0
3
34
1
23
11
12
 37%|███▋      | 98/263 [00:01<00:02, 66.00it/s]6
0
5
1
0
9
1
12
 40%|████      | 106/263 [00:01<00:02, 64.52it/s]5
6
10
16
4
12
1
 43%|████▎     | 113/263 [00:01<00:02, 63.23it/s]0
3
0
5
0
5
0
6
0
0
10
0
3
0
1
3
4
0
1
2
0
9
5
9
3
2
2
10
0
4
0
3
4
 56%|█████▌    | 146/263 [00:01<00:00, 128.40it/s]4
16
1
5
1
1
1
4
4
8
5
1
1
0
12
3
1
0
9
3
2
0
0
12
0
1
0
10
4
2
1
3
5
3
1
37
2
7
1
0
0
2
3
11
3
0
3
1
11
10
0
1
5
4
4
9
0
0
7
10
1
0
3
8
1
1
6
0
2
1
0
8
0
14
3
1
11
1
10
5
2
4
1
1
1
13
0
24
20
4
5
3
3
0
4
0
5
4
1
5
21
12
1
0
1
31
1
10
9
2
1
0
1
1
0
5
13
100%|██████████| 263/263 [00:01<00:00, 157.39it/s]

DanmakuFactory 1.70 CLI Release by hkm (hkm@tikm.org)
https://github.com/hihkm/DanmakuFactory

Input file(s):
Number|Template     |TimeShift|FileName
     1|xml          |   0.000s|/storage/32426326/20251226/32426326-20251226-154619-067.all.clean.xml

Output file:
Format|FileName
   ass|/storage/32426326/20251226/32426326-20251226-154619-067.all.ass

Loading files...
Loading file "/storage/32426326/20251226/32426326-20251226-154619-067.all.clean.xml"

File Loading Complete.. Danmaku Pool: 4418

Sorting...

Writting file "/storage/32426326/20251226/32426326-20251226-154619-067.all.ass"...

Done!
