/webhook/venv/lib/python3.10/site-packages/danmaku_tools/danmaku_energy_map.py:24: DeprecationWarning: Please import `convolve` from the `scipy.ndimage` namespace; the `scipy.ndimage.filters` namespace is deprecated and will be removed in SciPy 2.0.0.
  from scipy.ndimage.filters import convolve
Building prefix dict from the default dictionary ...
Loading model from cache /tmp/jieba.cache
Loading model cost 0.653 seconds.
Prefix dict has been built successfully.
  0%|          | 0/108 [00:00<?, ?it/s]41
0
4
6
21
0
6
58
  7%|▋         | 8/108 [00:00<00:01, 53.82it/s]1
12
2
6
30
0
20
0
66
 16%|█▌        | 17/108 [00:00<00:01, 52.61it/s]6
13
14
0
21
1
33
10
1
0
6
 26%|██▌       | 28/108 [00:00<00:01, 71.55it/s]35
25
18
31
19
31
9
23
 33%|███▎      | 36/108 [00:00<00:01, 61.55it/s]8
1
6
4
6
163
26
 40%|███▉      | 43/108 [00:00<00:01, 41.37it/s]0
43
16
51
4
0
 45%|████▌     | 49/108 [00:01<00:01, 42.49it/s]75
19
11
37
10
 50%|█████     | 54/108 [00:01<00:01, 34.70it/s]68
94
8
77
4
 55%|█████▍    | 59/108 [00:01<00:02, 22.95it/s]5
3
5
1
29
44
 60%|██████    | 65/108 [00:01<00:01, 26.44it/s]69
60
22
48
 64%|██████▍   | 69/108 [00:02<00:01, 22.98it/s]0
0
22
3
1
6
3
9
9
0
3
51
2
 76%|███████▌  | 82/108 [00:02<00:00, 39.57it/s]9
2
81
3
21
0
 81%|████████▏ | 88/108 [00:02<00:00, 41.13it/s]1
2
3
0
36
25
0
39
 89%|████████▉ | 96/108 [00:02<00:00, 46.65it/s]4
18
10
1
14
0
9
12
13
1
2
 99%|█████████▉| 107/108 [00:02<00:00, 60.13it/s]15
100%|██████████| 108/108 [00:02<00:00, 40.93it/s]

DanmakuFactory 1.70 CLI Release by hkm (hkm@tikm.org)
https://github.com/hihkm/DanmakuFactory

Input file(s):
Number|Template     |TimeShift|FileName
     1|xml          |   0.000s|/storage/32426326/20251213/32426326-20251213-144227-438.all.clean.xml

Output file:
Format|FileName
   ass|/storage/32426326/20251213/32426326-20251213-144227-438.all.ass

Loading files...
Loading file "/storage/32426326/20251213/32426326-20251213-144227-438.all.clean.xml"

File Loading Complete.. Danmaku Pool: 5082

Sorting...

Writting file "/storage/32426326/20251213/32426326-20251213-144227-438.all.ass"...

Done!
