/webhook/venv/lib/python3.10/site-packages/danmaku_tools/danmaku_energy_map.py:24: DeprecationWarning: Please import `convolve` from the `scipy.ndimage` namespace; the `scipy.ndimage.filters` namespace is deprecated and will be removed in SciPy 2.0.0.
  from scipy.ndimage.filters import convolve
Building prefix dict from the default dictionary ...
Loading model from cache /tmp/jieba.cache
Loading model cost 0.477 seconds.
Prefix dict has been built successfully.
  0%|          | 0/23 [00:00<?, ?it/s]5
0
23
3
6
50
 26%|██▌       | 6/23 [00:00<00:00, 50.46it/s]8
6
5
28
43
21
 52%|█████▏    | 12/23 [00:00<00:00, 51.35it/s]22
0
33
19
9
0
 78%|███████▊  | 18/23 [00:00<00:00, 38.61it/s]25
29
27
29
7
100%|██████████| 23/23 [00:00<00:00, 39.59it/s]100%|██████████| 23/23 [00:00<00:00, 41.33it/s]

DanmakuFactory 1.70 CLI Release by hkm (hkm@tikm.org)
https://github.com/hihkm/DanmakuFactory

Input file(s):
Number|Template     |TimeShift|FileName
     1|xml          |   0.000s|/storage/32426326/20260615/32426326-20260615-212907-684.all.clean.xml

Output file:
Format|FileName
   ass|/storage/32426326/20260615/32426326-20260615-212907-684.all.ass

Loading files...
Loading file "/storage/32426326/20260615/32426326-20260615-212907-684.all.clean.xml"

File Loading Complete.. Danmaku Pool: 817

Sorting...

Writting file "/storage/32426326/20260615/32426326-20260615-212907-684.all.ass"...

Done!
