/webhook/venv/lib/python3.10/site-packages/danmaku_tools/danmaku_energy_map.py:24: DeprecationWarning: Please import `convolve` from the `scipy.ndimage` namespace; the `scipy.ndimage.filters` namespace is deprecated and will be removed in SciPy 2.0.0.
  from scipy.ndimage.filters import convolve
Building prefix dict from the default dictionary ...
Loading model from cache /tmp/jieba.cache
Loading model cost 0.428 seconds.
Prefix dict has been built successfully.
  0%|          | 0/64 [00:00<?, ?it/s]10
22
24
42
  6%|▋         | 4/64 [00:00<00:02, 27.61it/s]65
21
2
2
 12%|█▎        | 8/64 [00:00<00:01, 33.44it/s]9
0
92
93
 19%|█▉        | 12/64 [00:00<00:02, 22.70it/s]4
72
7
10
 25%|██▌       | 16/64 [00:00<00:01, 27.25it/s]103
40
12
181
 31%|███▏      | 20/64 [00:01<00:02, 15.15it/s]90
12
54
 36%|███▌      | 23/64 [00:01<00:02, 14.40it/s]2
1
16
22
23
26
3
63
 48%|████▊     | 31/64 [00:01<00:01, 22.51it/s]23
66
116
 53%|█████▎    | 34/64 [00:01<00:01, 20.43it/s]6
7
37
13
1
6
11
36
 66%|██████▌   | 42/64 [00:01<00:00, 29.65it/s]28
11
3
8
19
 73%|███████▎  | 47/64 [00:02<00:00, 25.82it/s]32
9
53
1
 80%|███████▉  | 51/64 [00:02<00:01, 12.72it/s]67
60
4
 84%|████████▍ | 54/64 [00:02<00:00, 14.10it/s]5
2
32
35
19
26
 94%|█████████▍| 60/64 [00:03<00:00, 19.62it/s]26
26
8
15
100%|██████████| 64/64 [00:03<00:00, 20.41it/s]

DanmakuFactory 1.70 CLI Release by hkm (hkm@tikm.org)
https://github.com/hihkm/DanmakuFactory

Input file(s):
Number|Template     |TimeShift|FileName
     1|xml          |   0.000s|/storage/32426326/20260125/32426326-20260125-161751-626.all.clean.xml

Output file:
Format|FileName
   ass|/storage/32426326/20260125/32426326-20260125-161751-626.all.ass

Loading files...
Loading file "/storage/32426326/20260125/32426326-20260125-161751-626.all.clean.xml"

File Loading Complete.. Danmaku Pool: 4867

Sorting...

Writting file "/storage/32426326/20260125/32426326-20260125-161751-626.all.ass"...

Done!
