/webhook/venv/lib/python3.10/site-packages/danmaku_tools/danmaku_energy_map.py:24: DeprecationWarning: Please import `convolve` from the `scipy.ndimage` namespace; the `scipy.ndimage.filters` namespace is deprecated and will be removed in SciPy 2.0.0.
  from scipy.ndimage.filters import convolve
Building prefix dict from the default dictionary ...
Loading model from cache /tmp/jieba.cache
Loading model cost 0.530 seconds.
Prefix dict has been built successfully.
  0%|          | 0/68 [00:00<?, ?it/s]29
15
1
19
  6%|▌         | 4/68 [00:00<00:01, 37.94it/s]1
51
38
19
 12%|█▏        | 8/68 [00:00<00:01, 35.42it/s]4
42
25
54
 18%|█▊        | 12/68 [00:00<00:01, 28.43it/s]91
10
30
 22%|██▏       | 15/68 [00:00<00:02, 22.33it/s]1
19
15
48
38
 29%|██▉       | 20/68 [00:00<00:01, 26.38it/s]32
32
19
 34%|███▍      | 23/68 [00:00<00:01, 25.50it/s]71
64
22
 38%|███▊      | 26/68 [00:01<00:02, 18.58it/s]54
50
3
26
 44%|████▍     | 30/68 [00:01<00:01, 21.35it/s]130
50
72
 49%|████▊     | 33/68 [00:01<00:01, 18.26it/s]38
63
0
 53%|█████▎    | 36/68 [00:01<00:01, 19.07it/s]145
13
4
 57%|█████▋    | 39/68 [00:01<00:01, 16.06it/s]8
42
 60%|██████    | 41/68 [00:02<00:01, 15.98it/s]3
18
8
33
75
 68%|██████▊   | 46/68 [00:02<00:01, 18.81it/s]30
59
 71%|███████   | 48/68 [00:02<00:01, 18.28it/s]8
9
7
27
 76%|███████▋  | 52/68 [00:02<00:00, 21.26it/s]114
63
25
 81%|████████  | 55/68 [00:02<00:00, 18.88it/s]2
11
0
15
11
44
 90%|████████▉ | 61/68 [00:02<00:00, 26.60it/s]20
4
17
2
11
1
75
100%|██████████| 68/68 [00:02<00:00, 33.40it/s]100%|██████████| 68/68 [00:02<00:00, 23.12it/s]

DanmakuFactory 1.70 CLI Release by hkm (hkm@tikm.org)
https://github.com/hihkm/DanmakuFactory

Input file(s):
Number|Template     |TimeShift|FileName
     1|xml          |   0.000s|/storage/32426326/20260523/32426326-20260523-150219-862.all.clean.xml

Output file:
Format|FileName
   ass|/storage/32426326/20260523/32426326-20260523-150219-862.all.ass

Loading files...
Loading file "/storage/32426326/20260523/32426326-20260523-150219-862.all.clean.xml"

File Loading Complete.. Danmaku Pool: 5065

Sorting...

Writting file "/storage/32426326/20260523/32426326-20260523-150219-862.all.ass"...

Done!
