/webhook/venv/lib/python3.10/site-packages/danmaku_tools/danmaku_energy_map.py:24: DeprecationWarning: Please import `convolve` from the `scipy.ndimage` namespace; the `scipy.ndimage.filters` namespace is deprecated and will be removed in SciPy 2.0.0.
  from scipy.ndimage.filters import convolve
Building prefix dict from the default dictionary ...
Loading model from cache /tmp/jieba.cache
Loading model cost 0.495 seconds.
Prefix dict has been built successfully.
  0%|          | 0/21 [00:00<?, ?it/s]8
61
5
46
 19%|█▉        | 4/21 [00:00<00:00, 36.51it/s]61
13
94
33
 38%|███▊      | 8/21 [00:00<00:00, 28.11it/s]17
10
33
15
2
16
4
0
40
 81%|████████  | 17/21 [00:00<00:00, 43.11it/s]2
1
18
54
100%|██████████| 21/21 [00:00<00:00, 43.15it/s]

DanmakuFactory 1.70 CLI Release by hkm (hkm@tikm.org)
https://github.com/hihkm/DanmakuFactory

Input file(s):
Number|Template     |TimeShift|FileName
     1|xml          |   0.000s|/storage/32426326/20251112/32426326-20251112-114933-944.all.clean.xml

Output file:
Format|FileName
   ass|/storage/32426326/20251112/32426326-20251112-114933-944.all.ass

Loading files...
Loading file "/storage/32426326/20251112/32426326-20251112-114933-944.all.clean.xml"

File Loading Complete.. Danmaku Pool: 1287

Sorting...

Writting file "/storage/32426326/20251112/32426326-20251112-114933-944.all.ass"...

Done!
