/webhook/venv/lib/python3.10/site-packages/danmaku_tools/danmaku_energy_map.py:24: DeprecationWarning: Please import `convolve` from the `scipy.ndimage` namespace; the `scipy.ndimage.filters` namespace is deprecated and will be removed in SciPy 2.0.0.
  from scipy.ndimage.filters import convolve
Building prefix dict from the default dictionary ...
Loading model from cache /tmp/jieba.cache
Loading model cost 0.524 seconds.
Prefix dict has been built successfully.
  0%|          | 0/35 [00:00<?, ?it/s]7
3
18
20
36
 14%|█▍        | 5/35 [00:00<00:00, 36.93it/s]9
2
11
13
3
8
10
23
 37%|███▋      | 13/35 [00:00<00:00, 53.89it/s]3
3
0
2
9
1
9
71
 60%|██████    | 21/35 [00:00<00:00, 55.02it/s]67
30
6
12
5
115
 77%|███████▋  | 27/35 [00:00<00:00, 34.47it/s]8
115
11
48
34
 91%|█████████▏| 32/35 [00:00<00:00, 27.27it/s]38
0
19
100%|██████████| 35/35 [00:01<00:00, 34.28it/s]

DanmakuFactory 1.70 CLI Release by hkm (hkm@tikm.org)
https://github.com/hihkm/DanmakuFactory

Input file(s):
Number|Template     |TimeShift|FileName
     1|xml          |   0.000s|/storage/32426326/20260124/32426326-20260124-205159-505.all.clean.xml

Output file:
Format|FileName
   ass|/storage/32426326/20260124/32426326-20260124-205159-505.all.ass

Loading files...
Loading file "/storage/32426326/20260124/32426326-20260124-205159-505.all.clean.xml"

File Loading Complete.. Danmaku Pool: 2263

Sorting...

Writting file "/storage/32426326/20260124/32426326-20260124-205159-505.all.ass"...

Done!
