/webhook/venv/lib/python3.10/site-packages/danmaku_tools/danmaku_energy_map.py:24: DeprecationWarning: Please import `convolve` from the `scipy.ndimage` namespace; the `scipy.ndimage.filters` namespace is deprecated and will be removed in SciPy 2.0.0.
  from scipy.ndimage.filters import convolve
Building prefix dict from the default dictionary ...
Loading model from cache /tmp/jieba.cache
Loading model cost 0.115 seconds.
Prefix dict has been built successfully.
  0%|          | 0/61 [00:00<?, ?it/s]55
37
29
  5%|▍         | 3/61 [00:00<00:02, 26.91it/s]10
86
1
30
5
3
 15%|█▍        | 9/61 [00:00<00:01, 39.02it/s]17
25
0
22
6
24
37
104
 28%|██▊       | 17/61 [00:00<00:01, 42.85it/s]0
4
1
79
70
 36%|███▌      | 22/61 [00:00<00:01, 38.16it/s]6
0
1
90
 43%|████▎     | 26/61 [00:00<00:01, 34.77it/s]1
0
31
20
25
 51%|█████     | 31/61 [00:00<00:00, 37.56it/s]30
24
62
3
 57%|█████▋    | 35/61 [00:01<00:00, 31.29it/s]36
22
3
0
35
 66%|██████▌   | 40/61 [00:01<00:00, 34.38it/s]30
69
14
19
 72%|███████▏  | 44/61 [00:01<00:00, 29.26it/s]3
6
6
17
66
10
0
22
 85%|████████▌ | 52/61 [00:01<00:00, 40.46it/s]35
24
61
5
1
 93%|█████████▎| 57/61 [00:01<00:00, 36.93it/s]23
20
1
23
100%|██████████| 61/61 [00:01<00:00, 36.71it/s]

DanmakuFactory 1.70 CLI Release by hkm (hkm@tikm.org)
https://github.com/hihkm/DanmakuFactory

Input file(s):
Number|Template     |TimeShift|FileName
     1|xml          |   0.000s|/storage/32426326/20251022/32426326-20251022-145143-699.all.clean.xml

Output file:
Format|FileName
   ass|/storage/32426326/20251022/32426326-20251022-145143-699.all.ass

Loading files...
Loading file "/storage/32426326/20251022/32426326-20251022-145143-699.all.clean.xml"

File Loading Complete.. Danmaku Pool: 3631

Sorting...

Writting file "/storage/32426326/20251022/32426326-20251022-145143-699.all.ass"...

Done!
