/webhook/venv/lib/python3.10/site-packages/danmaku_tools/danmaku_energy_map.py:24: DeprecationWarning: Please import `convolve` from the `scipy.ndimage` namespace; the `scipy.ndimage.filters` namespace is deprecated and will be removed in SciPy 2.0.0.
  from scipy.ndimage.filters import convolve
Building prefix dict from the default dictionary ...
Loading model from cache /tmp/jieba.cache
Loading model cost 0.380 seconds.
Prefix dict has been built successfully.
  0%|          | 0/115 [00:00<?, ?it/s]65
30
  2%|▏         | 2/115 [00:00<00:05, 19.11it/s]58
2
7
0
8
31
39
  8%|▊         | 9/115 [00:00<00:02, 46.72it/s]0
135
112
0
35
 12%|█▏        | 14/115 [00:00<00:03, 26.45it/s]37
40
5
55
 16%|█▌        | 18/115 [00:00<00:03, 27.86it/s]14
24
8
34
9
1
2
3
7
13
 24%|██▍       | 28/115 [00:00<00:01, 45.52it/s]19
21
20
2
12
8
2
 30%|███       | 35/115 [00:00<00:01, 51.18it/s]24
40
5
4
4
4
 36%|███▌      | 41/115 [00:00<00:01, 50.37it/s]0
4
1
4
18
49
22
 42%|████▏     | 48/115 [00:01<00:01, 53.28it/s]27
63
65
21
9
10
 47%|████▋     | 54/115 [00:01<00:01, 47.37it/s]3
5
25
1
7
15
26
0
7
 55%|█████▍    | 63/115 [00:01<00:00, 57.07it/s]2
5
22
11
11
4
4
25
3
4
 63%|██████▎   | 73/115 [00:01<00:00, 67.32it/s]23
5
95
5
1
51
30
14
 70%|███████   | 81/115 [00:01<00:00, 53.95it/s]21
41
1
28
56
16
18
 77%|███████▋  | 88/115 [00:01<00:00, 54.92it/s]7
11
11
3
5
36
12
1
0
36
 85%|████████▌ | 98/115 [00:01<00:00, 63.09it/s]1
2
12
5
31
6
14
9
40
 93%|█████████▎| 107/115 [00:02<00:00, 67.42it/s]27
0
24
6
3
15
23
64
100%|██████████| 115/115 [00:03<00:00, 13.65it/s]100%|██████████| 115/115 [00:03<00:00, 30.51it/s]

DanmakuFactory 1.70 CLI Release by hkm (hkm@tikm.org)
https://github.com/hihkm/DanmakuFactory

Input file(s):
Number|Template     |TimeShift|FileName
     1|xml          |   0.000s|/storage/32426326/20251206/32426326-20251206-143353-387.all.clean.xml

Output file:
Format|FileName
   ass|/storage/32426326/20251206/32426326-20251206-143353-387.all.ass

Loading files...
Loading file "/storage/32426326/20251206/32426326-20251206-143353-387.all.clean.xml"

File Loading Complete.. Danmaku Pool: 5318

Sorting...

Writting file "/storage/32426326/20251206/32426326-20251206-143353-387.all.ass"...

Done!
