/webhook/venv/lib/python3.10/site-packages/danmaku_tools/danmaku_energy_map.py:24: DeprecationWarning: Please import `convolve` from the `scipy.ndimage` namespace; the `scipy.ndimage.filters` namespace is deprecated and will be removed in SciPy 2.0.0.
  from scipy.ndimage.filters import convolve
Building prefix dict from the default dictionary ...
Loading model from cache /tmp/jieba.cache
Loading model cost 0.648 seconds.
Prefix dict has been built successfully.
  0%|          | 0/110 [00:00<?, ?it/s]8
27
13
  3%|▎         | 3/110 [00:00<00:04, 24.49it/s]22
2
4
32
60
  7%|▋         | 8/110 [00:00<00:04, 22.54it/s]11
110
13
 10%|█         | 11/110 [00:00<00:05, 18.33it/s]105
43
 12%|█▏        | 13/110 [00:00<00:05, 17.22it/s]30
16
 14%|█▎        | 15/110 [00:00<00:05, 17.90it/s]18
11
52
 16%|█▋        | 18/110 [00:00<00:04, 18.86it/s]2
46
33
1
14
 21%|██        | 23/110 [00:01<00:03, 25.19it/s]38
13
13
10
10
2
 26%|██▋       | 29/110 [00:01<00:02, 33.84it/s]11
39
48
26
 30%|███       | 33/110 [00:01<00:02, 33.43it/s]26
21
3
1
17
35
 35%|███▌      | 39/110 [00:01<00:01, 39.67it/s]52
5
8
7
22
18
 41%|████      | 45/110 [00:01<00:01, 44.52it/s]2
1
2
10
7
16
17
16
11
3
33
2
 52%|█████▏    | 57/110 [00:01<00:00, 65.17it/s]80
0
13
28
3
0
4
 58%|█████▊    | 64/110 [00:02<00:02, 21.18it/s]37
2
3
5
6
25
 64%|██████▎   | 70/110 [00:03<00:02, 14.12it/s]1
4
5
1
45
2
8
2
30
22
62
39
0
22
22
69
82
82
51
1
1
25
3
18
8
8
17
4
0
11
 91%|█████████ | 100/110 [00:03<00:00, 37.50it/s]1
4
0
27
8
23
35
4
44
62
100%|██████████| 110/110 [00:03<00:00, 30.68it/s]

DanmakuFactory 1.70 CLI Release by hkm (hkm@tikm.org)
https://github.com/hihkm/DanmakuFactory

Input file(s):
Number|Template     |TimeShift|FileName
     1|xml          |   0.000s|/storage/32426326/20260104/32426326-20260104-150336-030.all.clean.xml

Output file:
Format|FileName
   ass|/storage/32426326/20260104/32426326-20260104-150336-030.all.ass

Loading files...
Loading file "/storage/32426326/20260104/32426326-20260104-150336-030.all.clean.xml"

File Loading Complete.. Danmaku Pool: 5886

Sorting...

Writting file "/storage/32426326/20260104/32426326-20260104-150336-030.all.ass"...

Done!
