/webhook/venv/lib/python3.10/site-packages/danmaku_tools/danmaku_energy_map.py:24: DeprecationWarning: Please import `convolve` from the `scipy.ndimage` namespace; the `scipy.ndimage.filters` namespace is deprecated and will be removed in SciPy 2.0.0.
  from scipy.ndimage.filters import convolve
Building prefix dict from the default dictionary ...
Loading model from cache /tmp/jieba.cache
Loading model cost 0.481 seconds.
Prefix dict has been built successfully.
  0%|          | 0/121 [00:00<?, ?it/s]1
0
17
13
9
33
1
45
0
6
56
  9%|▉         | 11/121 [00:00<00:01, 83.05it/s]8
3
10
0
42
0
198
83
1
 17%|█▋        | 20/121 [00:00<00:02, 44.11it/s]98
2
131
70
225
114
 21%|██▏       | 26/121 [00:00<00:04, 22.54it/s]12
25
55
3
41
 26%|██▌       | 31/121 [00:01<00:03, 26.76it/s]5
18
32
23
27
 30%|██▉       | 36/121 [00:01<00:02, 30.03it/s]44
64
22
9
15
 34%|███▍      | 41/121 [00:01<00:02, 28.91it/s]13
0
5
3
57
34
 39%|███▉      | 47/121 [00:01<00:02, 33.19it/s]36
2
4
47
74
 43%|████▎     | 52/121 [00:01<00:01, 34.91it/s]15
22
16
17
11
7
3
0
166
 50%|█████     | 61/121 [00:01<00:01, 35.70it/s]10
2
4
7
1
42
58
0
6
36
 59%|█████▊    | 71/121 [00:01<00:01, 45.54it/s]4
47
21
25
11
3
 64%|██████▎   | 77/121 [00:02<00:00, 46.10it/s]18
6
15
22
28
78
 69%|██████▊   | 83/121 [00:02<00:00, 46.45it/s]4
10
50
8
1
19
1
0
3
9
0
0
0
15
3
0
14
34
 83%|████████▎ | 101/121 [00:02<00:00, 75.81it/s]2
3
27
7
1
10
7
1
0
1
 92%|█████████▏| 111/121 [00:02<00:00, 81.61it/s]21
0
1
1
29
1
45
1
0
45
100%|██████████| 121/121 [00:02<00:00, 81.59it/s]100%|██████████| 121/121 [00:02<00:00, 47.41it/s]

DanmakuFactory 1.70 CLI Release by hkm (hkm@tikm.org)
https://github.com/hihkm/DanmakuFactory

Input file(s):
Number|Template     |TimeShift|FileName
     1|xml          |   0.000s|/storage/32426326/20250811/32426326-20250811-145951-420.all.clean.xml

Output file:
Format|FileName
   ass|/storage/32426326/20250811/32426326-20250811-145951-420.all.ass

Loading files...
Loading file "/storage/32426326/20250811/32426326-20250811-145951-420.all.clean.xml"

File Loading Complete.. Danmaku Pool: 6451

Sorting...

Writting file "/storage/32426326/20250811/32426326-20250811-145951-420.all.ass"...

Done!
