/webhook/venv/lib/python3.10/site-packages/danmaku_tools/danmaku_energy_map.py:24: DeprecationWarning: Please import `convolve` from the `scipy.ndimage` namespace; the `scipy.ndimage.filters` namespace is deprecated and will be removed in SciPy 2.0.0.
  from scipy.ndimage.filters import convolve
Building prefix dict from the default dictionary ...
Loading model from cache /tmp/jieba.cache
Loading model cost 0.741 seconds.
Prefix dict has been built successfully.
  0%|          | 0/10 [00:00<?, ?it/s]44
26
1
11
68
 50%|█████     | 5/10 [00:00<00:00, 32.96it/s]4
0
2
16
6
100%|██████████| 10/10 [00:00<00:00, 56.62it/s]

DanmakuFactory 1.70 CLI Release by hkm (hkm@tikm.org)
https://github.com/hihkm/DanmakuFactory

Input file(s):
Number|Template     |TimeShift|FileName
     1|xml          |   0.000s|/storage/32426326/20251023/32426326-20251023-185601-856.all.clean.xml

Output file:
Format|FileName
   ass|/storage/32426326/20251023/32426326-20251023-185601-856.all.ass

Loading files...
Loading file "/storage/32426326/20251023/32426326-20251023-185601-856.all.clean.xml"

File Loading Complete.. Danmaku Pool: 371

Sorting...

Writting file "/storage/32426326/20251023/32426326-20251023-185601-856.all.ass"...

Done!
