/webhook/venv/lib/python3.10/site-packages/danmaku_tools/danmaku_energy_map.py:24: DeprecationWarning: Please import `convolve` from the `scipy.ndimage` namespace; the `scipy.ndimage.filters` namespace is deprecated and will be removed in SciPy 2.0.0.
  from scipy.ndimage.filters import convolve
Building prefix dict from the default dictionary ...
Loading model from cache /tmp/jieba.cache
Loading model cost 0.564 seconds.
Prefix dict has been built successfully.
  0%|          | 0/120 [00:00<?, ?it/s]3
1
0
2
30
1
43
15
33
0
5
76
 10%|█         | 12/120 [00:00<00:01, 87.11it/s]80
9
0
2
0
28
2
35
0
 18%|█▊        | 21/120 [00:00<00:01, 78.32it/s]5
104
25
4
6
23
5
2
 24%|██▍       | 29/120 [00:00<00:01, 78.35it/s]19
48
8
5
12
17
32
26
 31%|███       | 37/120 [00:00<00:01, 75.88it/s]8
28
52
16
5
1
3
2
44
 38%|███▊      | 46/120 [00:00<00:01, 72.21it/s]31
2
22
4
11
1
2
8
2
22
75
 48%|████▊     | 57/120 [00:00<00:00, 77.28it/s]51
52
21
53
67
3
12
1
 54%|█████▍    | 65/120 [00:01<00:01, 53.03it/s]1
3
15
0
5
2
2
7
3
3
2
0
0
24
9
10
34
 68%|██████▊   | 82/120 [00:01<00:00, 77.92it/s]0
47
17
2
8
1
12
6
0
2
9
7
 78%|███████▊  | 94/120 [00:01<00:00, 87.76it/s]1
3
40
6
34
14
2
5
4
27
1
 88%|████████▊ | 105/120 [00:01<00:00, 90.22it/s]11
2
2
9
1
4
0
0
12
0
26
7
3
4
32
100%|██████████| 120/120 [00:01<00:00, 104.46it/s]100%|██████████| 120/120 [00:01<00:00, 84.16it/s] 

DanmakuFactory 1.70 CLI Release by hkm (hkm@tikm.org)
https://github.com/hihkm/DanmakuFactory

Input file(s):
Number|Template     |TimeShift|FileName
     1|xml          |   0.000s|/storage/32426326/20250823/32426326-20250823-152001-063.all.clean.xml

Output file:
Format|FileName
   ass|/storage/32426326/20250823/32426326-20250823-152001-063.all.ass

Loading files...
Loading file "/storage/32426326/20250823/32426326-20250823-152001-063.all.clean.xml"

File Loading Complete.. Danmaku Pool: 3857

Sorting...

Writting file "/storage/32426326/20250823/32426326-20250823-152001-063.all.ass"...

Done!
