/webhook/venv/lib/python3.10/site-packages/danmaku_tools/danmaku_energy_map.py:24: DeprecationWarning: Please import `convolve` from the `scipy.ndimage` namespace; the `scipy.ndimage.filters` namespace is deprecated and will be removed in SciPy 2.0.0.
  from scipy.ndimage.filters import convolve
Building prefix dict from the default dictionary ...
Loading model from cache /tmp/jieba.cache
Loading model cost 0.430 seconds.
Prefix dict has been built successfully.
  0%|          | 0/110 [00:00<?, ?it/s]5
15
12
0
6
0
9
14
0
5
  9%|▉         | 10/110 [00:00<00:01, 82.07it/s]15
6
2
23
30
19
32
22
27
 17%|█▋        | 19/110 [00:00<00:01, 58.36it/s]19
13
64
39
15
37
22
 24%|██▎       | 26/110 [00:00<00:01, 58.45it/s]2
3
40
29
6
8
15
1
0
31
 33%|███▎      | 36/110 [00:00<00:01, 65.73it/s]24
45
6
14
78
1
47
 39%|███▉      | 43/110 [00:00<00:01, 55.41it/s]4
65
40
2
8
7
22
 45%|████▌     | 50/110 [00:00<00:01, 57.85it/s]56
37
35
18
28
23
79
 52%|█████▏    | 57/110 [00:01<00:01, 49.68it/s]58
11
13
2
1
1
0
10
1
57
34
 62%|██████▏   | 68/110 [00:01<00:00, 60.86it/s]93
15
2
9
19
76
4
 68%|██████▊   | 75/110 [00:01<00:00, 53.18it/s]42
17
5
0
17
17
 74%|███████▎  | 81/110 [00:01<00:00, 50.78it/s]0
0
2
21
15
23
28
33
 81%|████████  | 89/110 [00:01<00:00, 51.94it/s]31
51
37
0
1
9
 86%|████████▋ | 95/110 [00:01<00:00, 51.32it/s]16
45
7
1
27
28
 92%|█████████▏| 101/110 [00:02<00:00, 18.17it/s]10
3
4
5
12
6
3
2
26
100%|██████████| 110/110 [00:02<00:00, 40.61it/s]

DanmakuFactory 1.70 CLI Release by hkm (hkm@tikm.org)
https://github.com/hihkm/DanmakuFactory

Input file(s):
Number|Template     |TimeShift|FileName
     1|xml          |   0.000s|/storage/32426326/20251121/32426326-20251121-145105-799.all.clean.xml

Output file:
Format|FileName
   ass|/storage/32426326/20251121/32426326-20251121-145105-799.all.ass

Loading files...
Loading file "/storage/32426326/20251121/32426326-20251121-145105-799.all.clean.xml"

File Loading Complete.. Danmaku Pool: 4344

Sorting...

Writting file "/storage/32426326/20251121/32426326-20251121-145105-799.all.ass"...

Done!
