/webhook/venv/lib/python3.10/site-packages/danmaku_tools/danmaku_energy_map.py:24: DeprecationWarning: Please import `convolve` from the `scipy.ndimage` namespace; the `scipy.ndimage.filters` namespace is deprecated and will be removed in SciPy 2.0.0.
  from scipy.ndimage.filters import convolve
Building prefix dict from the default dictionary ...
Loading model from cache /tmp/jieba.cache
Loading model cost -0.089 seconds.
Prefix dict has been built successfully.
  0%|          | 0/75 [00:00<?, ?it/s]17
3
45
77
  5%|▌         | 4/75 [00:00<00:02, 26.85it/s]97
35
2
  9%|▉         | 7/75 [00:00<00:03, 19.32it/s]59
65
2
 13%|█▎        | 10/75 [00:00<00:03, 20.75it/s]35
101
70
 17%|█▋        | 13/75 [00:00<00:03, 17.21it/s]41
4
48
125
 23%|██▎       | 17/75 [00:00<00:03, 18.64it/s]1
80
 25%|██▌       | 19/75 [00:00<00:02, 18.75it/s]98
36
 28%|██▊       | 21/75 [00:01<00:03, 17.30it/s]152
30
 31%|███       | 23/75 [00:01<00:04, 12.95it/s]23
36
32
19
71
 37%|███▋      | 28/75 [00:01<00:02, 18.18it/s]69
27
5
86
 43%|████▎     | 32/75 [00:01<00:01, 22.40it/s]33
58
17
27
20
 49%|████▉     | 37/75 [00:01<00:01, 28.02it/s]43
40
43
5
5
11
5
1
7
3
16
 64%|██████▍   | 48/75 [00:01<00:00, 46.03it/s]0
14
0
41
1
3
8
1
35
33
 77%|███████▋  | 58/75 [00:02<00:00, 56.31it/s]23
3
86
30
20
40
1
 87%|████████▋ | 65/75 [00:02<00:00, 53.21it/s]15
7
4
31
20
0
0
13
9
20
100%|██████████| 75/75 [00:02<00:00, 63.61it/s]100%|██████████| 75/75 [00:02<00:00, 33.22it/s]

DanmakuFactory 1.70 CLI Release by hkm (hkm@tikm.org)
https://github.com/hihkm/DanmakuFactory

Input file(s):
Number|Template     |TimeShift|FileName
     1|xml          |   0.000s|/storage/32426326/20260418/32426326-20260418-152131-718.all.clean.xml

Output file:
Format|FileName
   ass|/storage/32426326/20260418/32426326-20260418-152131-718.all.ass

Loading files...
Loading file "/storage/32426326/20260418/32426326-20260418-152131-718.all.clean.xml"

File Loading Complete.. Danmaku Pool: 5573

Sorting...

Writting file "/storage/32426326/20260418/32426326-20260418-152131-718.all.ass"...

Done!
