/webhook/venv/lib/python3.10/site-packages/danmaku_tools/danmaku_energy_map.py:24: DeprecationWarning: Please import `convolve` from the `scipy.ndimage` namespace; the `scipy.ndimage.filters` namespace is deprecated and will be removed in SciPy 2.0.0.
  from scipy.ndimage.filters import convolve
Building prefix dict from the default dictionary ...
Loading model from cache /tmp/jieba.cache
Loading model cost 0.451 seconds.
Prefix dict has been built successfully.
  0%|          | 0/127 [00:00<?, ?it/s]73
11
  2%|▏         | 2/127 [00:00<00:06, 19.96it/s]35
8
76
  4%|▍         | 5/127 [00:00<00:05, 22.21it/s]51
30
8
1
42
  8%|▊         | 10/127 [00:00<00:03, 32.45it/s]53
37
7
20
7
5
19
170
 14%|█▍        | 18/127 [00:00<00:03, 28.06it/s]8
12
47
10
42
 18%|█▊        | 23/127 [00:00<00:03, 32.07it/s]24
3
4
85
13
 22%|██▏       | 28/127 [00:00<00:02, 36.03it/s]30
49
21
34
 25%|██▌       | 32/127 [00:01<00:03, 30.47it/s]1
22
1
117
 28%|██▊       | 36/127 [00:01<00:03, 23.83it/s]8
39
66
 31%|███       | 39/127 [00:01<00:05, 16.50it/s]14
23
1
15
54
 35%|███▍      | 44/127 [00:01<00:03, 21.17it/s]51
3
16
21
3
14
4
24
 41%|████      | 52/127 [00:01<00:02, 30.79it/s]2
38
51
22
35
 45%|████▍     | 57/127 [00:02<00:02, 30.43it/s]1
14
3
32
21
1
13
21
 51%|█████     | 65/127 [00:02<00:01, 38.26it/s]20
24
1
18
18
30
 56%|█████▌    | 71/127 [00:02<00:01, 41.48it/s]16
5
2
19
1
40
54
 61%|██████▏   | 78/127 [00:02<00:01, 44.73it/s]20
1
5
1
24
2
0
0
0
6
1
0
6
1
3
42
31
 75%|███████▍  | 95/127 [00:02<00:00, 67.82it/s]35
17
4
64
25
6
4
68
 81%|████████  | 103/127 [00:02<00:00, 57.72it/s]0
31
3
8
14
7
2
2
1
3
1
0
14
1
 92%|█████████▏| 117/127 [00:02<00:00, 75.14it/s]0
2
15
0
0
2
1
2
1
6
100%|██████████| 127/127 [00:02<00:00, 43.38it/s]

DanmakuFactory 1.70 CLI Release by hkm (hkm@tikm.org)
https://github.com/hihkm/DanmakuFactory

Input file(s):
Number|Template     |TimeShift|FileName
     1|xml          |   0.000s|/storage/32426326/20260319/32426326-20260319-154431-615.all.clean.xml

Output file:
Format|FileName
   ass|/storage/32426326/20260319/32426326-20260319-154431-615.all.ass

Loading files...
Loading file "/storage/32426326/20260319/32426326-20260319-154431-615.all.clean.xml"

File Loading Complete.. Danmaku Pool: 6468

Sorting...

Writting file "/storage/32426326/20260319/32426326-20260319-154431-615.all.ass"...

Done!
