/webhook/venv/lib/python3.10/site-packages/danmaku_tools/danmaku_energy_map.py:24: DeprecationWarning: Please import `convolve` from the `scipy.ndimage` namespace; the `scipy.ndimage.filters` namespace is deprecated and will be removed in SciPy 2.0.0.
  from scipy.ndimage.filters import convolve
Building prefix dict from the default dictionary ...
Loading model from cache /tmp/jieba.cache
Loading model cost 0.687 seconds.
Prefix dict has been built successfully.
  0%|          | 0/130 [00:00<?, ?it/s]0
10
9
24
1
10
20
  5%|▌         | 7/130 [00:00<00:02, 53.96it/s]47
0
20
5
7
2
38
 11%|█         | 14/130 [00:00<00:02, 40.76it/s]52
12
12
2
2
 15%|█▍        | 19/130 [00:00<00:02, 40.03it/s]0
3
2
2
25
4
89
 20%|██        | 26/130 [00:00<00:02, 46.13it/s]19
26
46
12
17
 24%|██▍       | 31/130 [00:00<00:02, 43.71it/s]3
2
69
34
41
 28%|██▊       | 36/130 [00:01<00:04, 22.49it/s]3
17
9
8
19
6
 32%|███▏      | 42/130 [00:01<00:03, 28.60it/s]1
1
17
0
5
0
13
6
23
23
 40%|████      | 52/130 [00:01<00:01, 41.77it/s]17
0
3
1
51
1
 45%|████▍     | 58/130 [00:01<00:01, 44.94it/s]0
8
10
1
1
0
5
27
28
0
32
 53%|█████▎    | 69/130 [00:01<00:01, 56.71it/s]7
52
1
2
35
13
3
 58%|█████▊    | 76/130 [00:01<00:00, 59.50it/s]63
6
12
2
20
64
1
 64%|██████▍   | 83/130 [00:02<00:01, 36.51it/s]0
1
6
15
2
10
6
0
1
15
2
7
 73%|███████▎  | 95/130 [00:02<00:00, 50.89it/s]12
20
8
16
0
1
2
6
 79%|███████▉  | 103/130 [00:02<00:00, 53.30it/s]4
9
0
1
1
0
0
0
15
0
1
15
3
3
0
11
 92%|█████████▏| 119/130 [00:02<00:00, 74.12it/s]8
3
2
6
18
3
22
4
1
1
1
100%|██████████| 130/130 [00:02<00:00, 51.45it/s]

DanmakuFactory 1.70 CLI Release by hkm (hkm@tikm.org)
https://github.com/hihkm/DanmakuFactory

Input file(s):
Number|Template     |TimeShift|FileName
     1|xml          |   0.000s|/storage/32426326/20260711/32426326-20260711-151659-358.all.clean.xml

Output file:
Format|FileName
   ass|/storage/32426326/20260711/32426326-20260711-151659-358.all.ass

Loading files...
Loading file "/storage/32426326/20260711/32426326-20260711-151659-358.all.clean.xml"

File Loading Complete.. Danmaku Pool: 3344

Sorting...

Writting file "/storage/32426326/20260711/32426326-20260711-151659-358.all.ass"...

Done!
