/webhook/venv/lib/python3.10/site-packages/danmaku_tools/danmaku_energy_map.py:24: DeprecationWarning: Please import `convolve` from the `scipy.ndimage` namespace; the `scipy.ndimage.filters` namespace is deprecated and will be removed in SciPy 2.0.0.
  from scipy.ndimage.filters import convolve
Building prefix dict from the default dictionary ...
Loading model from cache /tmp/jieba.cache
Loading model cost 0.538 seconds.
Prefix dict has been built successfully.
  0%|          | 0/156 [00:00<?, ?it/s]28
28
11
1
  3%|▎         | 4/156 [00:00<00:03, 39.86it/s]31
1
11
4
25
  6%|▌         | 9/156 [00:00<00:04, 36.16it/s]11
3
4
5
5
3
11
 10%|█         | 16/156 [00:00<00:02, 47.65it/s]4
1
3
2
8
 13%|█▎        | 21/156 [00:00<00:02, 45.28it/s]3
25
3
7
12
25
 17%|█▋        | 27/156 [00:00<00:02, 45.95it/s]8
4
1
10
0
2
39
 22%|██▏       | 34/156 [00:00<00:02, 50.45it/s]16
11
16
0
2
53
 26%|██▌       | 40/156 [00:00<00:02, 46.22it/s]85
22
12
21
2
 29%|██▉       | 45/156 [00:01<00:03, 36.85it/s]41
11
4
8
11
 32%|███▏      | 50/156 [00:01<00:02, 39.02it/s]11
0
5
37
53
 35%|███▌      | 55/156 [00:01<00:02, 41.42it/s]36
8
22
1
32
 38%|███▊      | 60/156 [00:01<00:02, 40.59it/s]1
3
22
46
5
 42%|████▏     | 65/156 [00:01<00:02, 40.29it/s]1
2
1
8
1
4
4
2
9
1
9
15
1
20
 51%|█████     | 79/156 [00:01<00:01, 65.03it/s]2
1
17
8
13
1
6
4
1
3
0
15
 58%|█████▊    | 91/156 [00:01<00:00, 78.43it/s]2
3
2
30
3
3
7
17
2
20
 65%|██████▍   | 101/156 [00:01<00:00, 81.50it/s]4
3
1
11
53
4
38
0
4
 71%|███████   | 110/156 [00:02<00:00, 75.62it/s]3
2
9
3
4
0
13
8
4
3
1
0
4
1
0
9
13
17
 82%|████████▏ | 128/156 [00:02<00:00, 97.04it/s]6
3
2
12
0
16
0
4
6
0
3
1
0
7
1
0
4
3
0
25
 95%|█████████▍| 148/156 [00:02<00:00, 120.95it/s]3
18
18
11
0
2
0
31
100%|██████████| 156/156 [00:02<00:00, 67.66it/s] 

DanmakuFactory 1.70 CLI Release by hkm (hkm@tikm.org)
https://github.com/hihkm/DanmakuFactory

Input file(s):
Number|Template     |TimeShift|FileName
     1|xml          |   0.000s|/storage/32426326/20260620/32426326-20260620-152122-276.all.clean.xml

Output file:
Format|FileName
   ass|/storage/32426326/20260620/32426326-20260620-152122-276.all.ass

Loading files...
Loading file "/storage/32426326/20260620/32426326-20260620-152122-276.all.clean.xml"

File Loading Complete.. Danmaku Pool: 3440

Sorting...

Writting file "/storage/32426326/20260620/32426326-20260620-152122-276.all.ass"...

Done!
