/webhook/venv/lib/python3.10/site-packages/danmaku_tools/danmaku_energy_map.py:24: DeprecationWarning: Please import `convolve` from the `scipy.ndimage` namespace; the `scipy.ndimage.filters` namespace is deprecated and will be removed in SciPy 2.0.0.
  from scipy.ndimage.filters import convolve
Building prefix dict from the default dictionary ...
Loading model from cache /tmp/jieba.cache
Loading model cost 0.409 seconds.
Prefix dict has been built successfully.
  0%|          | 0/206 [00:00<?, ?it/s]0
45
4
16
47
  2%|▏         | 5/206 [00:00<00:05, 36.16it/s]90
3
6
14
8
19
  5%|▌         | 11/206 [00:00<00:04, 47.84it/s]6
2
24
24
13
3
68
8
0
42
 10%|█         | 21/206 [00:00<00:02, 63.15it/s]51
8
30
6
2
10
3
40
 14%|█▍        | 29/206 [00:00<00:02, 63.24it/s]29
5
10
10
1
0
20
8
2
0
50
 19%|█▉        | 40/206 [00:00<00:02, 59.79it/s]8
16
42
10
3
2
7
 23%|██▎       | 47/206 [00:00<00:02, 61.92it/s]18
16
37
1
27
18
8
33
 27%|██▋       | 55/206 [00:00<00:02, 63.26it/s]9
10
11
2
17
2
1
7
1
2
4
1
2
2
12
4
 34%|███▍      | 71/206 [00:01<00:01, 88.36it/s]1
7
1
1
14
40
0
5
1
0
0
3
2
1
0
9
1
8
29
 44%|████▎     | 90/206 [00:01<00:01, 109.36it/s]12
10
11
0
13
11
3
7
8
0
4
8
 50%|████▉     | 102/206 [00:01<00:00, 110.78it/s]1
1
0
10
41
23
3
0
0
1
17
4
2
8
3
3
16
 58%|█████▊    | 119/206 [00:01<00:00, 126.54it/s]0
0
1
47
12
33
3
5
8
6
19
28
11
 64%|██████▍   | 132/206 [00:01<00:00, 114.90it/s]8
9
3
0
21
3
10
2
0
0
0
1
3
2
10
0
20
0
0
4
0
11
1
0
25
 76%|███████▌  | 157/206 [00:01<00:00, 142.77it/s]0
2
1
3
0
5
11
22
8
20
0
2
3
2
5
1
11
0
0
0
3
16
 87%|████████▋ | 179/206 [00:01<00:00, 159.92it/s]21
1
1
7
5
1
0
1
5
14
15
11
1
1
2
8
24
 95%|█████████▌| 196/206 [00:01<00:00, 148.04it/s]12
31
2
2
12
44
13
24
36
2
100%|██████████| 206/206 [00:01<00:00, 103.03it/s]

DanmakuFactory 1.70 CLI Release by hkm (hkm@tikm.org)
https://github.com/hihkm/DanmakuFactory

Input file(s):
Number|Template     |TimeShift|FileName
     1|xml          |   0.000s|/storage/32426326/20251001/32426326-20251001-141333-869.all.clean.xml

Output file:
Format|FileName
   ass|/storage/32426326/20251001/32426326-20251001-141333-869.all.ass

Loading files...
Loading file "/storage/32426326/20251001/32426326-20251001-141333-869.all.clean.xml"

File Loading Complete.. Danmaku Pool: 4478

Sorting...

Writting file "/storage/32426326/20251001/32426326-20251001-141333-869.all.ass"...

Done!
