/webhook/venv/lib/python3.10/site-packages/danmaku_tools/danmaku_energy_map.py:24: DeprecationWarning: Please import `convolve` from the `scipy.ndimage` namespace; the `scipy.ndimage.filters` namespace is deprecated and will be removed in SciPy 2.0.0.
  from scipy.ndimage.filters import convolve
Building prefix dict from the default dictionary ...
Loading model from cache /tmp/jieba.cache
Loading model cost 0.973 seconds.
Prefix dict has been built successfully.
  0%|          | 0/45 [00:00<?, ?it/s]27
  2%|▏         | 1/45 [00:00<00:06,  6.65it/s]7
7
21
0
0
29
54
 18%|█▊        | 8/45 [00:00<00:01, 35.95it/s]1
31
297
104
1
 29%|██▉       | 13/45 [00:00<00:02, 11.96it/s]4
24
107
 36%|███▌      | 16/45 [00:01<00:02, 12.96it/s]14
73
10
3
114
 47%|████▋     | 21/45 [00:01<00:01, 15.84it/s]35
3
12
5
87
 58%|█████▊    | 26/45 [00:01<00:00, 19.26it/s]1
23
38
37
 67%|██████▋   | 30/45 [00:01<00:00, 22.10it/s]23
68
17
8
 76%|███████▌  | 34/45 [00:01<00:00, 25.43it/s]7
13
31
3
7
4
44
 91%|█████████ | 41/45 [00:01<00:00, 33.51it/s]4
2
2
29
100%|██████████| 45/45 [00:01<00:00, 23.28it/s]

DanmakuFactory 1.70 CLI Release by hkm (hkm@tikm.org)
https://github.com/hihkm/DanmakuFactory

Input file(s):
Number|Template     |TimeShift|FileName
     1|xml          |   0.000s|/storage/32426326/20251229/32426326-20251229-155906-086.all.clean.xml

Output file:
Format|FileName
   ass|/storage/32426326/20251229/32426326-20251229-155906-086.all.ass

Loading files...
Loading file "/storage/32426326/20251229/32426326-20251229-155906-086.all.clean.xml"

File Loading Complete.. Danmaku Pool: 3023

Sorting...

Writting file "/storage/32426326/20251229/32426326-20251229-155906-086.all.ass"...

Done!
