/webhook/venv/lib/python3.10/site-packages/danmaku_tools/danmaku_energy_map.py:24: DeprecationWarning: Please import `convolve` from the `scipy.ndimage` namespace; the `scipy.ndimage.filters` namespace is deprecated and will be removed in SciPy 2.0.0.
  from scipy.ndimage.filters import convolve
Building prefix dict from the default dictionary ...
Loading model from cache /tmp/jieba.cache
Loading model cost 0.543 seconds.
Prefix dict has been built successfully.
  0%|          | 0/150 [00:00<?, ?it/s]33
22
7
5
75
  3%|▎         | 5/150 [00:00<00:05, 26.71it/s]28
51
35
  5%|▌         | 8/150 [00:00<00:05, 26.30it/s]32
38
59
74
  8%|▊         | 12/150 [00:00<00:05, 25.97it/s]22
83
0
17
7
10
9
18
 13%|█▎        | 20/150 [00:00<00:03, 40.80it/s]10
52
33
57
26
 17%|█▋        | 25/150 [00:00<00:03, 39.01it/s]40
27
65
24
5
6
99
7
6
49
 23%|██▎       | 35/150 [00:00<00:02, 55.01it/s]25
22
16
41
22
14
392
72
17
4
66
28
38
6
5
40
29
2
7
10
29
43
8
25
58
2
52
23
22
13
3
12
0
16
2
0
1
5
15
1
1
0
15
6
2
2
11
6
1
0
2
0
13
8
4
8
13
3
10
13
0
23
43
2
7
0
1
2
1
8
19
15
3
9
24
3
2
5
2
10
6
17
19
6
0
0
5
2
2
6
0
2
0
5
4
0
0
4
0
1
19
23
14
0
1
6
6
0
0
25
4
3
34
7
2
100%|██████████| 150/150 [00:00<00:00, 202.82it/s]

DanmakuFactory 1.70 CLI Release by hkm (hkm@tikm.org)
https://github.com/hihkm/DanmakuFactory

Input file(s):
Number|Template     |TimeShift|FileName
     1|xml          |   0.000s|/storage/32426326/20260305/32426326-20260305-153622-058.all.clean.xml

Output file:
Format|FileName
   ass|/storage/32426326/20260305/32426326-20260305-153622-058.all.ass

Loading files...
Loading file "/storage/32426326/20260305/32426326-20260305-153622-058.all.clean.xml"

File Loading Complete.. Danmaku Pool: 7523

Sorting...

Writting file "/storage/32426326/20260305/32426326-20260305-153622-058.all.ass"...

Done!
