/webhook/venv/lib/python3.10/site-packages/danmaku_tools/danmaku_energy_map.py:24: DeprecationWarning: Please import `convolve` from the `scipy.ndimage` namespace; the `scipy.ndimage.filters` namespace is deprecated and will be removed in SciPy 2.0.0.
  from scipy.ndimage.filters import convolve
Building prefix dict from the default dictionary ...
Loading model from cache /tmp/jieba.cache
Loading model cost 0.378 seconds.
Prefix dict has been built successfully.
  0%|          | 0/61 [00:00<?, ?it/s]36
33
  3%|▎         | 2/61 [00:00<00:03, 15.74it/s]4
2
83
3
16
18
 13%|█▎        | 8/61 [00:00<00:01, 38.65it/s]22
31
0
94
49
 21%|██▏       | 13/61 [00:00<00:01, 40.45it/s]26
9
4
7
5
22
8
34
3
1
35
 39%|███▉      | 24/61 [00:00<00:00, 55.51it/s]5
57
27
45
15
0
0
55
 52%|█████▏    | 32/61 [00:00<00:00, 60.85it/s]18
3
35
23
41
25
3
 64%|██████▍   | 39/61 [00:00<00:00, 56.06it/s]2
17
58
0
0
2
3
35
1
15
51
 82%|████████▏ | 50/61 [00:00<00:00, 67.67it/s]3
5
86
18
25
51
0
 93%|█████████▎| 57/61 [00:01<00:00, 61.05it/s]17
39
2
0
100%|██████████| 61/61 [00:01<00:00, 57.56it/s]

DanmakuFactory 1.70 CLI Release by hkm (hkm@tikm.org)
https://github.com/hihkm/DanmakuFactory

Input file(s):
Number|Template     |TimeShift|FileName
     1|xml          |   0.000s|/storage/32426326/20250920/32426326-20250920-160904-885.all.clean.xml

Output file:
Format|FileName
   ass|/storage/32426326/20250920/32426326-20250920-160904-885.all.ass

Loading files...
Loading file "/storage/32426326/20250920/32426326-20250920-160904-885.all.clean.xml"

File Loading Complete.. Danmaku Pool: 3274

Sorting...

Writting file "/storage/32426326/20250920/32426326-20250920-160904-885.all.ass"...

Done!
