/webhook/venv/lib/python3.10/site-packages/danmaku_tools/danmaku_energy_map.py:24: DeprecationWarning: Please import `convolve` from the `scipy.ndimage` namespace; the `scipy.ndimage.filters` namespace is deprecated and will be removed in SciPy 2.0.0.
  from scipy.ndimage.filters import convolve
Building prefix dict from the default dictionary ...
Loading model from cache /tmp/jieba.cache
Loading model cost 0.413 seconds.
Prefix dict has been built successfully.
  0%|          | 0/120 [00:00<?, ?it/s]1
0
1
100
36
  4%|▍         | 5/120 [00:00<00:02, 43.81it/s]2
7
4
44
4
9
12
47
 11%|█         | 13/120 [00:00<00:01, 62.70it/s]105
3
40
63
54
12
20
 17%|█▋        | 20/120 [00:00<00:02, 37.88it/s]12
28
21
3
25
 21%|██        | 25/120 [00:00<00:02, 39.67it/s]40
80
3
28
7
 25%|██▌       | 30/120 [00:00<00:02, 38.41it/s]101
22
20
38
29
 29%|██▉       | 35/120 [00:00<00:02, 36.32it/s]44
18
23
8
46
 33%|███▎      | 40/120 [00:01<00:02, 36.75it/s]4
11
6
0
5
16
0
20
3
 41%|████      | 49/120 [00:01<00:01, 49.41it/s]0
8
26
3
5
0
0
2
3
3
3
17
14
1
12
0
7
 55%|█████▌    | 66/120 [00:01<00:00, 75.50it/s]38
14
10
0
13
11
12
72
 62%|██████▏   | 74/120 [00:01<00:00, 62.47it/s]1
5
22
17
7
24
4
0
21
2
4
 71%|███████   | 85/120 [00:01<00:00, 72.57it/s]6
14
36
29
6
10
22
19
 78%|███████▊  | 93/120 [00:01<00:00, 69.09it/s]4
1
31
0
0
10
28
1
4
10
2
3
0
 88%|████████▊ | 106/120 [00:01<00:00, 83.98it/s]31
1
9
1
3
0
16
35
4
8
17
0
0
12
100%|██████████| 120/120 [00:01<00:00, 64.04it/s]

DanmakuFactory 1.70 CLI Release by hkm (hkm@tikm.org)
https://github.com/hihkm/DanmakuFactory

Input file(s):
Number|Template     |TimeShift|FileName
     1|xml          |   0.000s|/storage/32426326/20251019/32426326-20251019-151550-236.all.clean.xml

Output file:
Format|FileName
   ass|/storage/32426326/20251019/32426326-20251019-151550-236.all.ass

Loading files...
Loading file "/storage/32426326/20251019/32426326-20251019-151550-236.all.clean.xml"

File Loading Complete.. Danmaku Pool: 4291

Sorting...

Writting file "/storage/32426326/20251019/32426326-20251019-151550-236.all.ass"...

Done!
