/webhook/venv/lib/python3.10/site-packages/danmaku_tools/danmaku_energy_map.py:24: DeprecationWarning: Please import `convolve` from the `scipy.ndimage` namespace; the `scipy.ndimage.filters` namespace is deprecated and will be removed in SciPy 2.0.0.
  from scipy.ndimage.filters import convolve
Building prefix dict from the default dictionary ...
Loading model from cache /tmp/jieba.cache
Loading model cost 0.437 seconds.
Prefix dict has been built successfully.
  0%|          | 0/108 [00:00<?, ?it/s]11
2
8
0
20
4
3
42
29
  8%|▊         | 9/108 [00:00<00:01, 67.81it/s]1
1
2
1
23
4
21
27
 16%|█▌        | 17/108 [00:00<00:01, 67.77it/s]14
2
27
10
1
5
3
0
4
7
 25%|██▌       | 27/108 [00:00<00:01, 54.75it/s]99
45
16
16
1
13
 31%|███       | 33/108 [00:00<00:01, 37.61it/s]12
0
12
21
114
 35%|███▌      | 38/108 [00:00<00:02, 32.61it/s]17
5
9
15
26
0
1
4
4
55
 44%|████▍     | 48/108 [00:01<00:01, 45.56it/s]2
5
32
0
32
23
20
30
41
 53%|█████▎    | 57/108 [00:01<00:00, 54.22it/s]23
67
12
0
36
3
7
 59%|█████▉    | 64/108 [00:01<00:00, 48.20it/s]24
0
13
2
10
3
1
0
19
6
0
4
3
3
4
 73%|███████▎  | 79/108 [00:01<00:00, 70.08it/s]2
23
3
1
12
13
0
14
4
7
1
4
2
 85%|████████▌ | 92/108 [00:01<00:00, 83.99it/s]7
2
1
6
2
51
0
8
2
1
5
39
 96%|█████████▋| 104/108 [00:01<00:00, 88.37it/s]0
7
34
59
100%|██████████| 108/108 [00:01<00:00, 61.80it/s]

DanmakuFactory 1.70 CLI Release by hkm (hkm@tikm.org)
https://github.com/hihkm/DanmakuFactory

Input file(s):
Number|Template     |TimeShift|FileName
     1|xml          |   0.000s|/storage/32426326/20251124/32426326-20251124-140346-098.all.clean.xml

Output file:
Format|FileName
   ass|/storage/32426326/20251124/32426326-20251124-140346-098.all.ass

Loading files...
Loading file "/storage/32426326/20251124/32426326-20251124-140346-098.all.clean.xml"

File Loading Complete.. Danmaku Pool: 3263

Sorting...

Writting file "/storage/32426326/20251124/32426326-20251124-140346-098.all.ass"...

Done!
