/webhook/venv/lib/python3.10/site-packages/danmaku_tools/danmaku_energy_map.py:24: DeprecationWarning: Please import `convolve` from the `scipy.ndimage` namespace; the `scipy.ndimage.filters` namespace is deprecated and will be removed in SciPy 2.0.0.
  from scipy.ndimage.filters import convolve
Building prefix dict from the default dictionary ...
Loading model from cache /tmp/jieba.cache
Loading model cost 0.506 seconds.
Prefix dict has been built successfully.
  0%|          | 0/61 [00:00<?, ?it/s]4
10
2
18
0
49
0
15
 13%|█▎        | 8/61 [00:00<00:00, 69.30it/s]7
13
82
58
61
61
23
 25%|██▍       | 15/61 [00:00<00:00, 56.35it/s]43
14
27
1
22
21
 34%|███▍      | 21/61 [00:00<00:00, 41.15it/s]51
4
0
48
1
 43%|████▎     | 26/61 [00:00<00:01, 34.83it/s]23
52
2
3
 49%|████▉     | 30/61 [00:00<00:01, 29.60it/s]62
8
3
0
 56%|█████▌    | 34/61 [00:00<00:00, 31.35it/s]0
23
6
26
 62%|██████▏   | 38/61 [00:01<00:00, 31.99it/s]10
4
69
5
 69%|██████▉   | 42/61 [00:01<00:00, 32.36it/s]19
1
8
28
20
0
29
2
0
24
 85%|████████▌ | 52/61 [00:01<00:00, 47.14it/s]40
0
43
21
0
3
 95%|█████████▌| 58/61 [00:01<00:00, 50.26it/s]60
27
113
100%|██████████| 61/61 [00:01<00:00, 38.98it/s]

DanmakuFactory 1.70 CLI Release by hkm (hkm@tikm.org)
https://github.com/hihkm/DanmakuFactory

Input file(s):
Number|Template     |TimeShift|FileName
     1|xml          |   0.000s|/storage/32426326/20260207/32426326-20260207-144939-399.all.clean.xml

Output file:
Format|FileName
   ass|/storage/32426326/20260207/32426326-20260207-144939-399.all.ass

Loading files...
Loading file "/storage/32426326/20260207/32426326-20260207-144939-399.all.clean.xml"

File Loading Complete.. Danmaku Pool: 3133

Sorting...

Writting file "/storage/32426326/20260207/32426326-20260207-144939-399.all.ass"...

Done!
