/webhook/venv/lib/python3.10/site-packages/danmaku_tools/danmaku_energy_map.py:24: DeprecationWarning: Please import `convolve` from the `scipy.ndimage` namespace; the `scipy.ndimage.filters` namespace is deprecated and will be removed in SciPy 2.0.0.
  from scipy.ndimage.filters import convolve
Building prefix dict from the default dictionary ...
Loading model from cache /tmp/jieba.cache
Loading model cost 0.474 seconds.
Prefix dict has been built successfully.
  0%|          | 0/284 [00:00<?, ?it/s]57
  0%|          | 1/284 [00:00<00:38,  7.41it/s]1
45
  1%|          | 3/284 [00:00<00:24, 11.51it/s]56
5
145
  2%|▏         | 6/284 [00:00<00:21, 13.13it/s]26
23
24
26
  4%|▎         | 10/284 [00:00<00:14, 18.92it/s]59
31
21
  5%|▍         | 13/284 [00:00<00:12, 21.06it/s]37
6
22
  6%|▌         | 16/284 [00:00<00:11, 22.58it/s]12
24
45
50
  7%|▋         | 20/284 [00:01<00:16, 16.46it/s]28
26
16
2
23
11
0
8
32
 10%|█         | 29/284 [00:01<00:08, 29.43it/s]2
30
16
6
10
4
24
 13%|█▎        | 36/284 [00:01<00:06, 36.31it/s]17
14
29
12
21
 14%|█▍        | 41/284 [00:01<00:06, 38.97it/s]81
56
11
55
5
 16%|█▌        | 46/284 [00:01<00:08, 29.31it/s]43
0
20
8
0
2
2
24
 19%|█▉        | 54/284 [00:02<00:07, 30.07it/s]48
13
3
113
12
5
5
5
23
38
2
5
44
2
5
4
11
21
2
15
2
20
0
2
7
11
6
0
1
4
11
6
1
4
2
8
1
0
2
6
1
8
2
5
4
1
0
9
0
1
0
1
0
0
0
14
1
5
0
3
1
2
0
2
0
0
1
6
1
1
0
0
3
0
5
11
0
2
1
2
0
1
4
3
1
1
0
0
1
4
1
6
0
0
0
30
11
6
2
11
1
1
4
3
3
4
2
2
3
1
0
1
14
1
0
21
6
1
2
15
0
0
1
0
7
0
1
4
2
3
8
11
16
8
7
0
0
0
1
2
27
11
11
2
8
9
0
5
0
2
15
11
13
11
0
4
20
11
24
9
0
2
25
14
1
0
0
1
6
25
3
19
1
14
1
2
8
9
4
1
11
3
2
4
24
3
0
9
69
9
6
4
0
37
4
1
8
0
3
5
11
5
1
4
1
0
38
3
13
3
7
11
1
0
1
20
1
5
3
1
8
0
0
2
60
3
1
14
6
12
100%|██████████| 284/284 [00:01<00:00, 171.57it/s]

DanmakuFactory 1.70 CLI Release by hkm (hkm@tikm.org)
https://github.com/hihkm/DanmakuFactory

Input file(s):
Number|Template     |TimeShift|FileName
     1|xml          |   0.000s|/storage/32426326/20251027/32426326-20251027-150356-346.all.clean.xml

Output file:
Format|FileName
   ass|/storage/32426326/20251027/32426326-20251027-150356-346.all.ass

Loading files...
Loading file "/storage/32426326/20251027/32426326-20251027-150356-346.all.clean.xml"

File Loading Complete.. Danmaku Pool: 5874

Sorting...

Writting file "/storage/32426326/20251027/32426326-20251027-150356-346.all.ass"...

Done!
