/webhook/venv/lib/python3.10/site-packages/danmaku_tools/danmaku_energy_map.py:24: DeprecationWarning: Please import `convolve` from the `scipy.ndimage` namespace; the `scipy.ndimage.filters` namespace is deprecated and will be removed in SciPy 2.0.0.
  from scipy.ndimage.filters import convolve
Building prefix dict from the default dictionary ...
Loading model from cache /tmp/jieba.cache
Loading model cost 0.458 seconds.
Prefix dict has been built successfully.
  0%|          | 0/59 [00:00<?, ?it/s]37
4
44
102
  7%|▋         | 4/59 [00:00<00:02, 22.45it/s]25
56
32
 12%|█▏        | 7/59 [00:00<00:02, 23.73it/s]47
159
25
 17%|█▋        | 10/59 [00:00<00:03, 16.25it/s]58
17
37
 22%|██▏       | 13/59 [00:00<00:02, 19.09it/s]44
30
98
 27%|██▋       | 16/59 [00:00<00:02, 14.40it/s]31
55
215
 32%|███▏      | 19/59 [00:01<00:04,  9.34it/s]32
4
81
 37%|███▋      | 22/59 [00:01<00:03, 11.27it/s]13
4
83
148
 44%|████▍     | 26/59 [00:01<00:02, 12.54it/s]35
37
21
9
76
 53%|█████▎    | 31/59 [00:02<00:01, 16.41it/s]42
19
11
13
21
 61%|██████    | 36/59 [00:02<00:01, 21.45it/s]1
2
63
41
 68%|██████▊   | 40/59 [00:02<00:00, 24.41it/s]110
17
9
59
 75%|███████▍  | 44/59 [00:02<00:00, 24.35it/s]36
20
4
4
2
1
4
2
5
59
 92%|█████████▏| 54/59 [00:02<00:00, 39.67it/s]5
41
7
4
40
100%|██████████| 59/59 [00:02<00:00, 22.18it/s]

DanmakuFactory 1.70 CLI Release by hkm (hkm@tikm.org)
https://github.com/hihkm/DanmakuFactory

Input file(s):
Number|Template     |TimeShift|FileName
     1|xml          |   0.000s|/storage/32426326/20260401/32426326-20260401-145100-665.all.clean.xml

Output file:
Format|FileName
   ass|/storage/32426326/20260401/32426326-20260401-145100-665.all.ass

Loading files...
Loading file "/storage/32426326/20260401/32426326-20260401-145100-665.all.clean.xml"

File Loading Complete.. Danmaku Pool: 6421

Sorting...

Writting file "/storage/32426326/20260401/32426326-20260401-145100-665.all.ass"...

Done!
