/webhook/venv/lib/python3.10/site-packages/danmaku_tools/danmaku_energy_map.py:24: DeprecationWarning: Please import `convolve` from the `scipy.ndimage` namespace; the `scipy.ndimage.filters` namespace is deprecated and will be removed in SciPy 2.0.0.
  from scipy.ndimage.filters import convolve
Building prefix dict from the default dictionary ...
Loading model from cache /tmp/jieba.cache
Loading model cost 0.448 seconds.
Prefix dict has been built successfully.
  0%|          | 0/76 [00:00<?, ?it/s]40
15
59
  4%|▍         | 3/76 [00:00<00:02, 27.61it/s]9
33
28
11
8
40
 12%|█▏        | 9/76 [00:00<00:01, 39.58it/s]90
194
55
78
 17%|█▋        | 13/76 [00:00<00:05, 12.10it/s]7
19
65
 21%|██        | 16/76 [00:01<00:04, 14.61it/s]52
2
43
 25%|██▌       | 19/76 [00:01<00:03, 16.29it/s]78
27
7
20
 30%|███       | 23/76 [00:01<00:02, 20.68it/s]2
7
6
1
78
15
9
 39%|███▉      | 30/76 [00:01<00:01, 30.53it/s]46
45
6
7
11
 46%|████▌     | 35/76 [00:01<00:01, 32.52it/s]25
18
14
10
69
 53%|█████▎    | 40/76 [00:01<00:01, 32.19it/s]2
36
61
50
 58%|█████▊    | 44/76 [00:01<00:00, 32.46it/s]8
29
3
35
 63%|██████▎   | 48/76 [00:01<00:00, 30.27it/s]2
27
24
6
49
 70%|██████▉   | 53/76 [00:02<00:00, 32.66it/s]72
4
40
54
 75%|███████▌  | 57/76 [00:02<00:00, 29.10it/s]27
2
2
124
 80%|████████  | 61/76 [00:02<00:00, 28.46it/s]5
47
4
7
33
2
2
21
 91%|█████████ | 69/76 [00:02<00:00, 38.58it/s]0
3
19
33
42
53
 99%|█████████▊| 75/76 [00:02<00:00, 42.11it/s]57
100%|██████████| 76/76 [00:02<00:00, 28.72it/s]

DanmakuFactory 1.70 CLI Release by hkm (hkm@tikm.org)
https://github.com/hihkm/DanmakuFactory

Input file(s):
Number|Template     |TimeShift|FileName
     1|xml          |   0.000s|/storage/32426326/20260317/32426326-20260317-144904-545.all.clean.xml

Output file:
Format|FileName
   ass|/storage/32426326/20260317/32426326-20260317-144904-545.all.ass

Loading files...
Loading file "/storage/32426326/20260317/32426326-20260317-144904-545.all.clean.xml"

File Loading Complete.. Danmaku Pool: 6366

Sorting...

Writting file "/storage/32426326/20260317/32426326-20260317-144904-545.all.ass"...

Done!
