/webhook/venv/lib/python3.10/site-packages/danmaku_tools/danmaku_energy_map.py:24: DeprecationWarning: Please import `convolve` from the `scipy.ndimage` namespace; the `scipy.ndimage.filters` namespace is deprecated and will be removed in SciPy 2.0.0.
  from scipy.ndimage.filters import convolve
Building prefix dict from the default dictionary ...
Loading model from cache /tmp/jieba.cache
Loading model cost 0.425 seconds.
Prefix dict has been built successfully.
  0%|          | 0/86 [00:00<?, ?it/s]2
4
3
12
45
10
  7%|▋         | 6/86 [00:00<00:01, 57.83it/s]8
1
1
33
2
4
10
2
24
 17%|█▋        | 15/86 [00:00<00:00, 72.42it/s]17
5
1
8
8
0
38
11
 27%|██▋       | 23/86 [00:00<00:01, 53.83it/s]0
45
27
38
28
6
 34%|███▎      | 29/86 [00:00<00:01, 47.50it/s]28
1
12
6
22
26
 41%|████      | 35/86 [00:00<00:01, 46.04it/s]1
1
31
1
2
11
26
13
12
38
 52%|█████▏    | 45/86 [00:00<00:00, 53.71it/s]18
0
14
55
45
20
 59%|█████▉    | 51/86 [00:00<00:00, 53.28it/s]22
0
3
13
3
1
 66%|██████▋   | 57/86 [00:01<00:01, 19.80it/s]13
55
4
30
6
43
2
2
14
9
 78%|███████▊  | 67/86 [00:01<00:00, 28.93it/s]3
38
4
56
3
30
 85%|████████▍ | 73/86 [00:01<00:00, 32.17it/s]0
3
21
11
11
1
16
8
1
33
0
2
41
100%|██████████| 86/86 [00:02<00:00, 41.20it/s]

DanmakuFactory 1.70 CLI Release by hkm (hkm@tikm.org)
https://github.com/hihkm/DanmakuFactory

Input file(s):
Number|Template     |TimeShift|FileName
     1|xml          |   0.000s|/storage/32426326/20251120/32426326-20251120-150642-222.all.clean.xml

Output file:
Format|FileName
   ass|/storage/32426326/20251120/32426326-20251120-150642-222.all.ass

Loading files...
Loading file "/storage/32426326/20251120/32426326-20251120-150642-222.all.clean.xml"

File Loading Complete.. Danmaku Pool: 2549

Sorting...

Writting file "/storage/32426326/20251120/32426326-20251120-150642-222.all.ass"...

Done!
