/webhook/venv/lib/python3.10/site-packages/danmaku_tools/danmaku_energy_map.py:24: DeprecationWarning: Please import `convolve` from the `scipy.ndimage` namespace; the `scipy.ndimage.filters` namespace is deprecated and will be removed in SciPy 2.0.0.
  from scipy.ndimage.filters import convolve
Building prefix dict from the default dictionary ...
Loading model from cache /tmp/jieba.cache
Loading model cost 0.394 seconds.
Prefix dict has been built successfully.
  0%|          | 0/92 [00:00<?, ?it/s]5
2
0
13
41
17
78
  8%|▊         | 7/92 [00:00<00:01, 69.76it/s]24
56
2
6
115
61
3
 15%|█▌        | 14/92 [00:00<00:02, 35.62it/s]4
124
0
0
12
 21%|██        | 19/92 [00:00<00:02, 36.13it/s]4
1
3
68
9
11
32
 28%|██▊       | 26/92 [00:00<00:01, 41.16it/s]50
13
117
49
21
 34%|███▎      | 31/92 [00:00<00:01, 37.92it/s]8
10
104
82
85
 39%|███▉      | 36/92 [00:01<00:02, 25.38it/s]3
70
23
15
1
27
 46%|████▌     | 42/92 [00:01<00:01, 28.70it/s]1
5
18
25
13
6
62
 53%|█████▎    | 49/92 [00:01<00:01, 32.25it/s]23
57
11
30
 58%|█████▊    | 53/92 [00:01<00:01, 32.58it/s]90
1
3
87
 62%|██████▏   | 57/92 [00:01<00:01, 31.18it/s]116
24
62
9
 66%|██████▋   | 61/92 [00:01<00:01, 28.70it/s]22
4
0
15
16
8
44
30
 75%|███████▌  | 69/92 [00:02<00:00, 37.61it/s]11
1
8
56
15
0
19
 83%|████████▎ | 76/92 [00:02<00:00, 44.40it/s]16
11
3
38
39
 88%|████████▊ | 81/92 [00:02<00:00, 44.52it/s]5
21
12
28
22
40
0
0
10
21
 99%|█████████▉| 91/92 [00:02<00:00, 56.64it/s]38
100%|██████████| 92/92 [00:02<00:00, 38.70it/s]

DanmakuFactory 1.70 CLI Release by hkm (hkm@tikm.org)
https://github.com/hihkm/DanmakuFactory

Input file(s):
Number|Template     |TimeShift|FileName
     1|xml          |   0.000s|/storage/32426326/20250814/32426326-20250814-151230-149.all.clean.xml

Output file:
Format|FileName
   ass|/storage/32426326/20250814/32426326-20250814-151230-149.all.ass

Loading files...
Loading file "/storage/32426326/20250814/32426326-20250814-151230-149.all.clean.xml"

File Loading Complete.. Danmaku Pool: 5287

Sorting...

Writting file "/storage/32426326/20250814/32426326-20250814-151230-149.all.ass"...

Done!
