/webhook/venv/lib/python3.10/site-packages/danmaku_tools/danmaku_energy_map.py:24: DeprecationWarning: Please import `convolve` from the `scipy.ndimage` namespace; the `scipy.ndimage.filters` namespace is deprecated and will be removed in SciPy 2.0.0.
  from scipy.ndimage.filters import convolve
Building prefix dict from the default dictionary ...
Loading model from cache /tmp/jieba.cache
Loading model cost -0.720 seconds.
Prefix dict has been built successfully.
  0%|          | 0/79 [00:00<?, ?it/s]1
1
0
1
5
26
1
2
13
2
41
7
20
 16%|█▋        | 13/79 [00:00<00:00, 120.13it/s]0
0
0
4
2
24
4
2
2
0
23
25
0
 33%|███▎      | 26/79 [00:00<00:00, 110.53it/s]33
30
41
2
0
5
5
96
39
41
0
8
 48%|████▊     | 38/79 [00:00<00:00, 44.70it/s] 10
12
38
6
57
6
1
16
 58%|█████▊    | 46/79 [00:00<00:00, 43.78it/s]8
2
15
2
2
6
 66%|██████▌   | 52/79 [00:01<00:00, 46.47it/s]0
13
1
26
16
30
39
1
1
13
 78%|███████▊  | 62/79 [00:01<00:00, 56.05it/s]4
16
5
13
1
4
6
80
 89%|████████▊ | 70/79 [00:01<00:00, 59.86it/s]44
10
31
14
3
16
2
 97%|█████████▋| 77/79 [00:01<00:00, 61.35it/s]0
16
100%|██████████| 79/79 [00:01<00:00, 58.72it/s]

DanmakuFactory 1.70 CLI Release by hkm (hkm@tikm.org)
https://github.com/hihkm/DanmakuFactory

Input file(s):
Number|Template     |TimeShift|FileName
     1|xml          |   0.000s|/storage/32426326/20251122/32426326-20251122-143406-976.all.clean.xml

Output file:
Format|FileName
   ass|/storage/32426326/20251122/32426326-20251122-143406-976.all.ass

Loading files...
Loading file "/storage/32426326/20251122/32426326-20251122-143406-976.all.clean.xml"

File Loading Complete.. Danmaku Pool: 2835

Sorting...

Writting file "/storage/32426326/20251122/32426326-20251122-143406-976.all.ass"...

Done!
