/webhook/venv/lib/python3.10/site-packages/danmaku_tools/danmaku_energy_map.py:24: DeprecationWarning: Please import `convolve` from the `scipy.ndimage` namespace; the `scipy.ndimage.filters` namespace is deprecated and will be removed in SciPy 2.0.0.
  from scipy.ndimage.filters import convolve
Building prefix dict from the default dictionary ...
Loading model from cache /tmp/jieba.cache
Loading model cost 0.639 seconds.
Prefix dict has been built successfully.
  0%|          | 0/85 [00:00<?, ?it/s]9
5
3
1
1
75
  7%|▋         | 6/85 [00:00<00:01, 44.48it/s]46
65
0
2
4
 13%|█▎        | 11/85 [00:00<00:02, 24.82it/s]171
16
3
 16%|█▋        | 14/85 [00:00<00:04, 14.44it/s]68
1
 19%|█▉        | 16/85 [00:00<00:04, 15.31it/s]30
70
 21%|██        | 18/85 [00:01<00:04, 16.10it/s]45
54
 24%|██▎       | 20/85 [00:01<00:04, 14.83it/s]50
36
 26%|██▌       | 22/85 [00:01<00:04, 15.04it/s]8
1
8
9
3
24
87
 34%|███▍      | 29/85 [00:01<00:02, 27.06it/s]1
26
36
28
21
4
42
 42%|████▏     | 36/85 [00:01<00:01, 34.50it/s]14
16
23
20
33
 48%|████▊     | 41/85 [00:01<00:01, 36.91it/s]1
14
17
21
18
1
8
3
2
3
8
 61%|██████    | 52/85 [00:01<00:00, 54.06it/s]10
4
0
4
0
8
1
18
3
1
20
26
 75%|███████▌  | 64/85 [00:01<00:00, 64.57it/s]5
40
0
26
2
15
1
3
0
14
2
 88%|████████▊ | 75/85 [00:02<00:00, 75.52it/s]12
8
1
2
15
5
10
15
0
3
100%|██████████| 85/85 [00:02<00:00, 40.43it/s]

DanmakuFactory 1.70 CLI Release by hkm (hkm@tikm.org)
https://github.com/hihkm/DanmakuFactory

Input file(s):
Number|Template     |TimeShift|FileName
     1|xml          |   0.000s|/storage/32426326/20260713/32426326-20260713-145544-718.all.clean.xml

Output file:
Format|FileName
   ass|/storage/32426326/20260713/32426326-20260713-145544-718.all.ass

Loading files...
Loading file "/storage/32426326/20260713/32426326-20260713-145544-718.all.clean.xml"

File Loading Complete.. Danmaku Pool: 2957

Sorting...

Writting file "/storage/32426326/20260713/32426326-20260713-145544-718.all.ass"...

Done!
