/webhook/venv/lib/python3.10/site-packages/danmaku_tools/danmaku_energy_map.py:24: DeprecationWarning: Please import `convolve` from the `scipy.ndimage` namespace; the `scipy.ndimage.filters` namespace is deprecated and will be removed in SciPy 2.0.0.
  from scipy.ndimage.filters import convolve
Building prefix dict from the default dictionary ...
Loading model from cache /tmp/jieba.cache
Loading model cost 0.457 seconds.
Prefix dict has been built successfully.
  0%|          | 0/88 [00:00<?, ?it/s]3
24
5
2
6
25
  7%|▋         | 6/88 [00:00<00:01, 51.61it/s]2
2
16
18
4
45
41
 15%|█▍        | 13/88 [00:00<00:01, 49.88it/s]76
111
82
13
104
17
 22%|██▏       | 19/88 [00:00<00:03, 21.17it/s]48
24
41
69
 26%|██▌       | 23/88 [00:00<00:03, 20.71it/s]13
7
40
25
 31%|███       | 27/88 [00:01<00:02, 23.21it/s]7
51
3
4
3
5
26
13
 40%|███▉      | 35/88 [00:01<00:01, 33.22it/s]6
8
28
5
1
6
60
 48%|████▊     | 42/88 [00:01<00:01, 39.92it/s]0
4
9
8
16
31
9
9
3
23
 59%|█████▉    | 52/88 [00:01<00:00, 53.53it/s]3
0
31
0
32
8
1
1
63
 69%|██████▉   | 61/88 [00:01<00:00, 59.48it/s]29
5
2
40
5
1
13
27
 78%|███████▊  | 69/88 [00:01<00:00, 64.22it/s]2
10
3
23
2
0
31
0
10
15
0
0
6
3
 94%|█████████▍| 83/88 [00:01<00:00, 83.85it/s]9
3
68
1
2
100%|██████████| 88/88 [00:01<00:00, 48.37it/s]

DanmakuFactory 1.70 CLI Release by hkm (hkm@tikm.org)
https://github.com/hihkm/DanmakuFactory

Input file(s):
Number|Template     |TimeShift|FileName
     1|xml          |   0.000s|/storage/32426326/20260324/32426326-20260324-153815-248.all.clean.xml

Output file:
Format|FileName
   ass|/storage/32426326/20260324/32426326-20260324-153815-248.all.ass

Loading files...
Loading file "/storage/32426326/20260324/32426326-20260324-153815-248.all.clean.xml"

File Loading Complete.. Danmaku Pool: 3990

Sorting...

Writting file "/storage/32426326/20260324/32426326-20260324-153815-248.all.ass"...

Done!
