/webhook/venv/lib/python3.10/site-packages/danmaku_tools/danmaku_energy_map.py:24: DeprecationWarning: Please import `convolve` from the `scipy.ndimage` namespace; the `scipy.ndimage.filters` namespace is deprecated and will be removed in SciPy 2.0.0.
  from scipy.ndimage.filters import convolve
Building prefix dict from the default dictionary ...
Loading model from cache /tmp/jieba.cache
Loading model cost 0.425 seconds.
Prefix dict has been built successfully.
  0%|          | 0/80 [00:00<?, ?it/s]16
37
83
20
  5%|▌         | 4/80 [00:00<00:02, 35.51it/s]15
72
30
6
 10%|█         | 8/80 [00:00<00:01, 37.53it/s]2
4
8
3
0
25
12
29
10
9
0
3
12
1
11
3
36
 31%|███▏      | 25/80 [00:00<00:00, 94.42it/s]34
67
29
1
1
3
49
5
27
38
 44%|████▍     | 35/80 [00:00<00:00, 68.68it/s]32
5
5
10
14
31
18
33
 54%|█████▍    | 43/80 [00:00<00:00, 69.58it/s]18
3
14
3
33
3
14
13
31
16
1
0
1
23
41
 72%|███████▎  | 58/80 [00:00<00:00, 88.24it/s]45
21
10
0
30
14
56
2
17
0
 85%|████████▌ | 68/80 [00:00<00:00, 78.67it/s]1
3
1
0
5
13
23
7
16
9
1
33
100%|██████████| 80/80 [00:00<00:00, 81.74it/s]

DanmakuFactory 1.70 CLI Release by hkm (hkm@tikm.org)
https://github.com/hihkm/DanmakuFactory

Input file(s):
Number|Template     |TimeShift|FileName
     1|xml          |   0.000s|/storage/32426326/20250827/32426326-20250827-154123-337.all.clean.xml

Output file:
Format|FileName
   ass|/storage/32426326/20250827/32426326-20250827-154123-337.all.ass

Loading files...
Loading file "/storage/32426326/20250827/32426326-20250827-154123-337.all.clean.xml"

File Loading Complete.. Danmaku Pool: 2952

Sorting...

Writting file "/storage/32426326/20250827/32426326-20250827-154123-337.all.ass"...

Done!
