/webhook/venv/lib/python3.10/site-packages/danmaku_tools/danmaku_energy_map.py:24: DeprecationWarning: Please import `convolve` from the `scipy.ndimage` namespace; the `scipy.ndimage.filters` namespace is deprecated and will be removed in SciPy 2.0.0.
  from scipy.ndimage.filters import convolve
Building prefix dict from the default dictionary ...
Loading model from cache /tmp/jieba.cache
Loading model cost 0.474 seconds.
Prefix dict has been built successfully.
  0%|          | 0/216 [00:00<?, ?it/s]11
118
  1%|          | 2/216 [00:00<00:22,  9.31it/s]8
41
  2%|▏         | 4/216 [00:00<00:25,  8.17it/s]123
  2%|▏         | 5/216 [00:00<00:24,  8.57it/s]36
7
14
18
10
75
16
39
47
19
14
69
43
39
2
33
125
8
40
19
24
38
110
92
67
14
19
26
0
25
47
30
98
1
56
26
25
2
8
59
9
5
52
14
3
0
8
16
3
11
32
5
17
1
13
10
68
9
3
8
9
14
10
0
10
0
4
1
3
5
5
4
8
4
19
4
10
1
3
7
1
0
2
2
0
2
5
0
0
0
3
7
1
1
0
0
0
9
0
3
4
5
16
6
0
24
1
0
2
1
0
1
3
0
3
2
0
0
7
0
5
1
3
18
0
2
10
2
7
1
3
2
0
1
17
6
0
2
2
0
2
1
1
17
7
1
9
9
0
0
0
3
2
0
1
0
1
8
0
50
15
18
0
0
1
5
5
5
7
5
15
7
1
0
0
4
5
0
18
4
1
2
9
0
4
5
8
5
0
1
8
9
11
0
0
1
7
3
12
2
0
2
6
0
0
0
0
0
1
4
23
100%|██████████| 216/216 [00:00<00:00, 604.06it/s]

DanmakuFactory 1.70 CLI Release by hkm (hkm@tikm.org)
https://github.com/hihkm/DanmakuFactory

Input file(s):
Number|Template     |TimeShift|FileName
     1|xml          |   0.000s|/storage/32426326/20260308/32426326-20260308-144546-359.all.clean.xml

Output file:
Format|FileName
   ass|/storage/32426326/20260308/32426326-20260308-144546-359.all.ass

Loading files...
Loading file "/storage/32426326/20260308/32426326-20260308-144546-359.all.clean.xml"

File Loading Complete.. Danmaku Pool: 6684

Sorting...

Writting file "/storage/32426326/20260308/32426326-20260308-144546-359.all.ass"...

Done!
