/webhook/venv/lib/python3.10/site-packages/danmaku_tools/danmaku_energy_map.py:24: DeprecationWarning: Please import `convolve` from the `scipy.ndimage` namespace; the `scipy.ndimage.filters` namespace is deprecated and will be removed in SciPy 2.0.0.
  from scipy.ndimage.filters import convolve
Building prefix dict from the default dictionary ...
Loading model from cache /tmp/jieba.cache
Loading model cost 0.396 seconds.
Prefix dict has been built successfully.
  0%|          | 0/85 [00:00<?, ?it/s]2
0
5
22
22
1
2
18
0
18
6
1
2
14
5
1
76
 20%|██        | 17/85 [00:00<00:00, 106.59it/s]14
3
54
33
50
21
98
20
79
71
37
 33%|███▎      | 28/85 [00:00<00:01, 32.69it/s] 21
24
28
1
39
130
 40%|████      | 34/85 [00:00<00:01, 33.39it/s]18
92
114
47
60
 46%|████▌     | 39/85 [00:01<00:01, 24.52it/s]10
56
65
17
 51%|█████     | 43/85 [00:01<00:01, 25.73it/s]2
62
20
28
 55%|█████▌    | 47/85 [00:01<00:01, 26.52it/s]4
89
47
30
 60%|██████    | 51/85 [00:01<00:01, 22.49it/s]77
12
1
 64%|██████▎   | 54/85 [00:01<00:01, 22.56it/s]5
2
12
39
40
 69%|██████▉   | 59/85 [00:02<00:00, 26.71it/s]6
112
135
31
 74%|███████▍  | 63/85 [00:02<00:01, 21.60it/s]2
32
5
47
40
69
 81%|████████  | 69/85 [00:02<00:00, 26.63it/s]57
13
61
66
 86%|████████▌ | 73/85 [00:02<00:00, 27.56it/s]32
57
53
13
 91%|█████████ | 77/85 [00:02<00:00, 29.68it/s]0
11
9
4
0
14
3
56
100%|██████████| 85/85 [00:02<00:00, 30.62it/s]

DanmakuFactory 1.70 CLI Release by hkm (hkm@tikm.org)
https://github.com/hihkm/DanmakuFactory

Input file(s):
Number|Template     |TimeShift|FileName
     1|xml          |   0.000s|/storage/32426326/20250816/32426326-20250816-151426-200.all.clean.xml

Output file:
Format|FileName
   ass|/storage/32426326/20250816/32426326-20250816-151426-200.all.ass

Loading files...
Loading file "/storage/32426326/20250816/32426326-20250816-151426-200.all.clean.xml"

File Loading Complete.. Danmaku Pool: 5803

Sorting...

Writting file "/storage/32426326/20250816/32426326-20250816-151426-200.all.ass"...

Done!
