/webhook/venv/lib/python3.10/site-packages/danmaku_tools/danmaku_energy_map.py:24: DeprecationWarning: Please import `convolve` from the `scipy.ndimage` namespace; the `scipy.ndimage.filters` namespace is deprecated and will be removed in SciPy 2.0.0.
  from scipy.ndimage.filters import convolve
Building prefix dict from the default dictionary ...
Loading model from cache /tmp/jieba.cache
Loading model cost 0.432 seconds.
Prefix dict has been built successfully.
  0%|          | 0/92 [00:00<?, ?it/s]3
0
21
17
38
1
3
11
0
12
46
 12%|█▏        | 11/92 [00:00<00:00, 92.91it/s]16
0
14
0
0
17
48
41
47
61
 23%|██▎       | 21/92 [00:00<00:01, 55.85it/s]7
0
25
2
27
0
31
 30%|███       | 28/92 [00:00<00:01, 56.32it/s]1
56
77
6
11
82
6
 38%|███▊      | 35/92 [00:00<00:01, 40.69it/s]2
3
13
16
5
20
8
4
0
0
8
2
7
58
 53%|█████▎    | 49/92 [00:00<00:00, 58.19it/s]8
1
35
6
6
5
19
9
0
51
 64%|██████▍   | 59/92 [00:01<00:00, 63.73it/s]23
15
2
4
35
23
13
16
23
14
 75%|███████▌  | 69/92 [00:01<00:00, 71.62it/s]0
1
1
19
0
7
4
26
15
15
0
0
27
0
1
2
18
 93%|█████████▎| 86/92 [00:01<00:00, 94.58it/s]18
16
1
4
21
25
100%|██████████| 92/92 [00:01<00:00, 72.82it/s]

DanmakuFactory 1.70 CLI Release by hkm (hkm@tikm.org)
https://github.com/hihkm/DanmakuFactory

Input file(s):
Number|Template     |TimeShift|FileName
     1|xml          |   0.000s|/storage/32426326/20250802/32426326-20250802-160228-928.all.clean.xml

Output file:
Format|FileName
   ass|/storage/32426326/20250802/32426326-20250802-160228-928.all.ass

Loading files...
Loading file "/storage/32426326/20250802/32426326-20250802-160228-928.all.clean.xml"

File Loading Complete.. Danmaku Pool: 3120

Sorting...

Writting file "/storage/32426326/20250802/32426326-20250802-160228-928.all.ass"...

Done!
