/webhook/venv/lib/python3.10/site-packages/danmaku_tools/danmaku_energy_map.py:24: DeprecationWarning: Please import `convolve` from the `scipy.ndimage` namespace; the `scipy.ndimage.filters` namespace is deprecated and will be removed in SciPy 2.0.0.
  from scipy.ndimage.filters import convolve
Building prefix dict from the default dictionary ...
Loading model from cache /tmp/jieba.cache
Loading model cost 0.469 seconds.
Prefix dict has been built successfully.
  0%|          | 0/45 [00:00<?, ?it/s]75
27
30
  7%|▋         | 3/45 [00:00<00:01, 25.79it/s]63
9
56
 13%|█▎        | 6/45 [00:00<00:01, 25.37it/s]46
54
9
 20%|██        | 9/45 [00:00<00:01, 27.13it/s]0
1
48
6
13
46
33
 36%|███▌      | 16/45 [00:00<00:00, 41.36it/s]15
4
23
6
1
31
6
1
13
10
4
 60%|██████    | 27/45 [00:00<00:00, 63.38it/s]39
49
4
21
35
19
8
 76%|███████▌  | 34/45 [00:00<00:00, 60.29it/s]5
18
27
17
3
23
10
 91%|█████████ | 41/45 [00:00<00:00, 62.24it/s]21
29
10
50
100%|██████████| 45/45 [00:00<00:00, 52.74it/s]

DanmakuFactory 1.70 CLI Release by hkm (hkm@tikm.org)
https://github.com/hihkm/DanmakuFactory

Input file(s):
Number|Template     |TimeShift|FileName
     1|xml          |   0.000s|/storage/32426326/20260510/32426326-20260510-151333-997.all.clean.xml

Output file:
Format|FileName
   ass|/storage/32426326/20260510/32426326-20260510-151333-997.all.ass

Loading files...
Loading file "/storage/32426326/20260510/32426326-20260510-151333-997.all.clean.xml"

File Loading Complete.. Danmaku Pool: 2703

Sorting...

Writting file "/storage/32426326/20260510/32426326-20260510-151333-997.all.ass"...

Done!
