/webhook/venv/lib/python3.10/site-packages/danmaku_tools/danmaku_energy_map.py:24: DeprecationWarning: Please import `convolve` from the `scipy.ndimage` namespace; the `scipy.ndimage.filters` namespace is deprecated and will be removed in SciPy 2.0.0.
  from scipy.ndimage.filters import convolve
Building prefix dict from the default dictionary ...
Loading model from cache /tmp/jieba.cache
Loading model cost 0.430 seconds.
Prefix dict has been built successfully.
  0%|          | 0/100 [00:00<?, ?it/s]15
2
12
17
1
26
77
  7%|▋         | 7/100 [00:00<00:01, 63.77it/s]0
48
4
51
1
10
32
 14%|█▍        | 14/100 [00:00<00:01, 64.32it/s]55
1
20
33
35
17
4
 21%|██        | 21/100 [00:00<00:01, 56.34it/s]30
16
49
5
5
6
 27%|██▋       | 27/100 [00:00<00:01, 54.04it/s]24
12
38
2
69
119
 33%|███▎      | 33/100 [00:00<00:01, 44.81it/s]34
19
5
46
15
0
6
 40%|████      | 40/100 [00:00<00:01, 51.43it/s]30
66
47
27
17
62
 46%|████▌     | 46/100 [00:00<00:01, 43.34it/s]11
0
9
3
22
21
39
62
 54%|█████▍    | 54/100 [00:01<00:00, 47.73it/s]34
60
24
22
0
3
 60%|██████    | 60/100 [00:01<00:00, 49.50it/s]0
0
2
102
7
1
9
 67%|██████▋   | 67/100 [00:01<00:00, 53.95it/s]82
192
3
74
0
0
 73%|███████▎  | 73/100 [00:01<00:00, 35.50it/s]29
31
23
3
9
5
37
56
 81%|████████  | 81/100 [00:01<00:00, 39.34it/s]53
71
9
35
33
 86%|████████▌ | 86/100 [00:01<00:00, 36.64it/s]17
67
13
42
1
20
5
 93%|█████████▎| 93/100 [00:02<00:00, 42.94it/s]10
3
13
25
30
27
56
100%|██████████| 100/100 [00:02<00:00, 46.72it/s]

DanmakuFactory 1.70 CLI Release by hkm (hkm@tikm.org)
https://github.com/hihkm/DanmakuFactory

Input file(s):
Number|Template     |TimeShift|FileName
     1|xml          |   0.000s|/storage/32426326/20250818/32426326-20250818-133158-448.all.clean.xml

Output file:
Format|FileName
   ass|/storage/32426326/20250818/32426326-20250818-133158-448.all.ass

Loading files...
Loading file "/storage/32426326/20250818/32426326-20250818-133158-448.all.clean.xml"

File Loading Complete.. Danmaku Pool: 6595

Sorting...

Writting file "/storage/32426326/20250818/32426326-20250818-133158-448.all.ass"...

Done!
