/webhook/venv/lib/python3.10/site-packages/danmaku_tools/danmaku_energy_map.py:24: DeprecationWarning: Please import `convolve` from the `scipy.ndimage` namespace; the `scipy.ndimage.filters` namespace is deprecated and will be removed in SciPy 2.0.0.
  from scipy.ndimage.filters import convolve
Building prefix dict from the default dictionary ...
Loading model from cache /tmp/jieba.cache
Loading model cost 0.700 seconds.
Prefix dict has been built successfully.
  0%|          | 0/69 [00:00<?, ?it/s]189
  1%|▏         | 1/69 [00:00<00:22,  3.01it/s]19
151
  4%|▍         | 3/69 [00:00<00:12,  5.30it/s]51
4
22
22
 10%|█         | 7/69 [00:00<00:04, 12.48it/s]1
8
3
9
56
28
 19%|█▉        | 13/69 [00:00<00:02, 23.25it/s]50
4
11
2
 25%|██▍       | 17/69 [00:00<00:02, 25.98it/s]2
69
3
30
16
13
 33%|███▎      | 23/69 [00:01<00:01, 30.98it/s]2
13
126
38
 39%|███▉      | 27/69 [00:01<00:01, 23.45it/s]48
22
79
 43%|████▎     | 30/69 [00:01<00:01, 23.51it/s]3
8
67
4
2
49
 52%|█████▏    | 36/69 [00:01<00:01, 30.07it/s]1
4
5
1
17
11
2
0
16
0
8
0
13
2
11
2
43
 77%|███████▋  | 53/69 [00:01<00:00, 58.27it/s]58
9
2
20
35
4
1
 87%|████████▋ | 60/69 [00:02<00:00, 35.73it/s]13
30
1
24
17
10
0
2
37
100%|██████████| 69/69 [00:02<00:00, 43.80it/s]100%|██████████| 69/69 [00:02<00:00, 30.64it/s]

DanmakuFactory 1.70 CLI Release by hkm (hkm@tikm.org)
https://github.com/hihkm/DanmakuFactory

Input file(s):
Number|Template     |TimeShift|FileName
     1|xml          |   0.000s|/storage/32426326/20260224/32426326-20260224-174016-507.all.clean.xml

Output file:
Format|FileName
   ass|/storage/32426326/20260224/32426326-20260224-174016-507.all.ass

Loading files...
Loading file "/storage/32426326/20260224/32426326-20260224-174016-507.all.clean.xml"

File Loading Complete.. Danmaku Pool: 4528

Sorting...

Writting file "/storage/32426326/20260224/32426326-20260224-174016-507.all.ass"...

Done!
