/webhook/venv/lib/python3.10/site-packages/danmaku_tools/danmaku_energy_map.py:24: DeprecationWarning: Please import `convolve` from the `scipy.ndimage` namespace; the `scipy.ndimage.filters` namespace is deprecated and will be removed in SciPy 2.0.0.
  from scipy.ndimage.filters import convolve
Building prefix dict from the default dictionary ...
Loading model from cache /tmp/jieba.cache
Loading model cost 0.438 seconds.
Prefix dict has been built successfully.
  0%|          | 0/85 [00:00<?, ?it/s]5
3
3
25
67
0
37
36
  9%|▉         | 8/85 [00:00<00:01, 63.39it/s]11
12
86
0
38
7
9
 18%|█▊        | 15/85 [00:00<00:01, 36.67it/s]45
128
1
8
10
 24%|██▎       | 20/85 [00:00<00:02, 28.15it/s]19
14
122
1
 28%|██▊       | 24/85 [00:00<00:01, 30.82it/s]54
7
49
2
 33%|███▎      | 28/85 [00:00<00:01, 29.72it/s]104
100
17
204
 38%|███▊      | 32/85 [00:01<00:03, 16.41it/s]66
28
51
 41%|████      | 35/85 [00:01<00:02, 16.74it/s]62
6
17
1
36
33
 48%|████▊     | 41/85 [00:01<00:01, 22.08it/s]21
4
8
17
1
12
33
8
5
 59%|█████▉    | 50/85 [00:01<00:01, 33.86it/s]5
12
0
10
13
48
 66%|██████▌   | 56/85 [00:01<00:00, 37.59it/s]41
4
0
9
14
6
41
1
 75%|███████▌  | 64/85 [00:02<00:00, 46.47it/s]28
25
4
0
11
3
10
5
54
 86%|████████▌ | 73/85 [00:02<00:00, 53.52it/s]14
1
81
93
28
1
35
 94%|█████████▍| 80/85 [00:02<00:00, 46.89it/s]22
5
18
1
44
100%|██████████| 85/85 [00:02<00:00, 35.21it/s]

DanmakuFactory 1.70 CLI Release by hkm (hkm@tikm.org)
https://github.com/hihkm/DanmakuFactory

Input file(s):
Number|Template     |TimeShift|FileName
     1|xml          |   0.000s|/storage/32426326/20250918/32426326-20250918-141201-795.all.clean.xml

Output file:
Format|FileName
   ass|/storage/32426326/20250918/32426326-20250918-141201-795.all.ass

Loading files...
Loading file "/storage/32426326/20250918/32426326-20250918-141201-795.all.clean.xml"

File Loading Complete.. Danmaku Pool: 5108

Sorting...

Writting file "/storage/32426326/20250918/32426326-20250918-141201-795.all.ass"...

Done!
